<html>
<body>
<pre>
<h1>µVision Build Log</h1>
<h2>Tool Versions:</h2>
IDE-Version: µVision V5.36.0.0
Copyright (C) 2021 ARM Ltd and ARM Germany GmbH. All rights reserved.
License Information: Youssef Abdelkader, ASU, LIC=----
 
Tool Versions:
Toolchain:       MDK-Lite  Version: 5.36.0.0
Toolchain Path:  C:\Keil_v5\ARM\ARMCLANG\Bin
C Compiler:      ArmClang.exe V6.16
Assembler:       Armasm.exe V6.16
Linker/Locator:  ArmLink.exe V6.16
Library Manager: ArmAr.exe V6.16
Hex Converter:   FromElf.exe V6.16
CPU DLL:         SARMCM3.DLL V5.36.0.0
Dialog DLL:      DCM.DLL V1.17.3.0
Target DLL:      lmidk-agdi.dll V???
Dialog DLL:      TCM.DLL V1.53.0.0
 
<h2>Project:</h2>
E:\Senior-1\SecondSemester\Embedded\2nd Semester\Embedded_Project\FreeRTOS_Lab3.uvprojx
Project File Date:  06/03/2022

<h2>Output:</h2>
*** Using Compiler 'V6.16', folder: 'C:\Keil_v5\ARM\ARMCLANG\Bin'
Build target 'Target 1'
main.c(20): warning: In file included from...
./ADC.h(8): warning: no newline at end of file [-Wnewline-eof]
uint32_t ADC_read(void);
                        ^
main.c(82): warning: implicit conversion loses integer precision: 'int' to 'uint8_t' (aka 'unsigned char') [-Wimplicit-int-conversion]
                 (~val));
                  ^~~~
main.c(90): warning: implicit conversion loses integer precision: 'int' to 'uint8_t' (aka 'unsigned char') [-Wimplicit-int-conversion]
                 (~val));
                  ^~~~
main.c(145): warning: implicit conversion loses integer precision: 'int' to 'unsigned char' [-Wimplicit-int-conversion]
Temperature = (int) mV;
            ~ ^~~~~~~~
main.c(116): warning: unused parameter 'pvParameters' [-Wunused-parameter]
void Task1 (void *pvParameters){
                  ^
main.c(116): warning: function 'Task1' could be declared with attribute 'noreturn' [-Wmissing-noreturn]
void Task1 (void *pvParameters){
                               ^
main.c(185): warning: implicit conversion loses integer precision: 'unsigned int' to 'uint16_t' (aka 'unsigned short') [-Wimplicit-int-conversion]
Total = 10*Total + N;   // Total number
      ~ ~~~~~~~~~^~~
main.c(167): warning: unused parameter 'pvParameters' [-Wunused-parameter]
void Task2 (void *pvParameters)
                  ^
main.c(168): warning: function 'Task2' could be declared with attribute 'noreturn' [-Wmissing-noreturn]
{
^
main.c(194): warning: unused parameter 'pvParameters' [-Wunused-parameter]
void Task3 (void *pvParameters){
                  ^
main.c(194): warning: function 'Task3' could be declared with attribute 'noreturn' [-Wmissing-noreturn]
void Task3 (void *pvParameters){
                               ^
main.c(214): warning: unused parameter 'pvParameters' [-Wunused-parameter]
void Task4 (void *pvParameters){
                  ^
main.c(214): warning: function 'Task4' could be declared with attribute 'noreturn' [-Wmissing-noreturn]
void Task4 (void *pvParameters){
                               ^
main.c(262): warning: no newline at end of file [-Wnewline-eof]
        }
         ^
main.c(35): warning: no previous extern declaration for non-static variable 'XUARTQueue' [-Wmissing-variable-declarations]
xQueueHandle XUARTQueue;
             ^
main.c(35): note: declare 'static' if the variable is not intended to be used outside of this translation unit
xQueueHandle XUARTQueue;
^
C:/Users/youss/AppData/Local/Arm/Packs/ARM/CMSIS-FreeRTOS/10.4.6/Source/include\FreeRTOS.h(1003): note: expanded from macro 'xQueueHandle'
    #define xQueueHandle                  QueueHandle_t
                                          ^
main.c(36): warning: no previous extern declaration for non-static variable 'XLCDQueue' [-Wmissing-variable-declarations]
xQueueHandle XLCDQueue;
             ^
main.c(36): note: declare 'static' if the variable is not intended to be used outside of this translation unit
xQueueHandle XLCDQueue;
^
C:/Users/youss/AppData/Local/Arm/Packs/ARM/CMSIS-FreeRTOS/10.4.6/Source/include\FreeRTOS.h(1003): note: expanded from macro 'xQueueHandle'
    #define xQueueHandle                  QueueHandle_t
                                          ^
main.c(37): warning: no previous extern declaration for non-static variable 'xBuzzerQueue' [-Wmissing-variable-declarations]
xQueueHandle xBuzzerQueue;
             ^
main.c(37): note: declare 'static' if the variable is not intended to be used outside of this translation unit
xQueueHandle xBuzzerQueue;
^
C:/Users/youss/AppData/Local/Arm/Packs/ARM/CMSIS-FreeRTOS/10.4.6/Source/include\FreeRTOS.h(1003): note: expanded from macro 'xQueueHandle'
    #define xQueueHandle                  QueueHandle_t
                                          ^
17 warnings generated.
compiling main.c...
linking...
.\Objects\FreeRTOS_Lab3.axf: Warning: L3910W: Old syntax, please use '--entry'.
Program Size: Code=10738 RO-data=678 RW-data=8 ZI-data=4968  
Finished: 0 information, 1 warning and 0 error messages.
".\Objects\FreeRTOS_Lab3.axf" - 0 Error(s), 18 Warning(s).

<h2>Software Packages used:</h2>

Package Vendor: ARM
                http://www.keil.com/pack/ARM.CMSIS.5.8.0.pack
                ARM.CMSIS.5.8.0
                CMSIS (Common Microcontroller Software Interface Standard)
   * Component: CORE Version: 5.5.0

Package Vendor: ARM
                http://www.keil.com/pack/ARM.CMSIS-FreeRTOS.10.4.6.pack
                ARM.CMSIS-FreeRTOS.10.4.6
                Bundle of FreeRTOS for Cortex-M and Cortex-A
   * Component: Config Variant: FreeRTOS Version: 10.4.6
   * Component: Core Variant: Cortex-M Version: 10.4.6
   * Component: Heap Variant: Heap_1 Version: 10.4.6
   * Component: Timers Version: 10.4.6

Package Vendor: Keil
                http://www.keil.com/pack/Keil.TM4C_DFP.1.1.0.pack
                Keil.TM4C_DFP.1.1.0
                Texas Instruments Tiva C Series Device Support and Examples
   * Component: Startup Version: 1.0.1

<h2>Collection of Component include folders:</h2>
  .\RTE\RTOS
  .\RTE\_Target_1
  C:\Users\youss\AppData\Local\Arm\Packs\ARM\CMSIS-FreeRTOS\10.4.6\CMSIS\RTOS2\FreeRTOS\Include
  C:\Users\youss\AppData\Local\Arm\Packs\ARM\CMSIS-FreeRTOS\10.4.6\Source\include
  C:\Users\youss\AppData\Local\Arm\Packs\ARM\CMSIS-FreeRTOS\10.4.6\Source\portable\GCC\ARM_CM4F
  C:\Users\youss\AppData\Local\Arm\Packs\ARM\CMSIS\5.8.0\CMSIS\Core\Include
  C:\Users\youss\AppData\Local\Arm\Packs\Keil\TM4C_DFP\1.1.0\Device\Include\TM4C123

<h2>Collection of Component Files used:</h2>

   * Component: ARM.FreeRTOS::RTOS:Config:FreeRTOS:10.4.6
      Include file:  Config\ARMCM\FreeRTOSConfig.h

   * Component: ARM.FreeRTOS::RTOS:Core:Cortex-M:10.4.6
      Include file:  Source\include\semphr.h
      Source file:   Source\queue.c
      Include file:  Source\include\queue.h
      Include file:  Source\include\task.h
      Source file:   Source\list.c
      Source file:   Source\tasks.c
      Include file:  Source\include\FreeRTOS.h
      Source file:   Source\portable\GCC\ARM_CM4F\port.c
      Source file:   CMSIS\RTOS2\FreeRTOS\Source\freertos_evr.c

   * Component: ARM.FreeRTOS::RTOS:Heap:Heap_1:10.4.6
      Source file:   Source\portable\MemMang\heap_1.c

   * Component: ARM.FreeRTOS::RTOS:Timers:10.4.6
      Include file:  Source\include\timers.h
      Source file:   Source\timers.c

   * Component: ARM::CMSIS:CORE:5.5.0

   * Component: Keil::Device:Startup:1.0.1
      Source file:   Device\Source\ARM\startup_TM4C123.s
      Source file:   Device\Source\system_TM4C123.c
      Include file:  Device\Include\TM4C123\TM4C123.h
Build Time Elapsed:  00:00:00
</pre>
</body>
</html>
