Component: ARM Compiler 6.16 Tool: armlink [5dfeaa00]

==============================================================================

Section Cross References

    main.o(.text.InitTask) refers to sysctl.o(i.SysCtlPeripheralEnable) for SysCtlPeripheralEnable
    main.o(.text.InitTask) refers to sysctl.o(i.SysCtlPeripheralReady) for SysCtlPeripheralReady
    main.o(.text.InitTask) refers to gpio.o(i.GPIOPinTypeGPIOOutput) for GPIOPinTypeGPIOOutput
    main.o(.ARM.exidx.text.InitTask) refers to main.o(.text.InitTask) for [Anonymous Symbol]
    main.o(.text.Toggle_Heater_LED) refers to gpio.o(i.GPIOPinRead) for GPIOPinRead
    main.o(.text.Toggle_Heater_LED) refers to gpio.o(i.GPIOPinWrite) for GPIOPinWrite
    main.o(.ARM.exidx.text.Toggle_Heater_LED) refers to main.o(.text.Toggle_Heater_LED) for [Anonymous Symbol]
    main.o(.text.Toggle_Buzzer_LED) refers to gpio.o(i.GPIOPinRead) for GPIOPinRead
    main.o(.text.Toggle_Buzzer_LED) refers to gpio.o(i.GPIOPinWrite) for GPIOPinWrite
    main.o(.ARM.exidx.text.Toggle_Buzzer_LED) refers to main.o(.text.Toggle_Buzzer_LED) for [Anonymous Symbol]
    main.o(.text.ByteToStr) refers to printf1.o(i.__0sprintf$1) for __2sprintf
    main.o(.ARM.exidx.text.ByteToStr) refers to main.o(.text.ByteToStr) for [Anonymous Symbol]
    main.o(.text.UART_Write_Text) refers to strlen.o(.text) for strlen
    main.o(.ARM.exidx.text.UART_Write_Text) refers to main.o(.text.UART_Write_Text) for [Anonymous Symbol]
    main.o(.ARM.exidx.text.UART_Write) refers to main.o(.text.UART_Write) for [Anonymous Symbol]
    main.o(.ARM.exidx.text.UART_Read) refers to main.o(.text.UART_Read) for [Anonymous Symbol]
    main.o(.text.Task1) refers to adc.o(.text.ADC_init) for ADC_init
    main.o(.text.Task1) refers to main.o(.bss.XLCDQueue) for XLCDQueue
    main.o(.text.Task1) refers to main.o(.bss.xBuzzerQueue) for xBuzzerQueue
    main.o(.text.Task1) refers to main.o(.text.Toggle_Buzzer_LED) for Toggle_Buzzer_LED
    main.o(.text.Task1) refers to main.o(.text.ByteToStr) for ByteToStr
    main.o(.text.Task1) refers to queue.o(.text.xQueueGenericSend) for xQueueGenericSend
    main.o(.text.Task1) refers to main.o(.bss.XUARTQueue) for XUARTQueue
    main.o(.text.Task1) refers to queue.o(.text.xQueueReceive) for xQueueReceive
    main.o(.text.Task1) refers to adc.o(.text.ADC_read) for ADC_read
    main.o(.text.Task1) refers to main.o(.text.Toggle_Heater_LED) for Toggle_Heater_LED
    main.o(.ARM.exidx.text.Task1) refers to main.o(.text.Task1) for [Anonymous Symbol]
    main.o(.text.Task2) refers to main.o(.bss.XUARTQueue) for XUARTQueue
    main.o(.text.Task2) refers to queue.o(.text.xQueueGenericSend) for xQueueGenericSend
    main.o(.text.Task2) refers to main.o(.text.UART_Write_Text) for UART_Write_Text
    main.o(.text.Task2) refers to main.o(.text.UART_Read) for UART_Read
    main.o(.text.Task2) refers to main.o(.text.UART_Write) for UART_Write
    main.o(.ARM.exidx.text.Task2) refers to main.o(.text.Task2) for [Anonymous Symbol]
    main.o(.text.Task3) refers to lcd.o(.text.LCD_init) for LCD_init
    main.o(.text.Task3) refers to lcd.o(.text.LCD_Clear) for LCD_Clear
    main.o(.text.Task3) refers to lcd.o(.text.LCD_Command) for LCD_Command
    main.o(.text.Task3) refers to main.o(.bss.XLCDQueue) for XLCDQueue
    main.o(.text.Task3) refers to main.o(.rodata.str1.1) for .L.str.3
    main.o(.text.Task3) refers to queue.o(.text.xQueueReceive) for xQueueReceive
    main.o(.text.Task3) refers to strcat.o(.text) for strcat
    main.o(.text.Task3) refers to lcd.o(.text.LCD_Print) for LCD_Print
    main.o(.text.Task3) refers to tasks.o(.text.vTaskDelay) for vTaskDelay
    main.o(.ARM.exidx.text.Task3) refers to main.o(.text.Task3) for [Anonymous Symbol]
    main.o(.text.Task4) refers to main.o(.bss.xBuzzerQueue) for xBuzzerQueue
    main.o(.text.Task4) refers to queue.o(.text.xQueueReceive) for xQueueReceive
    main.o(.text.Task4) refers to main.o(.text.Toggle_Buzzer_LED) for Toggle_Buzzer_LED
    main.o(.ARM.exidx.text.Task4) refers to main.o(.text.Task4) for [Anonymous Symbol]
    main.o(.text.main) refers to main.o(.text.InitTask) for InitTask
    main.o(.text.main) refers to queue.o(.text.xQueueGenericCreate) for xQueueGenericCreate
    main.o(.text.main) refers to main.o(.bss.XUARTQueue) for XUARTQueue
    main.o(.text.main) refers to main.o(.bss.XLCDQueue) for XLCDQueue
    main.o(.text.main) refers to main.o(.bss.xBuzzerQueue) for xBuzzerQueue
    main.o(.text.main) refers to main.o(.text.Task1) for Task1
    main.o(.text.main) refers to tasks.o(.text.xTaskCreate) for xTaskCreate
    main.o(.text.main) refers to main.o(.text.Task2) for Task2
    main.o(.text.main) refers to main.o(.text.Task3) for Task3
    main.o(.text.main) refers to main.o(.text.Task4) for Task4
    main.o(.text.main) refers to tasks.o(.text.vTaskStartScheduler) for vTaskStartScheduler
[...]
    Removing timers.o(.text.vTimerSetReloadMode), (58 bytes).
    Removing timers.o(.ARM.exidx.text.vTimerSetReloadMode), (8 bytes).
    Removing timers.o(.text.uxTimerGetReloadMode), (46 bytes).
    Removing timers.o(.ARM.exidx.text.uxTimerGetReloadMode), (8 bytes).
    Removing timers.o(.text.xTimerGetExpiryTime), (26 bytes).
    Removing timers.o(.ARM.exidx.text.xTimerGetExpiryTime), (8 bytes).
    Removing timers.o(.text.pcTimerGetName), (26 bytes).
    Removing timers.o(.ARM.exidx.text.pcTimerGetName), (8 bytes).
    Removing timers.o(.text.xTimerIsTimerActive), (46 bytes).
    Removing timers.o(.ARM.exidx.text.xTimerIsTimerActive), (8 bytes).
    Removing timers.o(.text.pvTimerGetTimerID), (38 bytes).
    Removing timers.o(.ARM.exidx.text.pvTimerGetTimerID), (8 bytes).
    Removing timers.o(.text.vTimerSetTimerID), (38 bytes).
    Removing timers.o(.ARM.exidx.text.vTimerSetTimerID), (8 bytes).
    Removing timers.o(.text.xTimerPendFunctionCallFromISR), (42 bytes).
    Removing timers.o(.ARM.exidx.text.xTimerPendFunctionCallFromISR), (8 bytes).
    Removing timers.o(.text.xTimerPendFunctionCall), (70 bytes).
    Removing timers.o(.ARM.exidx.text.xTimerPendFunctionCall), (8 bytes).
    Removing timers.o(.text.uxTimerGetTimerNumber), (4 bytes).
    Removing timers.o(.ARM.exidx.text.uxTimerGetTimerNumber), (8 bytes).
    Removing timers.o(.text.vTimerSetTimerNumber), (4 bytes).
    Removing timers.o(.ARM.exidx.text.vTimerSetTimerNumber), (8 bytes).
    Removing timers.o(.ARM.exidx.text.prvGetNextExpireTime), (8 bytes).
    Removing timers.o(.ARM.exidx.text.prvProcessTimerOrBlockTask), (8 bytes).
    Removing timers.o(.ARM.exidx.text.prvProcessReceivedCommands), (8 bytes).
    Removing timers.o(.ARM.exidx.text.prvSampleTimeNow), (8 bytes).
    Removing timers.o(.ARM.exidx.text.prvProcessExpiredTimer), (8 bytes).
    Removing timers.o(.ARM.exidx.text.prvSwitchTimerLists), (8 bytes).
    Removing timers.o(.ARM.exidx.text.prvReloadTimer), (8 bytes).
    Removing timers.o(.ARM.exidx.text.prvInsertTimerInActiveList), (8 bytes).
    Removing gpio.o(i.GPIOADCTriggerDisable), (14 bytes).
    Removing gpio.o(i.GPIOADCTriggerEnable), (12 bytes).
    Removing gpio.o(i.GPIODMATriggerDisable), (14 bytes).
    Removing gpio.o(i.GPIODMATriggerEnable), (12 bytes).
    Removing gpio.o(i.GPIODirModeGet), (34 bytes).
    Removing gpio.o(i.GPIOIntClear), (6 bytes).
    Removing gpio.o(i.GPIOIntDisable), (14 bytes).
    Removing gpio.o(i.GPIOIntEnable), (12 bytes).
    Removing gpio.o(i.GPIOIntRegister), (26 bytes).
    Removing gpio.o(i.GPIOIntRegisterPin), (30 bytes).
    Removing gpio.o(i.GPIOIntStatus), (14 bytes).
    Removing gpio.o(i.GPIOIntTypeGet), (70 bytes).
    Removing gpio.o(i.GPIOIntTypeSet), (80 bytes).
    Removing gpio.o(i.GPIOIntUnregister), (22 bytes).
    Removing gpio.o(i.GPIOIntUnregisterPin), (26 bytes).
    Removing gpio.o(i.GPIOPadConfigGet), (248 bytes).
    Removing gpio.o(i.GPIOPinConfigure), (68 bytes).
    Removing gpio.o(i.GPIOPinTypeADC), (28 bytes).
    Removing gpio.o(i.GPIOPinTypeCAN), (28 bytes).
    Removing gpio.o(i.GPIOPinTypeComparator), (28 bytes).
    Removing gpio.o(i.GPIOPinTypeComparatorOutput), (28 bytes).
    Removing gpio.o(i.GPIOPinTypeDIVSCLK), (28 bytes).
    Removing gpio.o(i.GPIOPinTypeEPI), (28 bytes).
    Removing gpio.o(i.GPIOPinTypeEthernetLED), (28 bytes).
    Removing gpio.o(i.GPIOPinTypeEthernetMII), (28 bytes).
    Removing gpio.o(i.GPIOPinTypeGPIOInput), (28 bytes).
    Removing gpio.o(i.GPIOPinTypeGPIOOutputOD), (28 bytes).
    Removing gpio.o(i.GPIOPinTypeHibernateRTCCLK), (28 bytes).
    Removing gpio.o(i.GPIOPinTypeI2C), (28 bytes).
    Removing gpio.o(i.GPIOPinTypeI2CSCL), (28 bytes).
    Removing gpio.o(i.GPIOPinTypeLCD), (28 bytes).
    Removing gpio.o(i.GPIOPinTypeOneWire), (28 bytes).
    Removing gpio.o(i.GPIOPinTypePWM), (28 bytes).
    Removing gpio.o(i.GPIOPinTypeQEI), (28 bytes).
    Removing gpio.o(i.GPIOPinTypeSSI), (28 bytes).
    Removing gpio.o(i.GPIOPinTypeTimer), (28 bytes).
    Removing gpio.o(i.GPIOPinTypeTrace), (28 bytes).
    Removing gpio.o(i.GPIOPinTypeUART), (28 bytes).
    Removing gpio.o(i.GPIOPinTypeUSBAnalog), (28 bytes).
    Removing gpio.o(i.GPIOPinTypeUSBDigital), (28 bytes).
    Removing gpio.o(i.GPIOPinTypeWakeHigh), (30 bytes).
    Removing gpio.o(i.GPIOPinTypeWakeLow), (30 bytes).
    Removing gpio.o(i.GPIOPinWakeStatus), (6 bytes).
    Removing gpio.o(i.GPIOUnlockPin), (24 bytes).
    Removing gpio.o(i._GPIOIntNumberGet), (80 bytes).
    Removing gpio.o(.constdata), (552 bytes).
    Removing sysctl.o(i.SysCtlAltClkConfig), (12 bytes).
    Removing sysctl.o(i.SysCtlClockFreqSet), (740 bytes).
    Removing sysctl.o(i.SysCtlClockGet), (340 bytes).
    Removing sysctl.o(i.SysCtlClockOutConfig), (20 bytes).
    Removing sysctl.o(i.SysCtlClockSet), (288 bytes).
    Removing sysctl.o(i.SysCtlDeepSleep), (32 bytes).
    Removing sysctl.o(i.SysCtlDeepSleepClockConfigSet), (112 bytes).
    Removing sysctl.o(i.SysCtlDeepSleepClockSet), (12 bytes).
    Removing sysctl.o(i.SysCtlDeepSleepPowerSet), (12 bytes).
    Removing sysctl.o(i.SysCtlFlashSectorSizeGet), (56 bytes).
    Removing sysctl.o(i.SysCtlFlashSizeGet), (56 bytes).
    Removing sysctl.o(i.SysCtlGPIOAHBDisable), (28 bytes).
    Removing sysctl.o(i.SysCtlGPIOAHBEnable), (24 bytes).
    Removing sysctl.o(i.SysCtlIntClear), (12 bytes).
    Removing sysctl.o(i.SysCtlIntDisable), (16 bytes).
    Removing sysctl.o(i.SysCtlIntEnable), (16 bytes).
    Removing sysctl.o(i.SysCtlIntRegister), (20 bytes).
    Removing sysctl.o(i.SysCtlIntStatus), (16 bytes).
    Removing sysctl.o(i.SysCtlIntUnregister), (18 bytes).
    Removing sysctl.o(i.SysCtlLDODeepSleepGet), (12 bytes).
    Removing sysctl.o(i.SysCtlLDODeepSleepSet), (12 bytes).
    Removing sysctl.o(i.SysCtlLDOSleepGet), (12 bytes).
    Removing sysctl.o(i.SysCtlLDOSleepSet), (12 bytes).
    Removing sysctl.o(i.SysCtlMOSCConfigSet), (12 bytes).
    Removing sysctl.o(i.SysCtlNMIClear), (16 bytes).
    Removing sysctl.o(i.SysCtlNMIStatus), (12 bytes).
    Removing sysctl.o(i.SysCtlPIOSCCalibrate), (76 bytes).
    Removing sysctl.o(i.SysCtlPWMClockGet), (24 bytes).
    Removing sysctl.o(i.SysCtlPWMClockSet), (20 bytes).
    Removing sysctl.o(i.SysCtlPeripheralClockGating), (68 bytes).
    Removing sysctl.o(i.SysCtlPeripheralDeepSleepDisable), (40 bytes).
    Removing sysctl.o(i.SysCtlPeripheralDeepSleepEnable), (40 bytes).
    Removing sysctl.o(i.SysCtlPeripheralDisable), (40 bytes).
    Removing sysctl.o(i.SysCtlPeripheralPowerOff), (40 bytes).
    Removing sysctl.o(i.SysCtlPeripheralPowerOn), (40 bytes).
    Removing sysctl.o(i.SysCtlPeripheralPresent), (44 bytes).
    Removing sysctl.o(i.SysCtlPeripheralReset), (60 bytes).
    Removing sysctl.o(i.SysCtlPeripheralSleepDisable), (40 bytes).
    Removing sysctl.o(i.SysCtlPeripheralSleepEnable), (40 bytes).
    Removing sysctl.o(i.SysCtlReset), (16 bytes).
    Removing sysctl.o(i.SysCtlResetBehaviorGet), (12 bytes).
    Removing sysctl.o(i.SysCtlResetBehaviorSet), (12 bytes).
    Removing sysctl.o(i.SysCtlResetCauseClear), (16 bytes).
    Removing sysctl.o(i.SysCtlResetCauseGet), (12 bytes).
    Removing sysctl.o(i.SysCtlSRAMSizeGet), (16 bytes).
    Removing sysctl.o(i.SysCtlSleep), (4 bytes).
    Removing sysctl.o(i.SysCtlSleepPowerSet), (12 bytes).
    Removing sysctl.o(i.SysCtlUSBPLLDisable), (16 bytes).
    Removing sysctl.o(i.SysCtlUSBPLLEnable), (16 bytes).
    Removing sysctl.o(i.SysCtlVCOGet), (120 bytes).
    Removing sysctl.o(i.SysCtlVoltageEventClear), (16 bytes).
    Removing sysctl.o(i.SysCtlVoltageEventConfig), (12 bytes).
    Removing sysctl.o(i.SysCtlVoltageEventStatus), (12 bytes).
    Removing sysctl.o(.constdata), (596 bytes).
    Removing cpu.o(.emb_text), (38 bytes).
    Removing interrupt.o(i.IntDisable), (100 bytes).
    Removing interrupt.o(i.IntEnable), (100 bytes).
    Removing interrupt.o(i.IntIsEnabled), (96 bytes).
    Removing interrupt.o(i.IntMasterDisable), (14 bytes).
    Removing interrupt.o(i.IntMasterEnable), (14 bytes).
    Removing interrupt.o(i.IntPendClear), (68 bytes).
    Removing interrupt.o(i.IntPendSet), (84 bytes).
    Removing interrupt.o(i.IntPriorityGet), (28 bytes).
    Removing interrupt.o(i.IntPriorityGroupingGet), (36 bytes).
    Removing interrupt.o(i.IntPriorityGroupingSet), (28 bytes).
    Removing interrupt.o(i.IntPriorityMaskGet), (4 bytes).
    Removing interrupt.o(i.IntPriorityMaskSet), (4 bytes).
    Removing interrupt.o(i.IntPrioritySet), (40 bytes).
    Removing interrupt.o(i.IntRegister), (52 bytes).
    Removing interrupt.o(i.IntTrigger), (12 bytes).
    Removing interrupt.o(i.IntUnregister), (20 bytes).
    Removing interrupt.o(i._IntDefaultHandler), (2 bytes).
    Removing interrupt.o(.constdata), (268 bytes).
    Removing interrupt.o(vtable), (620 bytes).
    Removing dadd.o(.text), (334 bytes).
    Removing dmul.o(.text), (228 bytes).
    Removing ddiv.o(.text), (222 bytes).
    Removing dfixul.o(.text), (48 bytes).
    Removing cdrcmple.o(.text), (48 bytes).
    Removing depilogue.o(.text), (186 bytes).

415 unused section(s) (total 18334 bytes) removed from the image.

==============================================================================

Image Symbol Table

    Local Symbols

    Symbol Name                              Value     Ov Type        Size  Object(Section)

    ../clib/division.s                       0x00000000   Number         0  aeabi_sdiv.o ABSOLUTE
    ../clib/microlib/division.c              0x00000000   Number         0  uidiv.o ABSOLUTE
    ../clib/microlib/division.c              0x00000000   Number         0  uldiv.o ABSOLUTE
    ../clib/microlib/init/entry.s            0x00000000   Number         0  entry.o ABSOLUTE
    ../clib/microlib/init/entry.s            0x00000000   Number         0  entry2.o ABSOLUTE
    ../clib/microlib/init/entry.s            0x00000000   Number         0  entry5.o ABSOLUTE
    ../clib/microlib/init/entry.s            0x00000000   Number         0  entry7a.o ABSOLUTE
    ../clib/microlib/init/entry.s            0x00000000   Number         0  entry7b.o ABSOLUTE
    ../clib/microlib/init/entry.s            0x00000000   Number         0  entry8a.o ABSOLUTE
    ../clib/microlib/init/entry.s            0x00000000   Number         0  entry8b.o ABSOLUTE
    ../clib/microlib/init/entry.s            0x00000000   Number         0  entry9a.o ABSOLUTE
    ../clib/microlib/init/entry.s            0x00000000   Number         0  entry9b.o ABSOLUTE
    ../clib/microlib/init/entry.s            0x00000000   Number         0  entry10a.o ABSOLUTE
    ../clib/microlib/init/entry.s            0x00000000   Number         0  entry10b.o ABSOLUTE
    ../clib/microlib/init/entry.s            0x00000000   Number         0  entry11a.o ABSOLUTE
    ../clib/microlib/init/entry.s            0x00000000   Number         0  entry11b.o ABSOLUTE
    ../clib/microlib/longlong.c              0x00000000   Number         0  llshl.o ABSOLUTE
    ../clib/microlib/longlong.c              0x00000000   Number         0  llushr.o ABSOLUTE
    ../clib/microlib/longlong.c              0x00000000   Number         0  llsshr.o ABSOLUTE
    ../clib/microlib/printf/printf.c         0x00000000   Number         0  printfb.o ABSOLUTE
    ../clib/microlib/printf/printf.c         0x00000000   Number         0  printf0.o ABSOLUTE
    ../clib/microlib/printf/printf.c         0x00000000   Number         0  printf1.o ABSOLUTE
    ../clib/microlib/printf/printf.c         0x00000000   Number         0  printf2.o ABSOLUTE
    ../clib/microlib/printf/printf.c         0x00000000   Number         0  printf3.o ABSOLUTE
    ../clib/microlib/printf/printf.c         0x00000000   Number         0  printf4.o ABSOLUTE
    ../clib/microlib/printf/printf.c         0x00000000   Number         0  printf5.o ABSOLUTE
    ../clib/microlib/printf/printf.c         0x00000000   Number         0  printf6.o ABSOLUTE
    ../clib/microlib/printf/printf.c         0x00000000   Number         0  printf7.o ABSOLUTE
    ../clib/microlib/printf/printf.c         0x00000000   Number         0  printf8.o ABSOLUTE
    ../clib/microlib/printf/printf.c         0x00000000   Number         0  printfa.o ABSOLUTE
    ../clib/microlib/printf/stubs.s          0x00000000   Number         0  printfstubs.o ABSOLUTE
    ../clib/microlib/stdio/fputc.c           0x00000000   Number         0  fputc.o ABSOLUTE
    ../clib/microlib/stdio/fputc.c           0x00000000   Number         0  fputc_h.o ABSOLUTE
    ../clib/microlib/stdio/semi.s            0x00000000   Number         0  semi.o ABSOLUTE
    ../clib/microlib/stdio/streams.c         0x00000000   Number         0  stdout.o ABSOLUTE
    ../clib/microlib/string/memcpy.c         0x00000000   Number         0  memcpya.o ABSOLUTE
    ../clib/microlib/string/memcpy.c         0x00000000   Number         0  memcpyb.o ABSOLUTE
    ../clib/microlib/string/memset.c         0x00000000   Number         0  memseta.o ABSOLUTE
    ../clib/microlib/string/strcat.c         0x00000000   Number         0  strcat.o ABSOLUTE
    ../clib/microlib/string/strlen.c         0x00000000   Number         0  strlen.o ABSOLUTE
    ../clib/microlib/stubs.s                 0x00000000   Number         0  iusefp.o ABSOLUTE
    ../clib/microlib/stubs.s                 0x00000000   Number         0  iusesemip.o ABSOLUTE
    ../fplib/microlib/fpadd.c                0x00000000   Number         0  dadd.o ABSOLUTE
    ../fplib/microlib/fpdiv.c                0x00000000   Number         0  ddiv.o ABSOLUTE
    ../fplib/microlib/fpepilogue.c           0x00000000   Number         0  depilogue.o ABSOLUTE
    ../fplib/microlib/fpfix.c                0x00000000   Number         0  dfixul.o ABSOLUTE
    ../fplib/microlib/fpmul.c                0x00000000   Number         0  dmul.o ABSOLUTE
    ADC.c                                    0x00000000   Number         0  adc.o ABSOLUTE
    LCD.c                                    0x00000000   Number         0  lcd.o ABSOLUTE
    RTE/Device/TM4C123GH6PM/startup_TM4C123.s 0x00000000   Number         0  startup_tm4c123.o ABSOLUTE
    cdrcmple.s                               0x00000000   Number         0  cdrcmple.o ABSOLUTE
    cpu.c                                    0x00000000   Number         0  cpu.o ABSOLUTE
    cpu.c                                    0x00000000   Number         0  cpu.o ABSOLUTE
    dc.s                                     0x00000000   Number         0  dc.o ABSOLUTE
    freertos_evr.c                           0x00000000   Number         0  freertos_evr.o ABSOLUTE
    gpio.c                                   0x00000000   Number         0  gpio.o ABSOLUTE
    handlers.s                               0x00000000   Number         0  handlers.o ABSOLUTE
    heap_1.c                                 0x00000000   Number         0  heap_1.o ABSOLUTE
    init.s                                   0x00000000   Number         0  init.o ABSOLUTE
    interrupt.c                              0x00000000   Number         0  interrupt.o ABSOLUTE
    list.c                                   0x00000000   Number         0  list.o ABSOLUTE
    main.c                                   0x00000000   Number         0  main.o ABSOLUTE
    port.c                                   0x00000000   Number         0  port.o ABSOLUTE
    queue.c                                  0x00000000   Number         0  queue.o ABSOLUTE
    sysctl.c                                 0x00000000   Number         0  sysctl.o ABSOLUTE
    sysctl.c                                 0x00000000   Number         0  sysctl.o ABSOLUTE
    system_TM4C123.c                         0x00000000   Number         0  system_tm4c123.o ABSOLUTE
    tasks.c                                  0x00000000   Number         0  tasks.o ABSOLUTE
    timers.c                                 0x00000000   Number         0  timers.o ABSOLUTE
    RESET                                    0x00000000   Section      620  startup_tm4c123.o(RESET)
    .ARM.Collect$$$$00000000                 0x0000026c   Section        0  entry.o(.ARM.Collect$$$$00000000)
    .ARM.Collect$$$$00000001                 0x0000026c   Section        4  entry2.o(.ARM.Collect$$$$00000001)
    .ARM.Collect$$$$00000004                 0x00000270   Section        4  entry5.o(.ARM.Collect$$$$00000004)
    .ARM.Collect$$$$00000008                 0x00000274   Section        0  entry7b.o(.ARM.Collect$$$$00000008)
    .ARM.Collect$$$$0000000A                 0x00000274   Section        0  entry8b.o(.ARM.Collect$$$$0000000A)
    .ARM.Collect$$$$0000000B                 0x00000274   Section        8  entry9a.o(.ARM.Collect$$$$0000000B)
    __lit__00000000                          0x0000027c   Data           4  entry2.o(.ARM.Collect$$$$00002712)
    .ARM.Collect$$$$0000000D                 0x0000027c   Section        0  entry10a.o(.ARM.Collect$$$$0000000D)
    .ARM.Collect$$$$0000000F                 0x0000027c   Section        0  entry11a.o(.ARM.Collect$$$$0000000F)
    .ARM.Collect$$$$00002712                 0x0000027c   Section        4  entry2.o(.ARM.Collect$$$$00002712)
    $v0                                      0x00000280   Number         0  sysctl.o(.emb_text)
    .emb_text                                0x00000280   Section        6  sysctl.o(.emb_text)
    $v0                                      0x00000288   Number         0  startup_tm4c123.o(.text)
    .text                                    0x00000288   Section      252  startup_tm4c123.o(.text)
    .text                                    0x00000384   Section        0  memcpya.o(.text)
    .text                                    0x000003a8   Section        0  memseta.o(.text)
    .text                                    0x000003cc   Section        0  strcat.o(.text)
    .text                                    0x000003e4   Section        0  strlen.o(.text)
    .text                                    0x000003f2   Section        0  uidiv.o(.text)
    .text                                    0x00000420   Section       36  init.o(.text)
    [Anonymous Symbol]                       0x00000444   Section        0  adc.o(.text.ADC_init)
    [Anonymous Symbol]                       0x000004b8   Section        0  adc.o(.text.ADC_read)
    [Anonymous Symbol]                       0x000004e8   Section        0  main.o(.text.ByteToStr)
    [Anonymous Symbol]                       0x000004fc   Section        0  main.o(.text.InitTask)
    [Anonymous Symbol]                       0x00000594   Section        0  lcd.o(.text.LCD_Clear)
    [Anonymous Symbol]                       0x000005a4   Section        0  lcd.o(.text.LCD_Command)
    [Anonymous Symbol]                       0x00000624   Section        0  lcd.o(.text.LCD_Cursor)
    [Anonymous Symbol]                       0x00000640   Section        0  lcd.o(.text.LCD_Print)
    [Anonymous Symbol]                       0x0000068c   Section        0  lcd.o(.text.LCD_Show)
    [Anonymous Symbol]                       0x0000070c   Section        0  lcd.o(.text.LCD_init)
    [Anonymous Symbol]                       0x00000800   Section        0  port.o(.text.PendSV_Handler)
    pxCurrentTCBConst                        0x00000860   Number         0  port.o(.text.PendSV_Handler)
    [Anonymous Symbol]                       0x00000870   Section        0  port.o(.text.SVC_Handler)
    pxCurrentTCBConst2                       0x00000890   Number         0  port.o(.text.SVC_Handler)
    [Anonymous Symbol]                       0x00000894   Section        0  port.o(.text.SysTick_Handler)
    [Anonymous Symbol]                       0x000008c4   Section        0  system_tm4c123.o(.text.SystemInit)
    [Anonymous Symbol]                       0x00000934   Section        0  main.o(.text.Task1)
    [Anonymous Symbol]                       0x00000a00   Section        0  main.o(.text.Task2)
    [Anonymous Symbol]                       0x00000ab4   Section        0  main.o(.text.Task3)
    [Anonymous Symbol]                       0x00000b14   Section        0  main.o(.text.Task4)
    [Anonymous Symbol]                       0x00000b3c   Section        0  main.o(.text.Toggle_Buzzer_LED)
    [Anonymous Symbol]                       0x00000b58   Section        0  main.o(.text.Toggle_Heater_LED)
    [Anonymous Symbol]                       0x00000b74   Section        0  main.o(.text.UART_Read)
    [Anonymous Symbol]                       0x00000b88   Section        0  main.o(.text.UART_Write)
    [Anonymous Symbol]                       0x00000b9c   Section        0  main.o(.text.UART_Write_Text)
    [Anonymous Symbol]                       0x00000bd0   Section        0  tasks.o(.text.eTaskConfirmSleepModeStatus)
    [Anonymous Symbol]                       0x00000c18   Section        0  main.o(.text.main)
    prvAddCurrentTaskToDelayedList           0x00000d11   Thumb Code   198  tasks.o(.text.prvAddCurrentTaskToDelayedList)
    [Anonymous Symbol]                       0x00000d10   Section        0  tasks.o(.text.prvAddCurrentTaskToDelayedList)
    prvAddNewTaskToReadyList                 0x00000dd9   Thumb Code   206  tasks.o(.text.prvAddNewTaskToReadyList)
    [Anonymous Symbol]                       0x00000dd8   Section        0  tasks.o(.text.prvAddNewTaskToReadyList)
    prvCheckForValidListAndQueue             0x00000ea9   Thumb Code    90  timers.o(.text.prvCheckForValidListAndQueue)
    [Anonymous Symbol]                       0x00000ea8   Section        0  timers.o(.text.prvCheckForValidListAndQueue)
    prvCheckTasksWaitingTermination          0x00000f05   Thumb Code    78  tasks.o(.text.prvCheckTasksWaitingTermination)
    [Anonymous Symbol]                       0x00000f04   Section        0  tasks.o(.text.prvCheckTasksWaitingTermination)
    prvCopyDataFromQueue                     0x00000f55   Thumb Code    38  queue.o(.text.prvCopyDataFromQueue)
    [Anonymous Symbol]                       0x00000f54   Section        0  queue.o(.text.prvCopyDataFromQueue)
    prvCopyDataToQueue                       0x00000f7d   Thumb Code   122  queue.o(.text.prvCopyDataToQueue)
    [Anonymous Symbol]                       0x00000f7c   Section        0  queue.o(.text.prvCopyDataToQueue)
    prvDeleteTCB                             0x00000ff9   Thumb Code    18  tasks.o(.text.prvDeleteTCB)
    [Anonymous Symbol]                       0x00000ff8   Section        0  tasks.o(.text.prvDeleteTCB)
    prvGetExpectedIdleTime                   0x0000100d   Thumb Code    68  tasks.o(.text.prvGetExpectedIdleTime)
    [Anonymous Symbol]                       0x0000100c   Section        0  tasks.o(.text.prvGetExpectedIdleTime)
    prvGetNextExpireTime                     0x00001051   Thumb Code    32  timers.o(.text.prvGetNextExpireTime)
    [Anonymous Symbol]                       0x00001050   Section        0  timers.o(.text.prvGetNextExpireTime)
    prvIdleTask                              0x00001071   Thumb Code   114  tasks.o(.text.prvIdleTask)
    [Anonymous Symbol]                       0x00001070   Section        0  tasks.o(.text.prvIdleTask)
    prvInitialiseNewQueue                    0x000010e5   Thumb Code    36  queue.o(.text.prvInitialiseNewQueue)
    [Anonymous Symbol]                       0x000010e4   Section        0  queue.o(.text.prvInitialiseNewQueue)
    prvInitialiseNewTask                     0x00001109   Thumb Code   170  tasks.o(.text.prvInitialiseNewTask)
    [Anonymous Symbol]                       0x00001108   Section        0  tasks.o(.text.prvInitialiseNewTask)
    prvInitialiseTaskLists                   0x000011b5   Thumb Code   110  tasks.o(.text.prvInitialiseTaskLists)
    [Anonymous Symbol]                       0x000011b4   Section        0  tasks.o(.text.prvInitialiseTaskLists)
    prvInsertTimerInActiveList               0x00001225   Thumb Code    64  timers.o(.text.prvInsertTimerInActiveList)
    [Anonymous Symbol]                       0x00001224   Section        0  timers.o(.text.prvInsertTimerInActiveList)
    prvIsQueueEmpty                          0x00001265   Thumb Code    24  queue.o(.text.prvIsQueueEmpty)
    [Anonymous Symbol]                       0x00001264   Section        0  queue.o(.text.prvIsQueueEmpty)
    prvIsQueueFull                           0x0000127d   Thumb Code    28  queue.o(.text.prvIsQueueFull)
    [Anonymous Symbol]                       0x0000127c   Section        0  queue.o(.text.prvIsQueueFull)
    prvNotifyQueueSetContainer               0x00001299   Thumb Code   142  queue.o(.text.prvNotifyQueueSetContainer)
    [Anonymous Symbol]                       0x00001298   Section        0  queue.o(.text.prvNotifyQueueSetContainer)
    prvPortStartFirstTask                    0x00001329   Thumb Code    40  port.o(.text.prvPortStartFirstTask)
    [Anonymous Symbol]                       0x00001328   Section        0  port.o(.text.prvPortStartFirstTask)
    prvProcessExpiredTimer                   0x00001351   Thumb Code    62  timers.o(.text.prvProcessExpiredTimer)
    [Anonymous Symbol]                       0x00001350   Section        0  timers.o(.text.prvProcessExpiredTimer)
    prvProcessReceivedCommands               0x00001391   Thumb Code   274  timers.o(.text.prvProcessReceivedCommands)
    [Anonymous Symbol]                       0x00001390   Section        0  timers.o(.text.prvProcessReceivedCommands)
    prvProcessTimerOrBlockTask               0x000014a5   Thumb Code   128  timers.o(.text.prvProcessTimerOrBlockTask)
    [Anonymous Symbol]                       0x000014a4   Section        0  timers.o(.text.prvProcessTimerOrBlockTask)
    prvReloadTimer                           0x00001525   Thumb Code    58  timers.o(.text.prvReloadTimer)
    [Anonymous Symbol]                       0x00001524   Section        0  timers.o(.text.prvReloadTimer)
    prvResetNextTaskUnblockTime              0x00001561   Thumb Code    38  tasks.o(.text.prvResetNextTaskUnblockTime)
    [Anonymous Symbol]                       0x00001560   Section        0  tasks.o(.text.prvResetNextTaskUnblockTime)
    prvSampleTimeNow                         0x00001589   Thumb Code    42  timers.o(.text.prvSampleTimeNow)
    [Anonymous Symbol]                       0x00001588   Section        0  timers.o(.text.prvSampleTimeNow)
    prvSwitchTimerLists                      0x000015b5   Thumb Code    52  timers.o(.text.prvSwitchTimerLists)
    [Anonymous Symbol]                       0x000015b4   Section        0  timers.o(.text.prvSwitchTimerLists)
    prvTaskExitError                         0x000015e9   Thumb Code    50  port.o(.text.prvTaskExitError)
    [Anonymous Symbol]                       0x000015e8   Section        0  port.o(.text.prvTaskExitError)
    prvTimerTask                             0x0000161d   Thumb Code    22  timers.o(.text.prvTimerTask)
    [Anonymous Symbol]                       0x0000161c   Section        0  timers.o(.text.prvTimerTask)
    prvUnlockQueue                           0x00001635   Thumb Code   134  queue.o(.text.prvUnlockQueue)
    [Anonymous Symbol]                       0x00001634   Section        0  queue.o(.text.prvUnlockQueue)
    [Anonymous Symbol]                       0x000016bc   Section        0  heap_1.o(.text.pvPortMalloc)
    [Anonymous Symbol]                       0x00001728   Section        0  port.o(.text.pxPortInitialiseStack)
    [Anonymous Symbol]                       0x00001750   Section        0  list.o(.text.uxListRemove)
    [Anonymous Symbol]                       0x00001774   Section        0  list.o(.text.vListInitialise)
    [Anonymous Symbol]                       0x0000178c   Section        0  list.o(.text.vListInitialiseItem)
    [Anonymous Symbol]                       0x00001794   Section        0  list.o(.text.vListInsert)
    vPortEnableVFP                           0x000017d1   Thumb Code    20  port.o(.text.vPortEnableVFP)
    [Anonymous Symbol]                       0x000017d0   Section        0  port.o(.text.vPortEnableVFP)
    [Anonymous Symbol]                       0x000017e4   Section        0  port.o(.text.vPortEnterCritical)
    [Anonymous Symbol]                       0x0000182c   Section        0  port.o(.text.vPortExitCritical)
    [Anonymous Symbol]                       0x0000185c   Section        0  heap_1.o(.text.vPortFree)
    [Anonymous Symbol]                       0x00001878   Section        0  port.o(.text.vPortSetupTimerInterrupt)
    [Anonymous Symbol]                       0x000018dc   Section        0  port.o(.text.vPortSuppressTicksAndSleep)
    [Anonymous Symbol]                       0x000019f0   Section        0  queue.o(.text.vQueueWaitForMessageRestricted)
    [Anonymous Symbol]                       0x00001a34   Section        0  tasks.o(.text.vTaskDelay)
    [Anonymous Symbol]                       0x00001a88   Section        0  tasks.o(.text.vTaskInternalSetTimeOutState)
    [Anonymous Symbol]                       0x00001aa4   Section        0  tasks.o(.text.vTaskMissedYield)
    [Anonymous Symbol]                       0x00001ab4   Section        0  tasks.o(.text.vTaskPlaceOnEventList)
    [Anonymous Symbol]                       0x00001ae8   Section        0  tasks.o(.text.vTaskPlaceOnEventListRestricted)
    [Anonymous Symbol]                       0x00001b58   Section        0  tasks.o(.text.vTaskStartScheduler)
    [Anonymous Symbol]                       0x00001bf4   Section        0  tasks.o(.text.vTaskStepTick)
    [Anonymous Symbol]                       0x00001c2c   Section        0  tasks.o(.text.vTaskSuspendAll)
    __tagsym$$used.0                         0x00001c3c   Number         0  tasks.o(.text.vTaskSwitchContext)
    [Anonymous Symbol]                       0x00001c3c   Section        0  tasks.o(.text.vTaskSwitchContext)
    [Anonymous Symbol]                       0x00001cc4   Section        0  port.o(.text.xPortStartScheduler)
    [Anonymous Symbol]                       0x00001dd8   Section        0  queue.o(.text.xQueueGenericCreate)
    [Anonymous Symbol]                       0x00001e2c   Section        0  queue.o(.text.xQueueGenericReset)
    [Anonymous Symbol]                       0x00001ee0   Section        0  queue.o(.text.xQueueGenericSend)
    [Anonymous Symbol]                       0x000020b0   Section        0  queue.o(.text.xQueueReceive)
    [Anonymous Symbol]                       0x00002234   Section        0  tasks.o(.text.xTaskCheckForTimeOut)
    [Anonymous Symbol]                       0x000022dc   Section        0  tasks.o(.text.xTaskCreate)
    [Anonymous Symbol]                       0x0000233c   Section        0  tasks.o(.text.xTaskGetSchedulerState)
    [Anonymous Symbol]                       0x00002364   Section        0  tasks.o(.text.xTaskGetTickCount)
    [Anonymous Symbol]                       0x00002370   Section        0  tasks.o(.text.xTaskIncrementTick)
    [Anonymous Symbol]                       0x0000251c   Section        0  tasks.o(.text.xTaskPriorityDisinherit)
    [Anonymous Symbol]                       0x000025e0   Section        0  tasks.o(.text.xTaskRemoveFromEventList)
    [Anonymous Symbol]                       0x000026d8   Section        0  tasks.o(.text.xTaskResumeAll)
    [Anonymous Symbol]                       0x00002844   Section        0  timers.o(.text.xTimerCreateTimerTask)
    i.GPIODirModeSet                         0x000028a4   Section        0  gpio.o(i.GPIODirModeSet)
    i.GPIOPadConfigSet                       0x000028cc   Section        0  gpio.o(i.GPIOPadConfigSet)
    i.GPIOPinRead                            0x00002a3c   Section        0  gpio.o(i.GPIOPinRead)
    i.GPIOPinTypeGPIOOutput                  0x00002a42   Section        0  gpio.o(i.GPIOPinTypeGPIOOutput)
    i.GPIOPinWrite                           0x00002a5e   Section        0  gpio.o(i.GPIOPinWrite)
    i.SysCtlPeripheralEnable                 0x00002a64   Section        0  sysctl.o(i.SysCtlPeripheralEnable)
    i.SysCtlPeripheralReady                  0x00002a8c   Section        0  sysctl.o(i.SysCtlPeripheralReady)
    i.__0sprintf$1                           0x00002ab8   Section        0  printf1.o(i.__0sprintf$1)
    i.__scatterload_copy                     0x00002ae0   Section       14  handlers.o(i.__scatterload_copy)
    i.__scatterload_null                     0x00002aee   Section        2  handlers.o(i.__scatterload_null)
    i.__scatterload_zeroinit                 0x00002af0   Section       14  handlers.o(i.__scatterload_zeroinit)
    _printf_core                             0x00002b01   Thumb Code   336  printf1.o(i._printf_core)
    i._printf_core                           0x00002b00   Section        0  printf1.o(i._printf_core)
    _sputc                                   0x00002c55   Thumb Code    10  printf1.o(i._sputc)
    i._sputc                                 0x00002c54   Section        0  printf1.o(i._sputc)
    .L.str.3                                 0x00002c5e   Data          11  main.o(.rodata.str1.1)
    [Anonymous Symbol]                       0x00002c5e   Section        0  main.o(.rodata.str1.1)
    .L.str.4                                 0x00002c69   Data          11  main.o(.rodata.str1.1)
    uxCriticalNesting                        0x20000004   Data           4  port.o(.data.uxCriticalNesting)
    [Anonymous Symbol]                       0x20000004   Section        0  port.o(.data.uxCriticalNesting)
    prvSampleTimeNow.xLastTime               0x20000010   Data           4  timers.o(.bss.prvSampleTimeNow.xLastTime)
    [Anonymous Symbol]                       0x20000010   Section        0  timers.o(.bss.prvSampleTimeNow.xLastTime)
    pvPortMalloc.pucAlignedHeap              0x20000014   Data           4  heap_1.o(.bss.pvPortMalloc.pucAlignedHeap)
    [Anonymous Symbol]                       0x20000014   Section        0  heap_1.o(.bss.pvPortMalloc.pucAlignedHeap)
    pxCurrentTimerList                       0x2000001c   Data           4  timers.o(.bss.pxCurrentTimerList)
    [Anonymous Symbol]                       0x2000001c   Section        0  timers.o(.bss.pxCurrentTimerList)
    pxDelayedTaskList                        0x20000020   Data           4  tasks.o(.bss.pxDelayedTaskList)
    [Anonymous Symbol]                       0x20000020   Section        0  tasks.o(.bss.pxDelayedTaskList)
    pxOverflowDelayedTaskList                0x20000024   Data           4  tasks.o(.bss.pxOverflowDelayedTaskList)
    [Anonymous Symbol]                       0x20000024   Section        0  tasks.o(.bss.pxOverflowDelayedTaskList)
    pxOverflowTimerList                      0x20000028   Data           4  timers.o(.bss.pxOverflowTimerList)
    [Anonymous Symbol]                       0x20000028   Section        0  timers.o(.bss.pxOverflowTimerList)
    pxReadyTasksLists                        0x2000002c   Data         100  tasks.o(.bss.pxReadyTasksLists)
    [Anonymous Symbol]                       0x2000002c   Section        0  tasks.o(.bss.pxReadyTasksLists)
    ucHeap                                   0x20000090   Data        4096  heap_1.o(.bss.ucHeap)
    [Anonymous Symbol]                       0x20000090   Section        0  heap_1.o(.bss.ucHeap)
    ucMaxSysCallPriority                     0x20001090   Data           1  port.o(.bss.ucMaxSysCallPriority)
    [Anonymous Symbol]                       0x20001090   Section        0  port.o(.bss.ucMaxSysCallPriority)
    ulMaxPRIGROUPValue                       0x20001094   Data           4  port.o(.bss.ulMaxPRIGROUPValue)
    [Anonymous Symbol]                       0x20001094   Section        0  port.o(.bss.ulMaxPRIGROUPValue)
    ulStoppedTimerCompensation               0x20001098   Data           1  port.o(.bss.ulStoppedTimerCompensation)
    [Anonymous Symbol]                       0x20001098   Section        0  port.o(.bss.ulStoppedTimerCompensation)
    ulTimerCountsForOneTick                  0x2000109c   Data           4  port.o(.bss.ulTimerCountsForOneTick)
    [Anonymous Symbol]                       0x2000109c   Section        0  port.o(.bss.ulTimerCountsForOneTick)
    uxCurrentNumberOfTasks                   0x200010a0   Data           4  tasks.o(.bss.uxCurrentNumberOfTasks)
    [Anonymous Symbol]                       0x200010a0   Section        0  tasks.o(.bss.uxCurrentNumberOfTasks)
    uxDeletedTasksWaitingCleanUp             0x200010a4   Data           4  tasks.o(.bss.uxDeletedTasksWaitingCleanUp)
    [Anonymous Symbol]                       0x200010a4   Section        0  tasks.o(.bss.uxDeletedTasksWaitingCleanUp)
    uxSchedulerSuspended                     0x200010a8   Data           4  tasks.o(.bss.uxSchedulerSuspended)
    [Anonymous Symbol]                       0x200010a8   Section        0  tasks.o(.bss.uxSchedulerSuspended)
    uxTaskNumber                             0x200010ac   Data           4  tasks.o(.bss.uxTaskNumber)
    [Anonymous Symbol]                       0x200010ac   Section        0  tasks.o(.bss.uxTaskNumber)
    uxTopReadyPriority                       0x200010b0   Data           4  tasks.o(.bss.uxTopReadyPriority)
    [Anonymous Symbol]                       0x200010b0   Section        0  tasks.o(.bss.uxTopReadyPriority)
    xActiveTimerList1                        0x200010b4   Data          20  timers.o(.bss.xActiveTimerList1)
    [Anonymous Symbol]                       0x200010b4   Section        0  timers.o(.bss.xActiveTimerList1)
    xActiveTimerList2                        0x200010c8   Data          20  timers.o(.bss.xActiveTimerList2)
    [Anonymous Symbol]                       0x200010c8   Section        0  timers.o(.bss.xActiveTimerList2)
    xDelayedTaskList1                        0x200010e0   Data          20  tasks.o(.bss.xDelayedTaskList1)
    [Anonymous Symbol]                       0x200010e0   Section        0  tasks.o(.bss.xDelayedTaskList1)
    xDelayedTaskList2                        0x200010f4   Data          20  tasks.o(.bss.xDelayedTaskList2)
    [Anonymous Symbol]                       0x200010f4   Section        0  tasks.o(.bss.xDelayedTaskList2)
    xIdleTaskHandle                          0x20001108   Data           4  tasks.o(.bss.xIdleTaskHandle)
    [Anonymous Symbol]                       0x20001108   Section        0  tasks.o(.bss.xIdleTaskHandle)
    xMaximumPossibleSuppressedTicks          0x2000110c   Data           4  port.o(.bss.xMaximumPossibleSuppressedTicks)
    [Anonymous Symbol]                       0x2000110c   Section        0  port.o(.bss.xMaximumPossibleSuppressedTicks)
    xNextFreeByte                            0x20001110   Data           4  heap_1.o(.bss.xNextFreeByte)
    [Anonymous Symbol]                       0x20001110   Section        0  heap_1.o(.bss.xNextFreeByte)
    xNextTaskUnblockTime                     0x20001114   Data           4  tasks.o(.bss.xNextTaskUnblockTime)
    [Anonymous Symbol]                       0x20001114   Section        0  tasks.o(.bss.xNextTaskUnblockTime)
    xNumOfOverflows                          0x20001118   Data           4  tasks.o(.bss.xNumOfOverflows)
    [Anonymous Symbol]                       0x20001118   Section        0  tasks.o(.bss.xNumOfOverflows)
    xPendedTicks                             0x2000111c   Data           4  tasks.o(.bss.xPendedTicks)
    [Anonymous Symbol]                       0x2000111c   Section        0  tasks.o(.bss.xPendedTicks)
    xPendingReadyList                        0x20001120   Data          20  tasks.o(.bss.xPendingReadyList)
    [Anonymous Symbol]                       0x20001120   Section        0  tasks.o(.bss.xPendingReadyList)
    xSchedulerRunning                        0x20001134   Data           4  tasks.o(.bss.xSchedulerRunning)
    [Anonymous Symbol]                       0x20001134   Section        0  tasks.o(.bss.xSchedulerRunning)
    xSuspendedTaskList                       0x20001138   Data          20  tasks.o(.bss.xSuspendedTaskList)
    [Anonymous Symbol]                       0x20001138   Section        0  tasks.o(.bss.xSuspendedTaskList)
    xTasksWaitingTermination                 0x2000114c   Data          20  tasks.o(.bss.xTasksWaitingTermination)
    [Anonymous Symbol]                       0x2000114c   Section        0  tasks.o(.bss.xTasksWaitingTermination)
    xTickCount                               0x20001160   Data           4  tasks.o(.bss.xTickCount)
    [Anonymous Symbol]                       0x20001160   Section        0  tasks.o(.bss.xTickCount)
    xTimerQueue                              0x20001164   Data           4  timers.o(.bss.xTimerQueue)
    [Anonymous Symbol]                       0x20001164   Section        0  timers.o(.bss.xTimerQueue)
    xTimerTaskHandle                         0x20001168   Data           4  timers.o(.bss.xTimerTaskHandle)
    [Anonymous Symbol]                       0x20001168   Section        0  timers.o(.bss.xTimerTaskHandle)
    xYieldPending                            0x2000116c   Data           4  tasks.o(.bss.xYieldPending)
    [Anonymous Symbol]                       0x2000116c   Section        0  tasks.o(.bss.xYieldPending)
    STACK                                    0x20001170   Section      512  startup_tm4c123.o(STACK)

    Global Symbols

    Symbol Name                              Value     Ov Type        Size  Object(Section)

    BuildAttributes$$THM_ISAv4$E$P$D$K$B$S$7EM$VFPi3$EXTD16$VFPS$VFMA$PE$A:L22UL41UL21$X:L11$S22US41US21$IEEE1$IW$~IW$USESV6$~STKCKD$USESV7$~SHL$OTIME$ROPI$EBA8$MICROLIB$REQ8$PRES8$EABIv2 0x00000000   Number         0  anon$$obj.o ABSOLUTE
    __Vectors                                0x00000000   Data           4  startup_tm4c123.o(RESET)
    _printf_a                                0x00000000   Number         0  printfstubs.o ABSOLUTE
    _printf_c                                0x00000000   Number         0  printfstubs.o ABSOLUTE
    _printf_charcount                        0x00000000   Number         0  printfstubs.o ABSOLUTE
    _printf_d                                0x00000000   Number         0  printfstubs.o ABSOLUTE
    _printf_e                                0x00000000   Number         0  printfstubs.o ABSOLUTE
    _printf_f                                0x00000000   Number         0  printfstubs.o ABSOLUTE
    _printf_flags                            0x00000000   Number         0  printfstubs.o ABSOLUTE
    _printf_fp_dec                           0x00000000   Number         0  printfstubs.o ABSOLUTE
    _printf_fp_hex                           0x00000000   Number         0  printfstubs.o ABSOLUTE
    _printf_g                                0x00000000   Number         0  printfstubs.o ABSOLUTE
    _printf_i                                0x00000000   Number         0  printfstubs.o ABSOLUTE
    _printf_int_dec                          0x00000000   Number         0  printfstubs.o ABSOLUTE
    _printf_l                                0x00000000   Number         0  printfstubs.o ABSOLUTE
    _printf_lc                               0x00000000   Number         0  printfstubs.o ABSOLUTE
    _printf_ll                               0x00000000   Number         0  printfstubs.o ABSOLUTE
    _printf_lld                              0x00000000   Number         0  printfstubs.o ABSOLUTE
    _printf_lli                              0x00000000   Number         0  printfstubs.o ABSOLUTE
    _printf_llo                              0x00000000   Number         0  printfstubs.o ABSOLUTE
    _printf_llu                              0x00000000   Number         0  printfstubs.o ABSOLUTE
    _printf_llx                              0x00000000   Number         0  printfstubs.o ABSOLUTE
    _printf_longlong_dec                     0x00000000   Number         0  printfstubs.o ABSOLUTE
    _printf_longlong_hex                     0x00000000   Number         0  printfstubs.o ABSOLUTE
    _printf_longlong_oct                     0x00000000   Number         0  printfstubs.o ABSOLUTE
    _printf_ls                               0x00000000   Number         0  printfstubs.o ABSOLUTE
    _printf_mbtowc                           0x00000000   Number         0  printfstubs.o ABSOLUTE
    _printf_n                                0x00000000   Number         0  printfstubs.o ABSOLUTE
    _printf_o                                0x00000000   Number         0  printfstubs.o ABSOLUTE
    _printf_p                                0x00000000   Number         0  printfstubs.o ABSOLUTE
    _printf_percent                          0x00000000   Number         0  printfstubs.o ABSOLUTE
    _printf_pre_padding                      0x00000000   Number         0  printfstubs.o ABSOLUTE
    _printf_return_value                     0x00000000   Number         0  printfstubs.o ABSOLUTE
    _printf_s                                0x00000000   Number         0  printfstubs.o ABSOLUTE
    _printf_sizespec                         0x00000000   Number         0  printfstubs.o ABSOLUTE
    _printf_str                              0x00000000   Number         0  printfstubs.o ABSOLUTE
    _printf_truncate_signed                  0x00000000   Number         0  printfstubs.o ABSOLUTE
    _printf_truncate_unsigned                0x00000000   Number         0  printfstubs.o ABSOLUTE
    _printf_u                                0x00000000   Number         0  printfstubs.o ABSOLUTE
    _printf_wc                               0x00000000   Number         0  printfstubs.o ABSOLUTE
    _printf_wctomb                           0x00000000   Number         0  printfstubs.o ABSOLUTE
    _printf_widthprec                        0x00000000   Number         0  printfstubs.o ABSOLUTE
    _printf_x                                0x00000000   Number         0  printfstubs.o ABSOLUTE
    __cpp_initialize__aeabi_                  - Undefined Weak Reference
    __cxa_finalize                            - Undefined Weak Reference
    __decompress                              - Undefined Weak Reference
    _clock_init                               - Undefined Weak Reference
    _microlib_exit                            - Undefined Weak Reference
    __Vectors_End                            0x0000026c   Data           0  startup_tm4c123.o(RESET)
    __Vectors_Size                           0x0000026c   Number         0  startup_tm4c123.o ABSOLUTE
    __main                                   0x0000026d   Thumb Code     0  entry.o(.ARM.Collect$$$$00000000)
    _main_stk                                0x0000026d   Thumb Code     0  entry2.o(.ARM.Collect$$$$00000001)
    _main_scatterload                        0x00000271   Thumb Code     0  entry5.o(.ARM.Collect$$$$00000004)
    __main_after_scatterload                 0x00000275   Thumb Code     0  entry5.o(.ARM.Collect$$$$00000004)
    _main_clock                              0x00000275   Thumb Code     0  entry7b.o(.ARM.Collect$$$$00000008)
    _main_cpp_init                           0x00000275   Thumb Code     0  entry8b.o(.ARM.Collect$$$$0000000A)
    _main_init                               0x00000275   Thumb Code     0  entry9a.o(.ARM.Collect$$$$0000000B)
    __rt_final_cpp                           0x0000027d   Thumb Code     0  entry10a.o(.ARM.Collect$$$$0000000D)
    __rt_final_exit                          0x0000027d   Thumb Code     0  entry11a.o(.ARM.Collect$$$$0000000F)
    SysCtlDelay                              0x00000281   Thumb Code     6  sysctl.o(.emb_text)
    Reset_Handler                            0x00000289   Thumb Code     8  startup_tm4c123.o(.text)
    NMI_Handler                              0x00000291   Thumb Code     2  startup_tm4c123.o(.text)
    HardFault_Handler                        0x00000293   Thumb Code     2  startup_tm4c123.o(.text)
    MemManage_Handler                        0x00000295   Thumb Code     2  startup_tm4c123.o(.text)
    BusFault_Handler                         0x00000297   Thumb Code     2  startup_tm4c123.o(.text)
    UsageFault_Handler                       0x00000299   Thumb Code     2  startup_tm4c123.o(.text)
    DebugMon_Handler                         0x0000029d   Thumb Code     2  startup_tm4c123.o(.text)
    GPIOA_Handler                            0x000002a3   Thumb Code     2  startup_tm4c123.o(.text)
    GPIOB_Handler                            0x000002a5   Thumb Code     2  startup_tm4c123.o(.text)
    GPIOC_Handler                            0x000002a7   Thumb Code     2  startup_tm4c123.o(.text)
    GPIOD_Handler                            0x000002a9   Thumb Code     2  startup_tm4c123.o(.text)
    GPIOE_Handler                            0x000002ab   Thumb Code     2  startup_tm4c123.o(.text)
    UART0_Handler                            0x000002ad   Thumb Code     2  startup_tm4c123.o(.text)
    UART1_Handler                            0x000002af   Thumb Code     2  startup_tm4c123.o(.text)
    SSI0_Handler                             0x000002b1   Thumb Code     2  startup_tm4c123.o(.text)
    I2C0_Handler                             0x000002b3   Thumb Code     2  startup_tm4c123.o(.text)
    PMW0_FAULT_Handler                       0x000002b5   Thumb Code     2  startup_tm4c123.o(.text)
    PWM0_0_Handler                           0x000002b7   Thumb Code     2  startup_tm4c123.o(.text)
    PWM0_1_Handler                           0x000002b9   Thumb Code     2  startup_tm4c123.o(.text)
    PWM0_2_Handler                           0x000002bb   Thumb Code     2  startup_tm4c123.o(.text)
    QEI0_Handler                             0x000002bd   Thumb Code     2  startup_tm4c123.o(.text)
    ADC0SS0_Handler                          0x000002bf   Thumb Code     2  startup_tm4c123.o(.text)
    ADC0SS1_Handler                          0x000002c1   Thumb Code     2  startup_tm4c123.o(.text)
    ADC0SS2_Handler                          0x000002c3   Thumb Code     2  startup_tm4c123.o(.text)
    ADC0SS3_Handler                          0x000002c5   Thumb Code     2  startup_tm4c123.o(.text)
    WDT0_Handler                             0x000002c7   Thumb Code     2  startup_tm4c123.o(.text)
    TIMER0A_Handler                          0x000002c9   Thumb Code     2  startup_tm4c123.o(.text)
    TIMER0B_Handler                          0x000002cb   Thumb Code     2  startup_tm4c123.o(.text)
    TIMER1A_Handler                          0x000002cd   Thumb Code     2  startup_tm4c123.o(.text)
    TIMER1B_Handler                          0x000002cf   Thumb Code     2  startup_tm4c123.o(.text)
    TIMER2A_Handler                          0x000002d1   Thumb Code     2  startup_tm4c123.o(.text)
    TIMER2B_Handler                          0x000002d3   Thumb Code     2  startup_tm4c123.o(.text)
    COMP0_Handler                            0x000002d5   Thumb Code     2  startup_tm4c123.o(.text)
    COMP1_Handler                            0x000002d7   Thumb Code     2  startup_tm4c123.o(.text)
    COMP2_Handler                            0x000002d9   Thumb Code     2  startup_tm4c123.o(.text)
    SYSCTL_Handler                           0x000002db   Thumb Code     2  startup_tm4c123.o(.text)
    FLASH_Handler                            0x000002dd   Thumb Code     2  startup_tm4c123.o(.text)
    GPIOF_Handler                            0x000002df   Thumb Code     2  startup_tm4c123.o(.text)
    GPIOG_Handler                            0x000002e1   Thumb Code     2  startup_tm4c123.o(.text)
    GPIOH_Handler                            0x000002e3   Thumb Code     2  startup_tm4c123.o(.text)
    UART2_Handler                            0x000002e5   Thumb Code     2  startup_tm4c123.o(.text)
    SSI1_Handler                             0x000002e7   Thumb Code     2  startup_tm4c123.o(.text)
    TIMER3A_Handler                          0x000002e9   Thumb Code     2  startup_tm4c123.o(.text)
    TIMER3B_Handler                          0x000002eb   Thumb Code     2  startup_tm4c123.o(.text)
    I2C1_Handler                             0x000002ed   Thumb Code     2  startup_tm4c123.o(.text)
    QEI1_Handler                             0x000002ef   Thumb Code     2  startup_tm4c123.o(.text)
    CAN0_Handler                             0x000002f1   Thumb Code     2  startup_tm4c123.o(.text)
    CAN1_Handler                             0x000002f3   Thumb Code     2  startup_tm4c123.o(.text)
    CAN2_Handler                             0x000002f5   Thumb Code     2  startup_tm4c123.o(.text)
    HIB_Handler                              0x000002f7   Thumb Code     2  startup_tm4c123.o(.text)
    USB0_Handler                             0x000002f9   Thumb Code     2  startup_tm4c123.o(.text)
    PWM0_3_Handler                           0x000002fb   Thumb Code     2  startup_tm4c123.o(.text)
    UDMA_Handler                             0x000002fd   Thumb Code     2  startup_tm4c123.o(.text)
    UDMAERR_Handler                          0x000002ff   Thumb Code     2  startup_tm4c123.o(.text)
    ADC1SS0_Handler                          0x00000301   Thumb Code     2  startup_tm4c123.o(.text)
    ADC1SS1_Handler                          0x00000303   Thumb Code     2  startup_tm4c123.o(.text)
    ADC1SS2_Handler                          0x00000305   Thumb Code     2  startup_tm4c123.o(.text)
    ADC1SS3_Handler                          0x00000307   Thumb Code     2  startup_tm4c123.o(.text)
    GPIOJ_Handler                            0x00000309   Thumb Code     2  startup_tm4c123.o(.text)
    GPIOK_Handler                            0x0000030b   Thumb Code     2  startup_tm4c123.o(.text)
    GPIOL_Handler                            0x0000030d   Thumb Code     2  startup_tm4c123.o(.text)
    SSI2_Handler                             0x0000030f   Thumb Code     2  startup_tm4c123.o(.text)
    SSI3_Handler                             0x00000311   Thumb Code     2  startup_tm4c123.o(.text)
    UART3_Handler                            0x00000313   Thumb Code     2  startup_tm4c123.o(.text)
    UART4_Handler                            0x00000315   Thumb Code     2  startup_tm4c123.o(.text)
    UART5_Handler                            0x00000317   Thumb Code     2  startup_tm4c123.o(.text)
    UART6_Handler                            0x00000319   Thumb Code     2  startup_tm4c123.o(.text)
    UART7_Handler                            0x0000031b   Thumb Code     2  startup_tm4c123.o(.text)
    I2C2_Handler                             0x0000031d   Thumb Code     2  startup_tm4c123.o(.text)
    I2C3_Handler                             0x0000031f   Thumb Code     2  startup_tm4c123.o(.text)
    TIMER4A_Handler                          0x00000321   Thumb Code     2  startup_tm4c123.o(.text)
    TIMER4B_Handler                          0x00000323   Thumb Code     2  startup_tm4c123.o(.text)
    TIMER5A_Handler                          0x00000325   Thumb Code     2  startup_tm4c123.o(.text)
    TIMER5B_Handler                          0x00000327   Thumb Code     2  startup_tm4c123.o(.text)
    WTIMER0A_Handler                         0x00000329   Thumb Code     2  startup_tm4c123.o(.text)
    WTIMER0B_Handler                         0x0000032b   Thumb Code     2  startup_tm4c123.o(.text)
    WTIMER1A_Handler                         0x0000032d   Thumb Code     2  startup_tm4c123.o(.text)
    WTIMER1B_Handler                         0x0000032f   Thumb Code     2  startup_tm4c123.o(.text)
    WTIMER2A_Handler                         0x00000331   Thumb Code     2  startup_tm4c123.o(.text)
    WTIMER2B_Handler                         0x00000333   Thumb Code     2  startup_tm4c123.o(.text)
    WTIMER3A_Handler                         0x00000335   Thumb Code     2  startup_tm4c123.o(.text)
    WTIMER3B_Handler                         0x00000337   Thumb Code     2  startup_tm4c123.o(.text)
    WTIMER4A_Handler                         0x00000339   Thumb Code     2  startup_tm4c123.o(.text)
    WTIMER4B_Handler                         0x0000033b   Thumb Code     2  startup_tm4c123.o(.text)
    WTIMER5A_Handler                         0x0000033d   Thumb Code     2  startup_tm4c123.o(.text)
    WTIMER5B_Handler                         0x0000033f   Thumb Code     2  startup_tm4c123.o(.text)
    FPU_Handler                              0x00000341   Thumb Code     2  startup_tm4c123.o(.text)
    I2C4_Handler                             0x00000343   Thumb Code     2  startup_tm4c123.o(.text)
    I2C5_Handler                             0x00000345   Thumb Code     2  startup_tm4c123.o(.text)
    GPIOM_Handler                            0x00000347   Thumb Code     2  startup_tm4c123.o(.text)
    GPION_Handler                            0x00000349   Thumb Code     2  startup_tm4c123.o(.text)
    QEI2_Handler                             0x0000034b   Thumb Code     2  startup_tm4c123.o(.text)
    GPIOP0_Handler                           0x0000034d   Thumb Code     2  startup_tm4c123.o(.text)
    GPIOP1_Handler                           0x0000034f   Thumb Code     2  startup_tm4c123.o(.text)
    GPIOP2_Handler                           0x00000351   Thumb Code     2  startup_tm4c123.o(.text)
    GPIOP3_Handler                           0x00000353   Thumb Code     2  startup_tm4c123.o(.text)
    GPIOP4_Handler                           0x00000355   Thumb Code     2  startup_tm4c123.o(.text)
    GPIOP5_Handler                           0x00000357   Thumb Code     2  startup_tm4c123.o(.text)
    GPIOP6_Handler                           0x00000359   Thumb Code     2  startup_tm4c123.o(.text)
    GPIOP7_Handler                           0x0000035b   Thumb Code     2  startup_tm4c123.o(.text)
    GPIOQ0_Handler                           0x0000035d   Thumb Code     2  startup_tm4c123.o(.text)
    GPIOQ1_Handler                           0x0000035f   Thumb Code     2  startup_tm4c123.o(.text)
    GPIOQ2_Handler                           0x00000361   Thumb Code     2  startup_tm4c123.o(.text)
    GPIOQ3_Handler                           0x00000363   Thumb Code     2  startup_tm4c123.o(.text)
    GPIOQ4_Handler                           0x00000365   Thumb Code     2  startup_tm4c123.o(.text)
    GPIOQ5_Handler                           0x00000367   Thumb Code     2  startup_tm4c123.o(.text)
    GPIOQ6_Handler                           0x00000369   Thumb Code     2  startup_tm4c123.o(.text)
    GPIOQ7_Handler                           0x0000036b   Thumb Code     2  startup_tm4c123.o(.text)
    GPIOR_Handler                            0x0000036d   Thumb Code     2  startup_tm4c123.o(.text)
    GPIOS_Handler                            0x0000036f   Thumb Code     2  startup_tm4c123.o(.text)
    PMW1_0_Handler                           0x00000371   Thumb Code     2  startup_tm4c123.o(.text)
    PWM1_1_Handler                           0x00000373   Thumb Code     2  startup_tm4c123.o(.text)
    PWM1_2_Handler                           0x00000375   Thumb Code     2  startup_tm4c123.o(.text)
    PWM1_3_Handler                           0x00000377   Thumb Code     2  startup_tm4c123.o(.text)
    PWM1_FAULT_Handler                       0x00000379   Thumb Code     2  startup_tm4c123.o(.text)
    __aeabi_memcpy                           0x00000385   Thumb Code    36  memcpya.o(.text)
    __aeabi_memcpy4                          0x00000385   Thumb Code     0  memcpya.o(.text)
    __aeabi_memcpy8                          0x00000385   Thumb Code     0  memcpya.o(.text)
    __aeabi_memset                           0x000003a9   Thumb Code    14  memseta.o(.text)
    __aeabi_memset4                          0x000003a9   Thumb Code     0  memseta.o(.text)
    __aeabi_memset8                          0x000003a9   Thumb Code     0  memseta.o(.text)
    __aeabi_memclr                           0x000003b7   Thumb Code     4  memseta.o(.text)
    __aeabi_memclr4                          0x000003b7   Thumb Code     0  memseta.o(.text)
    __aeabi_memclr8                          0x000003b7   Thumb Code     0  memseta.o(.text)
    _memset$wrapper                          0x000003bb   Thumb Code    18  memseta.o(.text)
    strcat                                   0x000003cd   Thumb Code    24  strcat.o(.text)
    strlen                                   0x000003e5   Thumb Code    14  strlen.o(.text)
    __aeabi_uidiv                            0x000003f3   Thumb Code     0  uidiv.o(.text)
    __aeabi_uidivmod                         0x000003f3   Thumb Code    44  uidiv.o(.text)
    __scatterload                            0x00000421   Thumb Code    28  init.o(.text)
    __scatterload_rt2                        0x00000421   Thumb Code     0  init.o(.text)
    ADC_init                                 0x00000445   Thumb Code   116  adc.o(.text.ADC_init)
    ADC_read                                 0x000004b9   Thumb Code    46  adc.o(.text.ADC_read)
    ByteToStr                                0x000004e9   Thumb Code    16  main.o(.text.ByteToStr)
    InitTask                                 0x000004fd   Thumb Code   150  main.o(.text.InitTask)
    LCD_Clear                                0x00000595   Thumb Code    16  lcd.o(.text.LCD_Clear)
    LCD_Command                              0x000005a5   Thumb Code   128  lcd.o(.text.LCD_Command)
    LCD_Cursor                               0x00000625   Thumb Code    28  lcd.o(.text.LCD_Cursor)
    LCD_Print                                0x00000641   Thumb Code    76  lcd.o(.text.LCD_Print)
    LCD_Show                                 0x0000068d   Thumb Code   126  lcd.o(.text.LCD_Show)
    LCD_init                                 0x0000070d   Thumb Code   236  lcd.o(.text.LCD_init)
    PendSV_Handler                           0x00000801   Thumb Code   100  port.o(.text.PendSV_Handler)
    SVC_Handler                              0x00000871   Thumb Code    36  port.o(.text.SVC_Handler)
    SysTick_Handler                          0x00000895   Thumb Code    46  port.o(.text.SysTick_Handler)
    SystemInit                               0x000008c5   Thumb Code   112  system_tm4c123.o(.text.SystemInit)
    Task1                                    0x00000935   Thumb Code   204  main.o(.text.Task1)
    Task2                                    0x00000a01   Thumb Code   100  main.o(.text.Task2)
    Task3                                    0x00000ab5   Thumb Code    96  main.o(.text.Task3)
    Task4                                    0x00000b15   Thumb Code    38  main.o(.text.Task4)
    Toggle_Buzzer_LED                        0x00000b3d   Thumb Code    28  main.o(.text.Toggle_Buzzer_LED)
    Toggle_Heater_LED                        0x00000b59   Thumb Code    28  main.o(.text.Toggle_Heater_LED)
    UART_Read                                0x00000b75   Thumb Code    18  main.o(.text.UART_Read)
    UART_Write                               0x00000b89   Thumb Code    18  main.o(.text.UART_Write)
    UART_Write_Text                          0x00000b9d   Thumb Code    52  main.o(.text.UART_Write_Text)
    eTaskConfirmSleepModeStatus              0x00000bd1   Thumb Code    72  tasks.o(.text.eTaskConfirmSleepModeStatus)
    main                                     0x00000c19   Thumb Code   180  main.o(.text.main)
    pvPortMalloc                             0x000016bd   Thumb Code   106  heap_1.o(.text.pvPortMalloc)
    pxPortInitialiseStack                    0x00001729   Thumb Code    40  port.o(.text.pxPortInitialiseStack)
    uxListRemove                             0x00001751   Thumb Code    36  list.o(.text.uxListRemove)
    vListInitialise                          0x00001775   Thumb Code    22  list.o(.text.vListInitialise)
    vListInitialiseItem                      0x0000178d   Thumb Code     6  list.o(.text.vListInitialiseItem)
    vListInsert                              0x00001795   Thumb Code    58  list.o(.text.vListInsert)
    vPortEnterCritical                       0x000017e5   Thumb Code    70  port.o(.text.vPortEnterCritical)
    vPortExitCritical                        0x0000182d   Thumb Code    46  port.o(.text.vPortExitCritical)
    vPortFree                                0x0000185d   Thumb Code    26  heap_1.o(.text.vPortFree)
    vPortSetupTimerInterrupt                 0x00001879   Thumb Code   100  port.o(.text.vPortSetupTimerInterrupt)
    vPortSuppressTicksAndSleep               0x000018dd   Thumb Code   276  port.o(.text.vPortSuppressTicksAndSleep)
    vQueueWaitForMessageRestricted           0x000019f1   Thumb Code    68  queue.o(.text.vQueueWaitForMessageRestricted)
    vTaskDelay                               0x00001a35   Thumb Code    84  tasks.o(.text.vTaskDelay)
    vTaskInternalSetTimeOutState             0x00001a89   Thumb Code    26  tasks.o(.text.vTaskInternalSetTimeOutState)
    vTaskMissedYield                         0x00001aa5   Thumb Code    14  tasks.o(.text.vTaskMissedYield)
    vTaskPlaceOnEventList                    0x00001ab5   Thumb Code    50  tasks.o(.text.vTaskPlaceOnEventList)
    vTaskPlaceOnEventListRestricted          0x00001ae9   Thumb Code   110  tasks.o(.text.vTaskPlaceOnEventListRestricted)
    vTaskStartScheduler                      0x00001b59   Thumb Code   148  tasks.o(.text.vTaskStartScheduler)
    vTaskStepTick                            0x00001bf5   Thumb Code    54  tasks.o(.text.vTaskStepTick)
    vTaskSuspendAll                          0x00001c2d   Thumb Code    16  tasks.o(.text.vTaskSuspendAll)
    vTaskSwitchContext                       0x00001c3d   Thumb Code   134  tasks.o(.text.vTaskSwitchContext)
    xPortStartScheduler                      0x00001cc5   Thumb Code   274  port.o(.text.xPortStartScheduler)
    xQueueGenericCreate                      0x00001dd9   Thumb Code    82  queue.o(.text.xQueueGenericCreate)
    xQueueGenericReset                       0x00001e2d   Thumb Code   178  queue.o(.text.xQueueGenericReset)
    xQueueGenericSend                        0x00001ee1   Thumb Code   464  queue.o(.text.xQueueGenericSend)
    xQueueReceive                            0x000020b1   Thumb Code   388  queue.o(.text.xQueueReceive)
    xTaskCheckForTimeOut                     0x00002235   Thumb Code   166  tasks.o(.text.xTaskCheckForTimeOut)
    xTaskCreate                              0x000022dd   Thumb Code    96  tasks.o(.text.xTaskCreate)
    xTaskGetSchedulerState                   0x0000233d   Thumb Code    38  tasks.o(.text.xTaskGetSchedulerState)
    xTaskGetTickCount                        0x00002365   Thumb Code    12  tasks.o(.text.xTaskGetTickCount)
    xTaskIncrementTick                       0x00002371   Thumb Code   426  tasks.o(.text.xTaskIncrementTick)
    xTaskPriorityDisinherit                  0x0000251d   Thumb Code   194  tasks.o(.text.xTaskPriorityDisinherit)
    xTaskRemoveFromEventList                 0x000025e1   Thumb Code   246  tasks.o(.text.xTaskRemoveFromEventList)
    xTaskResumeAll                           0x000026d9   Thumb Code   364  tasks.o(.text.xTaskResumeAll)
    xTimerCreateTimerTask                    0x00002845   Thumb Code    88  timers.o(.text.xTimerCreateTimerTask)
    GPIODirModeSet                           0x000028a5   Thumb Code    40  gpio.o(i.GPIODirModeSet)
    GPIOPadConfigSet                         0x000028cd   Thumb Code   354  gpio.o(i.GPIOPadConfigSet)
    GPIOPinRead                              0x00002a3d   Thumb Code     6  gpio.o(i.GPIOPinRead)
    GPIOPinTypeGPIOOutput                    0x00002a43   Thumb Code    28  gpio.o(i.GPIOPinTypeGPIOOutput)
    GPIOPinWrite                             0x00002a5f   Thumb Code     6  gpio.o(i.GPIOPinWrite)
    SysCtlPeripheralEnable                   0x00002a65   Thumb Code    36  sysctl.o(i.SysCtlPeripheralEnable)
    SysCtlPeripheralReady                    0x00002a8d   Thumb Code    40  sysctl.o(i.SysCtlPeripheralReady)
    __0sprintf$1                             0x00002ab9   Thumb Code    34  printf1.o(i.__0sprintf$1)
    __1sprintf$1                             0x00002ab9   Thumb Code     0  printf1.o(i.__0sprintf$1)
    __2sprintf                               0x00002ab9   Thumb Code     0  printf1.o(i.__0sprintf$1)
    __scatterload_copy                       0x00002ae1   Thumb Code    14  handlers.o(i.__scatterload_copy)
    __scatterload_null                       0x00002aef   Thumb Code     2  handlers.o(i.__scatterload_null)
    __scatterload_zeroinit                   0x00002af1   Thumb Code    14  handlers.o(i.__scatterload_zeroinit)
    uxTopUsedPriority                        0x00002c74   Data           4  tasks.o(.rodata.uxTopUsedPriority)
    Region$$Table$$Base                      0x00002c78   Number         0  anon$$obj.o(Region$$Table)
    Region$$Table$$Limit                     0x00002c98   Number         0  anon$$obj.o(Region$$Table)
    SystemCoreClock                          0x20000000   Data           4  system_tm4c123.o(.data.SystemCoreClock)
    XLCDQueue                                0x20000008   Data           4  main.o(.bss.XLCDQueue)
    XUARTQueue                               0x2000000c   Data           4  main.o(.bss.XUARTQueue)
    pxCurrentTCB                             0x20000018   Data           4  tasks.o(.bss.pxCurrentTCB)
    xBuzzerQueue                             0x200010dc   Data           4  main.o(.bss.xBuzzerQueue)
    __initial_sp                             0x20001370   Data           0  startup_tm4c123.o(STACK)



==============================================================================

Memory Map of the image

  Image Entry point : 0x00000289

  Load Region LR_IROM1 (Base: 0x00000000, Size: 0x00002ca0, Max: 0x00040000, ABSOLUTE)

    Execution Region ER_IROM1 (Exec base: 0x00000000, Load base: 0x00000000, Size: 0x00002c98, Max: 0x00040000, ABSOLUTE)

    Exec Addr    Load Addr    Size         Type   Attr      Idx    E Section Name        Object

    0x00000000   0x00000000   0x0000026c   Data   RO           71    RESET               startup_tm4c123.o
    0x0000026c   0x0000026c   0x00000000   Code   RO         1311  * .ARM.Collect$$$$00000000  mc_w.l(entry.o)
    0x0000026c   0x0000026c   0x00000004   Code   RO         1585    .ARM.Collect$$$$00000001  mc_w.l(entry2.o)
    0x00000270   0x00000270   0x00000004   Code   RO         1588    .ARM.Collect$$$$00000004  mc_w.l(entry5.o)
    0x00000274   0x00000274   0x00000000   Code   RO         1590    .ARM.Collect$$$$00000008  mc_w.l(entry7b.o)
    0x00000274   0x00000274   0x00000000   Code   RO         1592    .ARM.Collect$$$$0000000A  mc_w.l(entry8b.o)
    0x00000274   0x00000274   0x00000008   Code   RO         1593    .ARM.Collect$$$$0000000B  mc_w.l(entry9a.o)
    0x0000027c   0x0000027c   0x00000000   Code   RO         1595    .ARM.Collect$$$$0000000D  mc_w.l(entry10a.o)
    0x0000027c   0x0000027c   0x00000000   Code   RO         1597    .ARM.Collect$$$$0000000F  mc_w.l(entry11a.o)
    0x0000027c   0x0000027c   0x00000004   Code   RO         1586    .ARM.Collect$$$$00002712  mc_w.l(entry2.o)
    0x00000280   0x00000280   0x00000006   Code   RO          837    .emb_text           driverlib.lib(sysctl.o)
    0x00000286   0x00000286   0x00000002   PAD
    0x00000288   0x00000288   0x000000fc   Code   RO           72  * .text               startup_tm4c123.o
    0x00000384   0x00000384   0x00000024   Code   RO         1314    .text               mc_w.l(memcpya.o)
    0x000003a8   0x000003a8   0x00000024   Code   RO         1316    .text               mc_w.l(memseta.o)
    0x000003cc   0x000003cc   0x00000018   Code   RO         1318    .text               mc_w.l(strcat.o)
    0x000003e4   0x000003e4   0x0000000e   Code   RO         1320    .text               mc_w.l(strlen.o)
    0x000003f2   0x000003f2   0x0000002c   Code   RO         1613    .text               mc_w.l(uidiv.o)
    0x0000041e   0x0000041e   0x00000002   PAD
    0x00000420   0x00000420   0x00000024   Code   RO         1628    .text               mc_w.l(init.o)
    0x00000444   0x00000444   0x00000074   Code   RO           39    .text.ADC_init      adc.o
    0x000004b8   0x000004b8   0x0000002e   Code   RO           41    .text.ADC_read      adc.o
    0x000004e6   0x000004e6   0x00000002   PAD
    0x000004e8   0x000004e8   0x00000014   Code   RO            8    .text.ByteToStr     main.o
    0x000004fc   0x000004fc   0x00000096   Code   RO            2    .text.InitTask      main.o
    0x00000592   0x00000592   0x00000002   PAD
    0x00000594   0x00000594   0x00000010   Code   RO           54    .text.LCD_Clear     lcd.o
    0x000005a4   0x000005a4   0x00000080   Code   RO           52    .text.LCD_Command   lcd.o
    0x00000624   0x00000624   0x0000001c   Code   RO           56    .text.LCD_Cursor    lcd.o
    0x00000640   0x00000640   0x0000004c   Code   RO           60    .text.LCD_Print     lcd.o
    0x0000068c   0x0000068c   0x0000007e   Code   RO           58    .text.LCD_Show      lcd.o
    0x0000070a   0x0000070a   0x00000002   PAD
    0x0000070c   0x0000070c   0x000000ec   Code   RO           50    .text.LCD_init      lcd.o
    0x000007f8   0x000007f8   0x00000008   PAD
    0x00000800   0x00000800   0x00000064   Code   RO          134    .text.PendSV_Handler  port.o
    0x00000864   0x00000864   0x0000000c   PAD
    0x00000870   0x00000870   0x00000024   Code   RO          118    .text.SVC_Handler   port.o
    0x00000894   0x00000894   0x0000002e   Code   RO          136    .text.SysTick_Handler  port.o
    0x000008c2   0x000008c2   0x00000002   PAD
    0x000008c4   0x000008c4   0x00000070   Code   RO           83    .text.SystemInit    system_tm4c123.o
    0x00000934   0x00000934   0x000000cc   Code   RO           16    .text.Task1         main.o
    0x00000a00   0x00000a00   0x000000b4   Code   RO           18    .text.Task2         main.o
    0x00000ab4   0x00000ab4   0x00000060   Code   RO           20    .text.Task3         main.o
    0x00000b14   0x00000b14   0x00000026   Code   RO           22    .text.Task4         main.o
    0x00000b3a   0x00000b3a   0x00000002   PAD
    0x00000b3c   0x00000b3c   0x0000001c   Code   RO            6    .text.Toggle_Buzzer_LED  main.o
    0x00000b58   0x00000b58   0x0000001c   Code   RO            4    .text.Toggle_Heater_LED  main.o
    0x00000b74   0x00000b74   0x00000012   Code   RO           14    .text.UART_Read     main.o
    0x00000b86   0x00000b86   0x00000002   PAD
    0x00000b88   0x00000b88   0x00000012   Code   RO           12    .text.UART_Write    main.o
    0x00000b9a   0x00000b9a   0x00000002   PAD
    0x00000b9c   0x00000b9c   0x00000034   Code   RO           10    .text.UART_Write_Text  main.o
    0x00000bd0   0x00000bd0   0x00000048   Code   RO          357    .text.eTaskConfirmSleepModeStatus  tasks.o
    0x00000c18   0x00000c18   0x000000f8   Code   RO           24    .text.main          main.o
    0x00000d10   0x00000d10   0x000000c6   Code   RO          279    .text.prvAddCurrentTaskToDelayedList  tasks.o
    0x00000dd6   0x00000dd6   0x00000002   PAD
    0x00000dd8   0x00000dd8   0x000000ce   Code   RO          267    .text.prvAddNewTaskToReadyList  tasks.o
    0x00000ea6   0x00000ea6   0x00000002   PAD
    0x00000ea8   0x00000ea8   0x0000005a   Code   RO          433    .text.prvCheckForValidListAndQueue  timers.o
    0x00000f02   0x00000f02   0x00000002   PAD
    0x00000f04   0x00000f04   0x0000004e   Code   RO          397    .text.prvCheckTasksWaitingTermination  tasks.o
    0x00000f52   0x00000f52   0x00000002   PAD
    0x00000f54   0x00000f54   0x00000026   Code   RO          213    .text.prvCopyDataFromQueue  queue.o
    0x00000f7a   0x00000f7a   0x00000002   PAD
    0x00000f7c   0x00000f7c   0x0000007a   Code   RO          199    .text.prvCopyDataToQueue  queue.o
    0x00000ff6   0x00000ff6   0x00000002   PAD
    0x00000ff8   0x00000ff8   0x00000012   Code   RO          273    .text.prvDeleteTCB  tasks.o
    0x0000100a   0x0000100a   0x00000002   PAD
    0x0000100c   0x0000100c   0x00000044   Code   RO          399    .text.prvGetExpectedIdleTime  tasks.o
    0x00001050   0x00001050   0x00000020   Code   RO          469    .text.prvGetNextExpireTime  timers.o
    0x00001070   0x00001070   0x00000072   Code   RO          305    .text.prvIdleTask   tasks.o
    0x000010e2   0x000010e2   0x00000002   PAD
    0x000010e4   0x000010e4   0x00000024   Code   RO          179    .text.prvInitialiseNewQueue  queue.o
    0x00001108   0x00001108   0x000000aa   Code   RO          265    .text.prvInitialiseNewTask  tasks.o
    0x000011b2   0x000011b2   0x00000002   PAD
    0x000011b4   0x000011b4   0x0000006e   Code   RO          395    .text.prvInitialiseTaskLists  tasks.o
    0x00001222   0x00001222   0x00000002   PAD
    0x00001224   0x00001224   0x00000040   Code   RO          483    .text.prvInsertTimerInActiveList  timers.o
    0x00001264   0x00001264   0x00000018   Code   RO          215    .text.prvIsQueueEmpty  queue.o
    0x0000127c   0x0000127c   0x0000001c   Code   RO          203    .text.prvIsQueueFull  queue.o
    0x00001298   0x00001298   0x0000008e   Code   RO          201    .text.prvNotifyQueueSetContainer  queue.o
    0x00001326   0x00001326   0x00000002   PAD
    0x00001328   0x00001328   0x00000028   Code   RO          126    .text.prvPortStartFirstTask  port.o
    0x00001350   0x00001350   0x0000003e   Code   RO          477    .text.prvProcessExpiredTimer  timers.o
    0x0000138e   0x0000138e   0x00000002   PAD
    0x00001390   0x00001390   0x00000112   Code   RO          473    .text.prvProcessReceivedCommands  timers.o
    0x000014a2   0x000014a2   0x00000002   PAD
    0x000014a4   0x000014a4   0x00000080   Code   RO          471    .text.prvProcessTimerOrBlockTask  timers.o
    0x00001524   0x00001524   0x0000003a   Code   RO          481    .text.prvReloadTimer  timers.o
    0x0000155e   0x0000155e   0x00000002   PAD
    0x00001560   0x00001560   0x00000026   Code   RO          271    .text.prvResetNextTaskUnblockTime  tasks.o
    0x00001586   0x00001586   0x00000002   PAD
    0x00001588   0x00001588   0x0000002a   Code   RO          475    .text.prvSampleTimeNow  timers.o
    0x000015b2   0x000015b2   0x00000002   PAD
    0x000015b4   0x000015b4   0x00000034   Code   RO          479    .text.prvSwitchTimerLists  timers.o
    0x000015e8   0x000015e8   0x00000032   Code   RO          116    .text.prvTaskExitError  port.o
    0x0000161a   0x0000161a   0x00000002   PAD
    0x0000161c   0x0000161c   0x00000016   Code   RO          435    .text.prvTimerTask  timers.o
    0x00001632   0x00001632   0x00000002   PAD
    0x00001634   0x00001634   0x00000086   Code   RO          205    .text.prvUnlockQueue  queue.o
    0x000016ba   0x000016ba   0x00000002   PAD
    0x000016bc   0x000016bc   0x0000006a   Code   RO          156    .text.pvPortMalloc  heap_1.o
    0x00001726   0x00001726   0x00000002   PAD
    0x00001728   0x00001728   0x00000028   Code   RO          114    .text.pxPortInitialiseStack  port.o
    0x00001750   0x00001750   0x00000024   Code   RO          104    .text.uxListRemove  list.o
    0x00001774   0x00001774   0x00000016   Code   RO           96    .text.vListInitialise  list.o
    0x0000178a   0x0000178a   0x00000002   PAD
    0x0000178c   0x0000178c   0x00000006   Code   RO           98    .text.vListInitialiseItem  list.o
    0x00001792   0x00001792   0x00000002   PAD
    0x00001794   0x00001794   0x0000003a   Code   RO          102    .text.vListInsert   list.o
    0x000017ce   0x000017ce   0x00000002   PAD
    0x000017d0   0x000017d0   0x00000014   Code   RO          124    .text.vPortEnableVFP  port.o
    0x000017e4   0x000017e4   0x00000046   Code   RO          130    .text.vPortEnterCritical  port.o
    0x0000182a   0x0000182a   0x00000002   PAD
    0x0000182c   0x0000182c   0x0000002e   Code   RO          132    .text.vPortExitCritical  port.o
    0x0000185a   0x0000185a   0x00000002   PAD
    0x0000185c   0x0000185c   0x0000001a   Code   RO          158    .text.vPortFree     heap_1.o
    0x00001876   0x00001876   0x00000002   PAD
    0x00001878   0x00001878   0x00000064   Code   RO          122    .text.vPortSetupTimerInterrupt  port.o
    0x000018dc   0x000018dc   0x00000114   Code   RO          138    .text.vPortSuppressTicksAndSleep  port.o
    0x000019f0   0x000019f0   0x00000044   Code   RO          243    .text.vQueueWaitForMessageRestricted  queue.o
    0x00001a34   0x00001a34   0x00000054   Code   RO          283    .text.vTaskDelay    tasks.o
    0x00001a88   0x00001a88   0x0000001a   Code   RO          347    .text.vTaskInternalSetTimeOutState  tasks.o
    0x00001aa2   0x00001aa2   0x00000002   PAD
    0x00001aa4   0x00001aa4   0x0000000e   Code   RO          351    .text.vTaskMissedYield  tasks.o
    0x00001ab2   0x00001ab2   0x00000002   PAD
    0x00001ab4   0x00001ab4   0x00000032   Code   RO          335    .text.vTaskPlaceOnEventList  tasks.o
    0x00001ae6   0x00001ae6   0x00000002   PAD
    0x00001ae8   0x00001ae8   0x0000006e   Code   RO          339    .text.vTaskPlaceOnEventListRestricted  tasks.o
    0x00001b56   0x00001b56   0x00000002   PAD
    0x00001b58   0x00001b58   0x0000009c   Code   RO          303    .text.vTaskStartScheduler  tasks.o
    0x00001bf4   0x00001bf4   0x00000036   Code   RO          329    .text.vTaskStepTick  tasks.o
    0x00001c2a   0x00001c2a   0x00000002   PAD
    0x00001c2c   0x00001c2c   0x00000010   Code   RO          277    .text.vTaskSuspendAll  tasks.o
    0x00001c3c   0x00001c3c   0x00000086   Code   RO          295    .text.vTaskSwitchContext  tasks.o
    0x00001cc2   0x00001cc2   0x00000002   PAD
    0x00001cc4   0x00001cc4   0x00000112   Code   RO          120    .text.xPortStartScheduler  port.o
    0x00001dd6   0x00001dd6   0x00000002   PAD
    0x00001dd8   0x00001dd8   0x00000052   Code   RO          177    .text.xQueueGenericCreate  queue.o
    0x00001e2a   0x00001e2a   0x00000002   PAD
    0x00001e2c   0x00001e2c   0x000000b2   Code   RO          175    .text.xQueueGenericReset  queue.o
    0x00001ede   0x00001ede   0x00000002   PAD
    0x00001ee0   0x00001ee0   0x000001d0   Code   RO          191    .text.xQueueGenericSend  queue.o
    0x000020b0   0x000020b0   0x00000184   Code   RO          211    .text.xQueueReceive  queue.o
    0x00002234   0x00002234   0x000000a6   Code   RO          349    .text.xTaskCheckForTimeOut  tasks.o
    0x000022da   0x000022da   0x00000002   PAD
    0x000022dc   0x000022dc   0x00000060   Code   RO          263    .text.xTaskCreate   tasks.o
    0x0000233c   0x0000233c   0x00000026   Code   RO          369    .text.xTaskGetSchedulerState  tasks.o
    0x00002362   0x00002362   0x00000002   PAD
    0x00002364   0x00002364   0x0000000c   Code   RO          311    .text.xTaskGetTickCount  tasks.o
    0x00002370   0x00002370   0x000001aa   Code   RO          309    .text.xTaskIncrementTick  tasks.o
    0x0000251a   0x0000251a   0x00000002   PAD
    0x0000251c   0x0000251c   0x000000c2   Code   RO          373    .text.xTaskPriorityDisinherit  tasks.o
    0x000025de   0x000025de   0x00000002   PAD
    0x000025e0   0x000025e0   0x000000f6   Code   RO          341    .text.xTaskRemoveFromEventList  tasks.o
    0x000026d6   0x000026d6   0x00000002   PAD
    0x000026d8   0x000026d8   0x0000016c   Code   RO          281    .text.xTaskResumeAll  tasks.o
    0x00002844   0x00002844   0x00000060   Code   RO          431    .text.xTimerCreateTimerTask  timers.o
    0x000028a4   0x000028a4   0x00000028   Code   RO          504    i.GPIODirModeSet    driverlib.lib(gpio.o)
    0x000028cc   0x000028cc   0x00000170   Code   RO          516    i.GPIOPadConfigSet  driverlib.lib(gpio.o)
    0x00002a3c   0x00002a3c   0x00000006   Code   RO          518    i.GPIOPinRead       driverlib.lib(gpio.o)
    0x00002a42   0x00002a42   0x0000001c   Code   RO          528    i.GPIOPinTypeGPIOOutput  driverlib.lib(gpio.o)
    0x00002a5e   0x00002a5e   0x00000006   Code   RO          546    i.GPIOPinWrite      driverlib.lib(gpio.o)
    0x00002a64   0x00002a64   0x00000028   Code   RO          871    i.SysCtlPeripheralEnable  driverlib.lib(sysctl.o)
    0x00002a8c   0x00002a8c   0x0000002c   Code   RO          875    i.SysCtlPeripheralReady  driverlib.lib(sysctl.o)
    0x00002ab8   0x00002ab8   0x00000028   Code   RO         1371    i.__0sprintf$1      mc_w.l(printf1.o)
    0x00002ae0   0x00002ae0   0x0000000e   Code   RO         1642    i.__scatterload_copy  mc_w.l(handlers.o)
    0x00002aee   0x00002aee   0x00000002   Code   RO         1643    i.__scatterload_null  mc_w.l(handlers.o)
    0x00002af0   0x00002af0   0x0000000e   Code   RO         1644    i.__scatterload_zeroinit  mc_w.l(handlers.o)
    0x00002afe   0x00002afe   0x00000002   PAD
    0x00002b00   0x00002b00   0x00000154   Code   RO         1376    i._printf_core      mc_w.l(printf1.o)
    0x00002c54   0x00002c54   0x0000000a   Code   RO         1378    i._sputc            mc_w.l(printf1.o)
    0x00002c5e   0x00002c5e   0x00000016   Data   RO           29    .rodata.str1.1      main.o
    0x00002c74   0x00002c74   0x00000004   Data   RO          402    .rodata.uxTopUsedPriority  tasks.o
    0x00002c78   0x00002c78   0x00000020   Data   RO         1641    Region$$Table       anon$$obj.o


    Execution Region RW_IRAM1 (Exec base: 0x20000000, Load base: 0x00002c98, Size: 0x00001370, Max: 0x00008000, ABSOLUTE)

    Exec Addr    Load Addr    Size         Type   Attr      Idx    E Section Name        Object

    0x20000000   0x00002c98   0x00000004   Data   RW           85    .data.SystemCoreClock  system_tm4c123.o
    0x20000004   0x00002c9c   0x00000004   Data   RW          144    .data.uxCriticalNesting  port.o
    0x20000008        -       0x00000004   Zero   RW           27    .bss.XLCDQueue      main.o
    0x2000000c        -       0x00000004   Zero   RW           26    .bss.XUARTQueue     main.o
    0x20000010        -       0x00000004   Zero   RW          489    .bss.prvSampleTimeNow.xLastTime  timers.o
    0x20000014        -       0x00000004   Zero   RW          164    .bss.pvPortMalloc.pucAlignedHeap  heap_1.o
    0x20000018        -       0x00000004   Zero   RW          401    .bss.pxCurrentTCB   tasks.o
    0x2000001c        -       0x00000004   Zero   RW          487    .bss.pxCurrentTimerList  timers.o
    0x20000020        -       0x00000004   Zero   RW          412    .bss.pxDelayedTaskList  tasks.o
    0x20000024        -       0x00000004   Zero   RW          413    .bss.pxOverflowDelayedTaskList  tasks.o
    0x20000028        -       0x00000004   Zero   RW          488    .bss.pxOverflowTimerList  timers.o
    0x2000002c        -       0x00000064   Zero   RW          403    .bss.pxReadyTasksLists  tasks.o
    0x20000090        -       0x00001000   Zero   RW          165    .bss.ucHeap         heap_1.o
    0x20001090        -       0x00000001   Zero   RW          142    .bss.ucMaxSysCallPriority  port.o
    0x20001091   0x00002ca0   0x00000003   PAD
    0x20001094        -       0x00000004   Zero   RW          143    .bss.ulMaxPRIGROUPValue  port.o
    0x20001098        -       0x00000001   Zero   RW          147    .bss.ulStoppedTimerCompensation  port.o
    0x20001099   0x00002ca0   0x00000003   PAD
    0x2000109c        -       0x00000004   Zero   RW          146    .bss.ulTimerCountsForOneTick  port.o
    0x200010a0        -       0x00000004   Zero   RW          408    .bss.uxCurrentNumberOfTasks  tasks.o
    0x200010a4        -       0x00000004   Zero   RW          407    .bss.uxDeletedTasksWaitingCleanUp  tasks.o
    0x200010a8        -       0x00000004   Zero   RW          410    .bss.uxSchedulerSuspended  tasks.o
    0x200010ac        -       0x00000004   Zero   RW          405    .bss.uxTaskNumber   tasks.o
    0x200010b0        -       0x00000004   Zero   RW          404    .bss.uxTopReadyPriority  tasks.o
    0x200010b4        -       0x00000014   Zero   RW          490    .bss.xActiveTimerList1  timers.o
    0x200010c8        -       0x00000014   Zero   RW          491    .bss.xActiveTimerList2  timers.o
    0x200010dc        -       0x00000004   Zero   RW           28    .bss.xBuzzerQueue   main.o
    0x200010e0        -       0x00000014   Zero   RW          421    .bss.xDelayedTaskList1  tasks.o
    0x200010f4        -       0x00000014   Zero   RW          422    .bss.xDelayedTaskList2  tasks.o
    0x20001108        -       0x00000004   Zero   RW          417    .bss.xIdleTaskHandle  tasks.o
    0x2000110c        -       0x00000004   Zero   RW          145    .bss.xMaximumPossibleSuppressedTicks  port.o
    0x20001110        -       0x00000004   Zero   RW          166    .bss.xNextFreeByte  heap_1.o
    0x20001114        -       0x00000004   Zero   RW          418    .bss.xNextTaskUnblockTime  tasks.o
    0x20001118        -       0x00000004   Zero   RW          420    .bss.xNumOfOverflows  tasks.o
    0x2000111c        -       0x00000004   Zero   RW          419    .bss.xPendedTicks   tasks.o
    0x20001120        -       0x00000014   Zero   RW          416    .bss.xPendingReadyList  tasks.o
    0x20001134        -       0x00000004   Zero   RW          409    .bss.xSchedulerRunning  tasks.o
    0x20001138        -       0x00000014   Zero   RW          414    .bss.xSuspendedTaskList  tasks.o
    0x2000114c        -       0x00000014   Zero   RW          406    .bss.xTasksWaitingTermination  tasks.o
    0x20001160        -       0x00000004   Zero   RW          411    .bss.xTickCount     tasks.o
    0x20001164        -       0x00000004   Zero   RW          485    .bss.xTimerQueue    timers.o
    0x20001168        -       0x00000004   Zero   RW          486    .bss.xTimerTaskHandle  timers.o
    0x2000116c        -       0x00000004   Zero   RW          415    .bss.xYieldPending  tasks.o
    0x20001170        -       0x00000200   Zero   RW           69    STACK               startup_tm4c123.o


==============================================================================

Image component sizes


      Code (inc. data)   RO Data    RW Data    ZI Data      Debug   Object Name

       162          0          0          0          0        704   adc.o
       132          0          0          0       4104       1853   heap_1.o
       610          0          0          0          0       1428   lcd.o
       122          0          0          0          0       2343   list.o
      1080        156         22          0         12       3778   main.o
      1098         16          0          4         14       5126   port.o
      1704          0          0          0          0      22859   queue.o
       252         10        620          0        512       5464   startup_tm4c123.o
       112          0          0          4          0       6534   system_tm4c123.o
      3258          8          4          0        260      34486   tasks.o
       920         18          0          0         60      12356   timers.o

    ----------------------------------------------------------------------
      9564        220        678          8       4968      96931   Object Totals
         0          0         32          0          0          0   (incl. Generated)
       114         12          0          0          6          0   (incl. Padding)

    ----------------------------------------------------------------------

      Code (inc. data)   RO Data    RW Data    ZI Data      Debug   Library Member Name

       448         14          0          0          0       8265   gpio.o
        90          8          0          0          0       1401   sysctl.o
         0          0          0          0          0          0   entry.o
         0          0          0          0          0          0   entry10a.o
         0          0          0          0          0          0   entry11a.o
         8          4          0          0          0          0   entry2.o
         4          0          0          0          0          0   entry5.o
         0          0          0          0          0          0   entry7b.o
         0          0          0          0          0          0   entry8b.o
         8          4          0          0          0          0   entry9a.o
        30          0          0          0          0          0   handlers.o
        36          8          0          0          0         68   init.o
        36          0          0          0          0         68   memcpya.o
        36          0          0          0          0        108   memseta.o
       390         10          0          0          0        252   printf1.o
        24          0          0          0          0         68   strcat.o
        14          0          0          0          0         68   strlen.o
        44          0          0          0          0         80   uidiv.o

    ----------------------------------------------------------------------
      1174         48          0          0          0      10378   Library Totals
         6          0          0          0          0          0   (incl. Padding)

    ----------------------------------------------------------------------

      Code (inc. data)   RO Data    RW Data    ZI Data      Debug   Library Name

       538         22          0          0          0       9666   driverlib.lib
       630         26          0          0          0        712   mc_w.l

    ----------------------------------------------------------------------
      1174         48          0          0          0      10378   Library Totals

    ----------------------------------------------------------------------

==============================================================================


      Code (inc. data)   RO Data    RW Data    ZI Data      Debug   

     10738        268        678          8       4968     106673   Grand Totals
     10738        268        678          8       4968     106673   ELF Image Totals
     10738        268        678          8          0          0   ROM Totals

==============================================================================

    Total RO  Size (Code + RO Data)                11416 (  11.15kB)
    Total RW  Size (RW Data + ZI Data)              4976 (   4.86kB)
    Total ROM Size (Code + RO Data + RW Data)      11424 (  11.16kB)

==============================================================================

