Component: ARM Compiler 6.16 Tool: armlink [5dfeaa00]

==============================================================================

Section Cross References

    main.o(.text.InitTask) refers to sysctl.o(i.SysCtlPeripheralEnable) for SysCtlPeripheralEnable
    main.o(.text.InitTask) refers to sysctl.o(i.SysCtlPeripheralReady) for SysCtlPeripheralReady
    main.o(.text.InitTask) refers to gpio.o(i.GPIOPinTypeGPIOOutput) for GPIOPinTypeGPIOOutput
    main.o(.ARM.exidx.text.InitTask) refers to main.o(.text.InitTask) for [Anonymous Symbol]
    main.o(.text.conc) refers to strlen.o(.text) for strlen
    main.o(.ARM.exidx.text.conc) refers to main.o(.text.conc) for [Anonymous Symbol]
    main.o(.ARM.exidx.text.delay) refers to main.o(.text.delay) for [Anonymous Symbol]
    main.o(.text.On_Heater_LED) refers to gpio.o(i.GPIOPinWrite) for GPIOPinWrite
    main.o(.ARM.exidx.text.On_Heater_LED) refers to main.o(.text.On_Heater_LED) for [Anonymous Symbol]
    main.o(.text.Off_Heater_LED) refers to gpio.o(i.GPIOPinWrite) for GPIOPinWrite
    main.o(.ARM.exidx.text.Off_Heater_LED) refers to main.o(.text.Off_Heater_LED) for [Anonymous Symbol]
    main.o(.text.Ring_Buzzer) refers to gpio.o(i.GPIOPinWrite) for GPIOPinWrite
    main.o(.ARM.exidx.text.Ring_Buzzer) refers to main.o(.text.Ring_Buzzer) for [Anonymous Symbol]
    main.o(.text.Stop_Buzzer) refers to gpio.o(i.GPIOPinWrite) for GPIOPinWrite
    main.o(.ARM.exidx.text.Stop_Buzzer) refers to main.o(.text.Stop_Buzzer) for [Anonymous Symbol]
    main.o(.text.ByteToStr) refers to main.o(.rodata.str1.1) for .L.str
    main.o(.text.ByteToStr) refers to printfa.o(i.__0sprintf) for sprintf
    main.o(.ARM.exidx.text.ByteToStr) refers to main.o(.text.ByteToStr) for [Anonymous Symbol]
    main.o(.text.UART_Write_Text) refers to strlen.o(.text) for strlen
    main.o(.ARM.exidx.text.UART_Write_Text) refers to main.o(.text.UART_Write_Text) for [Anonymous Symbol]
    main.o(.ARM.exidx.text.UART_Write) refers to main.o(.text.UART_Write) for [Anonymous Symbol]
    main.o(.ARM.exidx.text.UART_Read) refers to main.o(.text.UART_Read) for [Anonymous Symbol]
    main.o(.text.Task1) refers to adc.o(.text.ADC_init) for ADC_init
    main.o(.text.Task1) refers to main.o(.bss.LCD_TASK_HANDLE) for LCD_TASK_HANDLE
    main.o(.text.Task1) refers to tasks.o(.text.vTaskPrioritySet) for vTaskPrioritySet
    main.o(.text.Task1) refers to main.o(.bss.XUARTQueue) for XUARTQueue
    main.o(.text.Task1) refers to queue.o(.text.xQueueReceive) for xQueueReceive
    main.o(.text.Task1) refers to adc.o(.text.ADC_read) for ADC_read
    main.o(.text.Task1) refers to main.o(.text.On_Heater_LED) for On_Heater_LED
    main.o(.text.Task1) refers to main.o(.text.Off_Heater_LED) for Off_Heater_LED
    main.o(.text.Task1) refers to main.o(.text.ByteToStr) for ByteToStr
    main.o(.text.Task1) refers to main.o(.bss.XLCDQueue) for XLCDQueue
    main.o(.text.Task1) refers to queue.o(.text.xQueueGenericSend) for xQueueGenericSend
    main.o(.text.Task1) refers to main.o(.bss.XBuzzerQueue) for XBuzzerQueue
    main.o(.text.Task1) refers to main.o(.bss.UART_TASK_HANDLE) for UART_TASK_HANDLE
    main.o(.text.Task1) refers to main.o(.bss.BUZZ_TASK_HANDLE) for BUZZ_TASK_HANDLE
    main.o(.text.Task1) refers to main.o(.bss.MAIN_TASK_HANDLE) for MAIN_TASK_HANDLE
    main.o(.ARM.exidx.text.Task1) refers to main.o(.text.Task1) for [Anonymous Symbol]
    main.o(.text.Task2) refers to main.o(.bss.UART_TASK_HANDLE) for UART_TASK_HANDLE
    main.o(.text.Task2) refers to tasks.o(.text.vTaskPrioritySet) for vTaskPrioritySet
    main.o(.text.Task2) refers to main.o(.rodata.str1.1) for .L.str.1
    main.o(.text.Task2) refers to main.o(.text.UART_Write_Text) for UART_Write_Text
    main.o(.text.Task2) refers to main.o(.text.UART_Read) for UART_Read
    main.o(.text.Task2) refers to main.o(.text.UART_Write) for UART_Write
    main.o(.text.Task2) refers to main.o(.bss.XUARTQueue) for XUARTQueue
    main.o(.text.Task2) refers to queue.o(.text.xQueueGenericSend) for xQueueGenericSend
    main.o(.text.Task2) refers to main.o(.bss.LCD_TASK_HANDLE) for LCD_TASK_HANDLE
    main.o(.text.Task2) refers to main.o(.bss.MAIN_TASK_HANDLE) for MAIN_TASK_HANDLE
    main.o(.text.Task2) refers to main.o(.bss.BUZZ_TASK_HANDLE) for BUZZ_TASK_HANDLE
    main.o(.ARM.exidx.text.Task2) refers to main.o(.text.Task2) for [Anonymous Symbol]
    main.o(.text.Task3) refers to lcd.o(.text.LCD4bits_Init) for LCD4bits_Init
    main.o(.text.Task3) refers to lcd.o(.text.LCD4bits_Cmd) for LCD4bits_Cmd
    main.o(.text.Task3) refers to main.o(.bss.XLCDQueue) for XLCDQueue
    main.o(.text.Task3) refers to queue.o(.text.xQueueReceive) for xQueueReceive
    main.o(.text.Task3) refers to main.o(.bss.LCD_TASK_HANDLE) for LCD_TASK_HANDLE
    main.o(.text.Task3) refers to tasks.o(.text.vTaskPrioritySet) for vTaskPrioritySet
    main.o(.text.Task3) refers to lcd.o(.text.delayMs) for delayMs
[...]
    Removing timers.o(.ARM.exidx.text.prvSwitchTimerLists), (8 bytes).
    Removing timers.o(.ARM.exidx.text.prvReloadTimer), (8 bytes).
    Removing timers.o(.ARM.exidx.text.prvInsertTimerInActiveList), (8 bytes).
    Removing gpio.o(i.GPIOADCTriggerDisable), (14 bytes).
    Removing gpio.o(i.GPIOADCTriggerEnable), (12 bytes).
    Removing gpio.o(i.GPIODMATriggerDisable), (14 bytes).
    Removing gpio.o(i.GPIODMATriggerEnable), (12 bytes).
    Removing gpio.o(i.GPIODirModeGet), (34 bytes).
    Removing gpio.o(i.GPIOIntClear), (6 bytes).
    Removing gpio.o(i.GPIOIntDisable), (14 bytes).
    Removing gpio.o(i.GPIOIntEnable), (12 bytes).
    Removing gpio.o(i.GPIOIntRegister), (26 bytes).
    Removing gpio.o(i.GPIOIntRegisterPin), (30 bytes).
    Removing gpio.o(i.GPIOIntStatus), (14 bytes).
    Removing gpio.o(i.GPIOIntTypeGet), (70 bytes).
    Removing gpio.o(i.GPIOIntTypeSet), (80 bytes).
    Removing gpio.o(i.GPIOIntUnregister), (22 bytes).
    Removing gpio.o(i.GPIOIntUnregisterPin), (26 bytes).
    Removing gpio.o(i.GPIOPadConfigGet), (248 bytes).
    Removing gpio.o(i.GPIOPinConfigure), (68 bytes).
    Removing gpio.o(i.GPIOPinRead), (6 bytes).
    Removing gpio.o(i.GPIOPinTypeADC), (28 bytes).
    Removing gpio.o(i.GPIOPinTypeCAN), (28 bytes).
    Removing gpio.o(i.GPIOPinTypeComparator), (28 bytes).
    Removing gpio.o(i.GPIOPinTypeComparatorOutput), (28 bytes).
    Removing gpio.o(i.GPIOPinTypeDIVSCLK), (28 bytes).
    Removing gpio.o(i.GPIOPinTypeEPI), (28 bytes).
    Removing gpio.o(i.GPIOPinTypeEthernetLED), (28 bytes).
    Removing gpio.o(i.GPIOPinTypeEthernetMII), (28 bytes).
    Removing gpio.o(i.GPIOPinTypeGPIOInput), (28 bytes).
    Removing gpio.o(i.GPIOPinTypeGPIOOutputOD), (28 bytes).
    Removing gpio.o(i.GPIOPinTypeHibernateRTCCLK), (28 bytes).
    Removing gpio.o(i.GPIOPinTypeI2C), (28 bytes).
    Removing gpio.o(i.GPIOPinTypeI2CSCL), (28 bytes).
    Removing gpio.o(i.GPIOPinTypeLCD), (28 bytes).
    Removing gpio.o(i.GPIOPinTypeOneWire), (28 bytes).
    Removing gpio.o(i.GPIOPinTypePWM), (28 bytes).
    Removing gpio.o(i.GPIOPinTypeQEI), (28 bytes).
    Removing gpio.o(i.GPIOPinTypeSSI), (28 bytes).
    Removing gpio.o(i.GPIOPinTypeTimer), (28 bytes).
    Removing gpio.o(i.GPIOPinTypeTrace), (28 bytes).
    Removing gpio.o(i.GPIOPinTypeUART), (28 bytes).
    Removing gpio.o(i.GPIOPinTypeUSBAnalog), (28 bytes).
    Removing gpio.o(i.GPIOPinTypeUSBDigital), (28 bytes).
    Removing gpio.o(i.GPIOPinTypeWakeHigh), (30 bytes).
    Removing gpio.o(i.GPIOPinTypeWakeLow), (30 bytes).
    Removing gpio.o(i.GPIOPinWakeStatus), (6 bytes).
    Removing gpio.o(i.GPIOUnlockPin), (24 bytes).
    Removing gpio.o(i._GPIOIntNumberGet), (80 bytes).
    Removing gpio.o(.constdata), (552 bytes).
    Removing sysctl.o(.emb_text), (6 bytes).
    Removing sysctl.o(i.SysCtlAltClkConfig), (12 bytes).
    Removing sysctl.o(i.SysCtlClockFreqSet), (740 bytes).
    Removing sysctl.o(i.SysCtlClockGet), (340 bytes).
    Removing sysctl.o(i.SysCtlClockOutConfig), (20 bytes).
    Removing sysctl.o(i.SysCtlClockSet), (288 bytes).
    Removing sysctl.o(i.SysCtlDeepSleep), (32 bytes).
    Removing sysctl.o(i.SysCtlDeepSleepClockConfigSet), (112 bytes).
    Removing sysctl.o(i.SysCtlDeepSleepClockSet), (12 bytes).
    Removing sysctl.o(i.SysCtlDeepSleepPowerSet), (12 bytes).
    Removing sysctl.o(i.SysCtlFlashSectorSizeGet), (56 bytes).
    Removing sysctl.o(i.SysCtlFlashSizeGet), (56 bytes).
    Removing sysctl.o(i.SysCtlGPIOAHBDisable), (28 bytes).
    Removing sysctl.o(i.SysCtlGPIOAHBEnable), (24 bytes).
    Removing sysctl.o(i.SysCtlIntClear), (12 bytes).
    Removing sysctl.o(i.SysCtlIntDisable), (16 bytes).
    Removing sysctl.o(i.SysCtlIntEnable), (16 bytes).
    Removing sysctl.o(i.SysCtlIntRegister), (20 bytes).
    Removing sysctl.o(i.SysCtlIntStatus), (16 bytes).
    Removing sysctl.o(i.SysCtlIntUnregister), (18 bytes).
    Removing sysctl.o(i.SysCtlLDODeepSleepGet), (12 bytes).
    Removing sysctl.o(i.SysCtlLDODeepSleepSet), (12 bytes).
    Removing sysctl.o(i.SysCtlLDOSleepGet), (12 bytes).
    Removing sysctl.o(i.SysCtlLDOSleepSet), (12 bytes).
    Removing sysctl.o(i.SysCtlMOSCConfigSet), (12 bytes).
    Removing sysctl.o(i.SysCtlNMIClear), (16 bytes).
    Removing sysctl.o(i.SysCtlNMIStatus), (12 bytes).
    Removing sysctl.o(i.SysCtlPIOSCCalibrate), (76 bytes).
    Removing sysctl.o(i.SysCtlPWMClockGet), (24 bytes).
    Removing sysctl.o(i.SysCtlPWMClockSet), (20 bytes).
    Removing sysctl.o(i.SysCtlPeripheralClockGating), (68 bytes).
    Removing sysctl.o(i.SysCtlPeripheralDeepSleepDisable), (40 bytes).
    Removing sysctl.o(i.SysCtlPeripheralDeepSleepEnable), (40 bytes).
    Removing sysctl.o(i.SysCtlPeripheralDisable), (40 bytes).
    Removing sysctl.o(i.SysCtlPeripheralPowerOff), (40 bytes).
    Removing sysctl.o(i.SysCtlPeripheralPowerOn), (40 bytes).
    Removing sysctl.o(i.SysCtlPeripheralPresent), (44 bytes).
    Removing sysctl.o(i.SysCtlPeripheralReset), (60 bytes).
    Removing sysctl.o(i.SysCtlPeripheralSleepDisable), (40 bytes).
    Removing sysctl.o(i.SysCtlPeripheralSleepEnable), (40 bytes).
    Removing sysctl.o(i.SysCtlReset), (16 bytes).
    Removing sysctl.o(i.SysCtlResetBehaviorGet), (12 bytes).
    Removing sysctl.o(i.SysCtlResetBehaviorSet), (12 bytes).
    Removing sysctl.o(i.SysCtlResetCauseClear), (16 bytes).
    Removing sysctl.o(i.SysCtlResetCauseGet), (12 bytes).
    Removing sysctl.o(i.SysCtlSRAMSizeGet), (16 bytes).
    Removing sysctl.o(i.SysCtlSleep), (4 bytes).
    Removing sysctl.o(i.SysCtlSleepPowerSet), (12 bytes).
    Removing sysctl.o(i.SysCtlUSBPLLDisable), (16 bytes).
    Removing sysctl.o(i.SysCtlUSBPLLEnable), (16 bytes).
    Removing sysctl.o(i.SysCtlVCOGet), (120 bytes).
    Removing sysctl.o(i.SysCtlVoltageEventClear), (16 bytes).
    Removing sysctl.o(i.SysCtlVoltageEventConfig), (12 bytes).
    Removing sysctl.o(i.SysCtlVoltageEventStatus), (12 bytes).
    Removing sysctl.o(.constdata), (596 bytes).
    Removing cpu.o(.emb_text), (38 bytes).
    Removing interrupt.o(i.IntDisable), (100 bytes).
    Removing interrupt.o(i.IntEnable), (100 bytes).
    Removing interrupt.o(i.IntIsEnabled), (96 bytes).
    Removing interrupt.o(i.IntMasterDisable), (14 bytes).
    Removing interrupt.o(i.IntMasterEnable), (14 bytes).
    Removing interrupt.o(i.IntPendClear), (68 bytes).
    Removing interrupt.o(i.IntPendSet), (84 bytes).
    Removing interrupt.o(i.IntPriorityGet), (28 bytes).
    Removing interrupt.o(i.IntPriorityGroupingGet), (36 bytes).
    Removing interrupt.o(i.IntPriorityGroupingSet), (28 bytes).
    Removing interrupt.o(i.IntPriorityMaskGet), (4 bytes).
    Removing interrupt.o(i.IntPriorityMaskSet), (4 bytes).
    Removing interrupt.o(i.IntPrioritySet), (40 bytes).
    Removing interrupt.o(i.IntRegister), (52 bytes).
    Removing interrupt.o(i.IntTrigger), (12 bytes).
    Removing interrupt.o(i.IntUnregister), (20 bytes).
    Removing interrupt.o(i._IntDefaultHandler), (2 bytes).
    Removing interrupt.o(.constdata), (268 bytes).
    Removing interrupt.o(vtable), (620 bytes).

416 unused section(s) (total 22138 bytes) removed from the image.

==============================================================================

Image Symbol Table

    Local Symbols

    Symbol Name                              Value     Ov Type        Size  Object(Section)

    ../clib/division.s                       0x00000000   Number         0  aeabi_sdiv.o ABSOLUTE
    ../clib/microlib/division.c              0x00000000   Number         0  uidiv.o ABSOLUTE
    ../clib/microlib/division.c              0x00000000   Number         0  uldiv.o ABSOLUTE
    ../clib/microlib/init/entry.s            0x00000000   Number         0  entry.o ABSOLUTE
    ../clib/microlib/init/entry.s            0x00000000   Number         0  entry2.o ABSOLUTE
    ../clib/microlib/init/entry.s            0x00000000   Number         0  entry5.o ABSOLUTE
    ../clib/microlib/init/entry.s            0x00000000   Number         0  entry7a.o ABSOLUTE
    ../clib/microlib/init/entry.s            0x00000000   Number         0  entry7b.o ABSOLUTE
    ../clib/microlib/init/entry.s            0x00000000   Number         0  entry8a.o ABSOLUTE
    ../clib/microlib/init/entry.s            0x00000000   Number         0  entry8b.o ABSOLUTE
    ../clib/microlib/init/entry.s            0x00000000   Number         0  entry9a.o ABSOLUTE
    ../clib/microlib/init/entry.s            0x00000000   Number         0  entry9b.o ABSOLUTE
    ../clib/microlib/init/entry.s            0x00000000   Number         0  entry10a.o ABSOLUTE
    ../clib/microlib/init/entry.s            0x00000000   Number         0  entry10b.o ABSOLUTE
    ../clib/microlib/init/entry.s            0x00000000   Number         0  entry11a.o ABSOLUTE
    ../clib/microlib/init/entry.s            0x00000000   Number         0  entry11b.o ABSOLUTE
    ../clib/microlib/longlong.c              0x00000000   Number         0  llshl.o ABSOLUTE
    ../clib/microlib/longlong.c              0x00000000   Number         0  llushr.o ABSOLUTE
    ../clib/microlib/longlong.c              0x00000000   Number         0  llsshr.o ABSOLUTE
    ../clib/microlib/printf/printf.c         0x00000000   Number         0  printfa.o ABSOLUTE
    ../clib/microlib/stdio/fputc.c           0x00000000   Number         0  fputc.o ABSOLUTE
    ../clib/microlib/stdio/fputc.c           0x00000000   Number         0  fputc_h.o ABSOLUTE
    ../clib/microlib/stdio/semi.s            0x00000000   Number         0  semi.o ABSOLUTE
    ../clib/microlib/stdio/streams.c         0x00000000   Number         0  stdout.o ABSOLUTE
    ../clib/microlib/string/memcpy.c         0x00000000   Number         0  memcpya.o ABSOLUTE
    ../clib/microlib/string/memcpy.c         0x00000000   Number         0  memcpyb.o ABSOLUTE
    ../clib/microlib/string/memset.c         0x00000000   Number         0  memseta.o ABSOLUTE
    ../clib/microlib/string/strlen.c         0x00000000   Number         0  strlen.o ABSOLUTE
    ../clib/microlib/stubs.s                 0x00000000   Number         0  iusefp.o ABSOLUTE
    ../clib/microlib/stubs.s                 0x00000000   Number         0  iusesemip.o ABSOLUTE
    ../fplib/microlib/fpadd.c                0x00000000   Number         0  dadd.o ABSOLUTE
    ../fplib/microlib/fpdiv.c                0x00000000   Number         0  ddiv.o ABSOLUTE
    ../fplib/microlib/fpepilogue.c           0x00000000   Number         0  depilogue.o ABSOLUTE
    ../fplib/microlib/fpfix.c                0x00000000   Number         0  dfixul.o ABSOLUTE
    ../fplib/microlib/fpmul.c                0x00000000   Number         0  dmul.o ABSOLUTE
    ADC.c                                    0x00000000   Number         0  adc.o ABSOLUTE
    LCD.c                                    0x00000000   Number         0  lcd.o ABSOLUTE
    RTE/Device/TM4C123GH6PM/startup_TM4C123.s 0x00000000   Number         0  startup_tm4c123.o ABSOLUTE
    cdrcmple.s                               0x00000000   Number         0  cdrcmple.o ABSOLUTE
    cpu.c                                    0x00000000   Number         0  cpu.o ABSOLUTE
    cpu.c                                    0x00000000   Number         0  cpu.o ABSOLUTE
    dc.s                                     0x00000000   Number         0  dc.o ABSOLUTE
    freertos_evr.c                           0x00000000   Number         0  freertos_evr.o ABSOLUTE
    gpio.c                                   0x00000000   Number         0  gpio.o ABSOLUTE
    handlers.s                               0x00000000   Number         0  handlers.o ABSOLUTE
    heap_1.c                                 0x00000000   Number         0  heap_1.o ABSOLUTE
    init.s                                   0x00000000   Number         0  init.o ABSOLUTE
    interrupt.c                              0x00000000   Number         0  interrupt.o ABSOLUTE
    list.c                                   0x00000000   Number         0  list.o ABSOLUTE
    main.c                                   0x00000000   Number         0  main.o ABSOLUTE
    port.c                                   0x00000000   Number         0  port.o ABSOLUTE
    queue.c                                  0x00000000   Number         0  queue.o ABSOLUTE
    sysctl.c                                 0x00000000   Number         0  sysctl.o ABSOLUTE
    sysctl.c                                 0x00000000   Number         0  sysctl.o ABSOLUTE
    system_TM4C123.c                         0x00000000   Number         0  system_tm4c123.o ABSOLUTE
    tasks.c                                  0x00000000   Number         0  tasks.o ABSOLUTE
    timers.c                                 0x00000000   Number         0  timers.o ABSOLUTE
    RESET                                    0x00000000   Section      620  startup_tm4c123.o(RESET)
    .ARM.Collect$$$$00000000                 0x0000026c   Section        0  entry.o(.ARM.Collect$$$$00000000)
    .ARM.Collect$$$$00000001                 0x0000026c   Section        4  entry2.o(.ARM.Collect$$$$00000001)
    .ARM.Collect$$$$00000004                 0x00000270   Section        4  entry5.o(.ARM.Collect$$$$00000004)
    .ARM.Collect$$$$00000008                 0x00000274   Section        0  entry7b.o(.ARM.Collect$$$$00000008)
    .ARM.Collect$$$$0000000A                 0x00000274   Section        0  entry8b.o(.ARM.Collect$$$$0000000A)
    .ARM.Collect$$$$0000000B                 0x00000274   Section        8  entry9a.o(.ARM.Collect$$$$0000000B)
    __lit__00000000                          0x0000027c   Data           4  entry2.o(.ARM.Collect$$$$00002712)
    .ARM.Collect$$$$0000000D                 0x0000027c   Section        0  entry10a.o(.ARM.Collect$$$$0000000D)
    .ARM.Collect$$$$0000000F                 0x0000027c   Section        0  entry11a.o(.ARM.Collect$$$$0000000F)
    .ARM.Collect$$$$00002712                 0x0000027c   Section        4  entry2.o(.ARM.Collect$$$$00002712)
    $v0                                      0x00000280   Number         0  startup_tm4c123.o(.text)
    .text                                    0x00000280   Section      252  startup_tm4c123.o(.text)
    .text                                    0x0000037c   Section        0  memcpya.o(.text)
    .text                                    0x000003a0   Section        0  memseta.o(.text)
    .text                                    0x000003c4   Section        0  strlen.o(.text)
    .text                                    0x000003d2   Section        0  uidiv.o(.text)
    .text                                    0x000003fe   Section        0  uldiv.o(.text)
    .text                                    0x00000460   Section        0  iusefp.o(.text)
    .text                                    0x00000460   Section        0  dadd.o(.text)
    .text                                    0x000005ae   Section        0  dmul.o(.text)
    .text                                    0x00000692   Section        0  ddiv.o(.text)
    .text                                    0x00000770   Section        0  dfixul.o(.text)
    .text                                    0x000007a0   Section       48  cdrcmple.o(.text)
    .text                                    0x000007d0   Section       36  init.o(.text)
    .text                                    0x000007f4   Section        0  llshl.o(.text)
    .text                                    0x00000812   Section        0  llushr.o(.text)
    .text                                    0x00000832   Section        0  llsshr.o(.text)
    .text                                    0x00000856   Section        0  depilogue.o(.text)
    [Anonymous Symbol]                       0x00000910   Section        0  adc.o(.text.ADC_init)
    [Anonymous Symbol]                       0x000009a8   Section        0  adc.o(.text.ADC_read)
    [Anonymous Symbol]                       0x000009f0   Section        0  main.o(.text.ByteToStr)
    [Anonymous Symbol]                       0x00000a0c   Section        0  main.o(.text.InitTask)
    [Anonymous Symbol]                       0x00000adc   Section        0  lcd.o(.text.LCD4bits_Cmd)
    [Anonymous Symbol]                       0x00000b20   Section        0  lcd.o(.text.LCD4bits_Data)
    [Anonymous Symbol]                       0x00000b50   Section        0  lcd.o(.text.LCD4bits_Init)
    [Anonymous Symbol]                       0x00000b98   Section        0  lcd.o(.text.LCD_Write4bits)
    [Anonymous Symbol]                       0x00000c00   Section        0  lcd.o(.text.LCD_WriteString)
    [Anonymous Symbol]                       0x00000c2c   Section        0  main.o(.text.Off_Heater_LED)
    [Anonymous Symbol]                       0x00000c3c   Section        0  main.o(.text.On_Heater_LED)
    [Anonymous Symbol]                       0x00000c50   Section        0  port.o(.text.PendSV_Handler)
    pxCurrentTCBConst                        0x00000cb0   Number         0  port.o(.text.PendSV_Handler)
    [Anonymous Symbol]                       0x00000cb4   Section        0  main.o(.text.Ring_Buzzer)
    [Anonymous Symbol]                       0x00000cd0   Section        0  port.o(.text.SVC_Handler)
    pxCurrentTCBConst2                       0x00000cf0   Number         0  port.o(.text.SVC_Handler)
    [Anonymous Symbol]                       0x00000cf4   Section        0  main.o(.text.Stop_Buzzer)
    [Anonymous Symbol]                       0x00000d04   Section        0  port.o(.text.SysTick_Handler)
    [Anonymous Symbol]                       0x00000d40   Section        0  system_tm4c123.o(.text.SystemInit)
    [Anonymous Symbol]                       0x00000e4c   Section        0  main.o(.text.Task1)
    [Anonymous Symbol]                       0x00000fcc   Section        0  main.o(.text.Task2)
    [Anonymous Symbol]                       0x00001090   Section        0  main.o(.text.Task3)
    [Anonymous Symbol]                       0x00001198   Section        0  main.o(.text.Task4)
    [Anonymous Symbol]                       0x0000122c   Section        0  main.o(.text.UART_Read)
    [Anonymous Symbol]                       0x00001258   Section        0  main.o(.text.UART_Write)
    [Anonymous Symbol]                       0x00001284   Section        0  main.o(.text.UART_Write_Text)
    [Anonymous Symbol]                       0x000012e4   Section        0  main.o(.text.conc)
    [Anonymous Symbol]                       0x00001328   Section        0  lcd.o(.text.delayMs)
    [Anonymous Symbol]                       0x00001368   Section        0  lcd.o(.text.delayUs)
    [Anonymous Symbol]                       0x000013a4   Section        0  tasks.o(.text.eTaskConfirmSleepModeStatus)
    [Anonymous Symbol]                       0x00001424   Section        0  main.o(.text.main)
    prvAddCurrentTaskToDelayedList           0x0000155d   Thumb Code   290  tasks.o(.text.prvAddCurrentTaskToDelayedList)
    [Anonymous Symbol]                       0x0000155c   Section        0  tasks.o(.text.prvAddCurrentTaskToDelayedList)
    prvAddNewTaskToReadyList                 0x00001681   Thumb Code   340  tasks.o(.text.prvAddNewTaskToReadyList)
    [Anonymous Symbol]                       0x00001680   Section        0  tasks.o(.text.prvAddNewTaskToReadyList)
    prvCheckForValidListAndQueue             0x000017d5   Thumb Code   106  timers.o(.text.prvCheckForValidListAndQueue)
    [Anonymous Symbol]                       0x000017d4   Section        0  timers.o(.text.prvCheckForValidListAndQueue)
    prvCheckTasksWaitingTermination          0x00001841   Thumb Code    90  tasks.o(.text.prvCheckTasksWaitingTermination)
    [Anonymous Symbol]                       0x00001840   Section        0  tasks.o(.text.prvCheckTasksWaitingTermination)
    prvCopyDataFromQueue                     0x0000189d   Thumb Code    66  queue.o(.text.prvCopyDataFromQueue)
    [Anonymous Symbol]                       0x0000189c   Section        0  queue.o(.text.prvCopyDataFromQueue)
    prvCopyDataToQueue                       0x000018e1   Thumb Code   204  queue.o(.text.prvCopyDataToQueue)
    [Anonymous Symbol]                       0x000018e0   Section        0  queue.o(.text.prvCopyDataToQueue)
    prvDeleteTCB                             0x000019ad   Thumb Code    24  tasks.o(.text.prvDeleteTCB)
    [Anonymous Symbol]                       0x000019ac   Section        0  tasks.o(.text.prvDeleteTCB)
    prvGetExpectedIdleTime                   0x000019c5   Thumb Code   124  tasks.o(.text.prvGetExpectedIdleTime)
    [Anonymous Symbol]                       0x000019c4   Section        0  tasks.o(.text.prvGetExpectedIdleTime)
    prvGetNextExpireTime                     0x00001a41   Thumb Code    64  timers.o(.text.prvGetNextExpireTime)
    [Anonymous Symbol]                       0x00001a40   Section        0  timers.o(.text.prvGetNextExpireTime)
    prvIdleTask                              0x00001a81   Thumb Code   154  tasks.o(.text.prvIdleTask)
    [Anonymous Symbol]                       0x00001a80   Section        0  tasks.o(.text.prvIdleTask)
    prvInitialiseNewQueue                    0x00001b1d   Thumb Code    78  queue.o(.text.prvInitialiseNewQueue)
    [Anonymous Symbol]                       0x00001b1c   Section        0  queue.o(.text.prvInitialiseNewQueue)
    prvInitialiseNewTask                     0x00001b6d   Thumb Code   326  tasks.o(.text.prvInitialiseNewTask)
    [Anonymous Symbol]                       0x00001b6c   Section        0  tasks.o(.text.prvInitialiseNewTask)
    prvInitialiseTaskLists                   0x00001cb5   Thumb Code   142  tasks.o(.text.prvInitialiseTaskLists)
    [Anonymous Symbol]                       0x00001cb4   Section        0  tasks.o(.text.prvInitialiseTaskLists)
    prvInsertTimerInActiveList               0x00001d45   Thumb Code   134  timers.o(.text.prvInsertTimerInActiveList)
    [Anonymous Symbol]                       0x00001d44   Section        0  timers.o(.text.prvInsertTimerInActiveList)
    prvIsQueueEmpty                          0x00001dcd   Thumb Code    40  queue.o(.text.prvIsQueueEmpty)
    [Anonymous Symbol]                       0x00001dcc   Section        0  queue.o(.text.prvIsQueueEmpty)
    prvIsQueueFull                           0x00001df5   Thumb Code    46  queue.o(.text.prvIsQueueFull)
    [Anonymous Symbol]                       0x00001df4   Section        0  queue.o(.text.prvIsQueueFull)
    prvNotifyQueueSetContainer               0x00001e25   Thumb Code   216  queue.o(.text.prvNotifyQueueSetContainer)
    [Anonymous Symbol]                       0x00001e24   Section        0  queue.o(.text.prvNotifyQueueSetContainer)
    prvPortStartFirstTask                    0x00001efd   Thumb Code    40  port.o(.text.prvPortStartFirstTask)
    [Anonymous Symbol]                       0x00001efc   Section        0  port.o(.text.prvPortStartFirstTask)
    prvProcessExpiredTimer                   0x00001f25   Thumb Code    84  timers.o(.text.prvProcessExpiredTimer)
    [Anonymous Symbol]                       0x00001f24   Section        0  timers.o(.text.prvProcessExpiredTimer)
    prvProcessReceivedCommands               0x00001f79   Thumb Code   384  timers.o(.text.prvProcessReceivedCommands)
    [Anonymous Symbol]                       0x00001f78   Section        0  timers.o(.text.prvProcessReceivedCommands)
    prvProcessTimerOrBlockTask               0x000020f9   Thumb Code   154  timers.o(.text.prvProcessTimerOrBlockTask)
    [Anonymous Symbol]                       0x000020f8   Section        0  timers.o(.text.prvProcessTimerOrBlockTask)
    prvReloadTimer                           0x00002195   Thumb Code    52  timers.o(.text.prvReloadTimer)
    [Anonymous Symbol]                       0x00002194   Section        0  timers.o(.text.prvReloadTimer)
    prvResetNextTaskUnblockTime              0x000021c9   Thumb Code    60  tasks.o(.text.prvResetNextTaskUnblockTime)
    [Anonymous Symbol]                       0x000021c8   Section        0  tasks.o(.text.prvResetNextTaskUnblockTime)
    prvSampleTimeNow                         0x00002205   Thumb Code    68  timers.o(.text.prvSampleTimeNow)
    [Anonymous Symbol]                       0x00002204   Section        0  timers.o(.text.prvSampleTimeNow)
    prvSwitchTimerLists                      0x00002249   Thumb Code    82  timers.o(.text.prvSwitchTimerLists)
    [Anonymous Symbol]                       0x00002248   Section        0  timers.o(.text.prvSwitchTimerLists)
    prvTaskExitError                         0x0000229d   Thumb Code    76  port.o(.text.prvTaskExitError)
    [Anonymous Symbol]                       0x0000229c   Section        0  port.o(.text.prvTaskExitError)
    prvTimerTask                             0x000022e9   Thumb Code    30  timers.o(.text.prvTimerTask)
    [Anonymous Symbol]                       0x000022e8   Section        0  timers.o(.text.prvTimerTask)
    prvUnlockQueue                           0x00002309   Thumb Code   204  queue.o(.text.prvUnlockQueue)
    [Anonymous Symbol]                       0x00002308   Section        0  queue.o(.text.prvUnlockQueue)
    [Anonymous Symbol]                       0x000023d4   Section        0  heap_1.o(.text.pvPortMalloc)
    [Anonymous Symbol]                       0x00002494   Section        0  port.o(.text.pxPortInitialiseStack)
    [Anonymous Symbol]                       0x000024f4   Section        0  list.o(.text.uxListRemove)
    [Anonymous Symbol]                       0x0000253c   Section        0  list.o(.text.vListInitialise)
    [Anonymous Symbol]                       0x0000256c   Section        0  list.o(.text.vListInitialiseItem)
    [Anonymous Symbol]                       0x0000257c   Section        0  list.o(.text.vListInsert)
    vPortEnableVFP                           0x000025e9   Thumb Code    20  port.o(.text.vPortEnableVFP)
    [Anonymous Symbol]                       0x000025e8   Section        0  port.o(.text.vPortEnableVFP)
    [Anonymous Symbol]                       0x000025fc   Section        0  port.o(.text.vPortEnterCritical)
    [Anonymous Symbol]                       0x00002654   Section        0  port.o(.text.vPortExitCritical)
    [Anonymous Symbol]                       0x000026a0   Section        0  heap_1.o(.text.vPortFree)
    [Anonymous Symbol]                       0x000026c4   Section        0  port.o(.text.vPortSetupTimerInterrupt)
    [Anonymous Symbol]                       0x0000273c   Section        0  port.o(.text.vPortSuppressTicksAndSleep)
    [Anonymous Symbol]                       0x00002948   Section        0  queue.o(.text.vQueueWaitForMessageRestricted)
    [Anonymous Symbol]                       0x000029ac   Section        0  tasks.o(.text.vTaskInternalSetTimeOutState)
    [Anonymous Symbol]                       0x000029d0   Section        0  tasks.o(.text.vTaskMissedYield)
    [Anonymous Symbol]                       0x000029e0   Section        0  tasks.o(.text.vTaskPlaceOnEventList)
    [Anonymous Symbol]                       0x00002a24   Section        0  tasks.o(.text.vTaskPlaceOnEventListRestricted)
    [Anonymous Symbol]                       0x00002aa0   Section        0  tasks.o(.text.vTaskPrioritySet)
    [Anonymous Symbol]                       0x00002c84   Section        0  tasks.o(.text.vTaskStartScheduler)
    [Anonymous Symbol]                       0x00002d40   Section        0  tasks.o(.text.vTaskStepTick)
    [Anonymous Symbol]                       0x00002d8c   Section        0  tasks.o(.text.vTaskSuspendAll)
    __tagsym$$used.0                         0x00002d9c   Number         0  tasks.o(.text.vTaskSwitchContext)
    [Anonymous Symbol]                       0x00002d9c   Section        0  tasks.o(.text.vTaskSwitchContext)
    [Anonymous Symbol]                       0x00002e5c   Section        0  port.o(.text.xPortStartScheduler)
    [Anonymous Symbol]                       0x00002fb4   Section        0  queue.o(.text.xQueueGenericCreate)
    [Anonymous Symbol]                       0x00003050   Section        0  queue.o(.text.xQueueGenericReset)
    [Anonymous Symbol]                       0x00003158   Section        0  queue.o(.text.xQueueGenericSend)
    [Anonymous Symbol]                       0x000033cc   Section        0  queue.o(.text.xQueueReceive)
    [Anonymous Symbol]                       0x000035a8   Section        0  tasks.o(.text.xTaskCheckForTimeOut)
    [Anonymous Symbol]                       0x000036a4   Section        0  tasks.o(.text.xTaskCreate)
    [Anonymous Symbol]                       0x0000373c   Section        0  tasks.o(.text.xTaskGetSchedulerState)
    [Anonymous Symbol]                       0x00003774   Section        0  tasks.o(.text.xTaskGetTickCount)
    [Anonymous Symbol]                       0x00003788   Section        0  tasks.o(.text.xTaskIncrementTick)
    [Anonymous Symbol]                       0x000039e8   Section        0  tasks.o(.text.xTaskPriorityDisinherit)
    [Anonymous Symbol]                       0x00003b20   Section        0  tasks.o(.text.xTaskRemoveFromEventList)
    [Anonymous Symbol]                       0x00003cb4   Section        0  tasks.o(.text.xTaskResumeAll)
    [Anonymous Symbol]                       0x00003ed8   Section        0  timers.o(.text.xTimerCreateTimerTask)
    i.GPIODirModeSet                         0x00003f44   Section        0  gpio.o(i.GPIODirModeSet)
    i.GPIOPadConfigSet                       0x00003f6c   Section        0  gpio.o(i.GPIOPadConfigSet)
    i.GPIOPinTypeGPIOOutput                  0x000040dc   Section        0  gpio.o(i.GPIOPinTypeGPIOOutput)
    i.GPIOPinWrite                           0x000040f8   Section        0  gpio.o(i.GPIOPinWrite)
    i.SysCtlPeripheralEnable                 0x00004100   Section        0  sysctl.o(i.SysCtlPeripheralEnable)
    i.SysCtlPeripheralReady                  0x00004128   Section        0  sysctl.o(i.SysCtlPeripheralReady)
    i.__0sprintf                             0x00004154   Section        0  printfa.o(i.__0sprintf)
    i.__scatterload_copy                     0x0000417c   Section       14  handlers.o(i.__scatterload_copy)
    i.__scatterload_null                     0x0000418a   Section        2  handlers.o(i.__scatterload_null)
    i.__scatterload_zeroinit                 0x0000418c   Section       14  handlers.o(i.__scatterload_zeroinit)
    _fp_digits                               0x0000419d   Thumb Code   366  printfa.o(i._fp_digits)
    i._fp_digits                             0x0000419c   Section        0  printfa.o(i._fp_digits)
    _printf_core                             0x00004321   Thumb Code  1744  printfa.o(i._printf_core)
    i._printf_core                           0x00004320   Section        0  printfa.o(i._printf_core)
    _printf_post_padding                     0x000049fd   Thumb Code    36  printfa.o(i._printf_post_padding)
    i._printf_post_padding                   0x000049fc   Section        0  printfa.o(i._printf_post_padding)
    _printf_pre_padding                      0x00004a21   Thumb Code    46  printfa.o(i._printf_pre_padding)
    i._printf_pre_padding                    0x00004a20   Section        0  printfa.o(i._printf_pre_padding)
    _sputc                                   0x00004a4f   Thumb Code    10  printfa.o(i._sputc)
    i._sputc                                 0x00004a4e   Section        0  printfa.o(i._sputc)
    .L.str.1                                 0x00004a58   Data          44  main.o(.rodata.str1.1)
    [Anonymous Symbol]                       0x00004a58   Section        0  main.o(.rodata.str1.1)
    .L.str.2                                 0x00004a84   Data          35  main.o(.rodata.str1.1)
    .L.str                                   0x00004aa7   Data           3  main.o(.rodata.str1.1)
    .L.str.5                                 0x00004aaa   Data          15  main.o(.rodata.str1.1)
    .L.str.3                                 0x00004ab9   Data          16  main.o(.rodata.str1.1)
    .L.str.6                                 0x00004ac9   Data          18  main.o(.rodata.str1.1)
    .L.str.4                                 0x00004adb   Data          16  main.o(.rodata.str1.1)
    .L.str                                   0x00004aeb   Data           5  tasks.o(.rodata.str1.1)
    [Anonymous Symbol]                       0x00004aeb   Section        0  tasks.o(.rodata.str1.1)
    .L.str                                   0x00004af0   Data           8  timers.o(.rodata.str1.1)
    [Anonymous Symbol]                       0x00004af0   Section        0  timers.o(.rodata.str1.1)
    uxCriticalNesting                        0x20000004   Data           4  port.o(.data.uxCriticalNesting)
    [Anonymous Symbol]                       0x20000004   Section        0  port.o(.data.uxCriticalNesting)
    prvSampleTimeNow.xLastTime               0x20000024   Data           4  timers.o(.bss.prvSampleTimeNow.xLastTime)
    [Anonymous Symbol]                       0x20000024   Section        0  timers.o(.bss.prvSampleTimeNow.xLastTime)
    pvPortMalloc.pucAlignedHeap              0x20000028   Data           4  heap_1.o(.bss.pvPortMalloc.pucAlignedHeap)
    [Anonymous Symbol]                       0x20000028   Section        0  heap_1.o(.bss.pvPortMalloc.pucAlignedHeap)
    pxCurrentTimerList                       0x20000030   Data           4  timers.o(.bss.pxCurrentTimerList)
    [Anonymous Symbol]                       0x20000030   Section        0  timers.o(.bss.pxCurrentTimerList)
    pxDelayedTaskList                        0x20000034   Data           4  tasks.o(.bss.pxDelayedTaskList)
    [Anonymous Symbol]                       0x20000034   Section        0  tasks.o(.bss.pxDelayedTaskList)
    pxOverflowDelayedTaskList                0x20000038   Data           4  tasks.o(.bss.pxOverflowDelayedTaskList)
    [Anonymous Symbol]                       0x20000038   Section        0  tasks.o(.bss.pxOverflowDelayedTaskList)
    pxOverflowTimerList                      0x2000003c   Data           4  timers.o(.bss.pxOverflowTimerList)
    [Anonymous Symbol]                       0x2000003c   Section        0  timers.o(.bss.pxOverflowTimerList)
    pxReadyTasksLists                        0x20000040   Data         100  tasks.o(.bss.pxReadyTasksLists)
    [Anonymous Symbol]                       0x20000040   Section        0  tasks.o(.bss.pxReadyTasksLists)
    ucHeap                                   0x200000a4   Data        4096  heap_1.o(.bss.ucHeap)
    [Anonymous Symbol]                       0x200000a4   Section        0  heap_1.o(.bss.ucHeap)
    ucMaxSysCallPriority                     0x200010a4   Data           1  port.o(.bss.ucMaxSysCallPriority)
    [Anonymous Symbol]                       0x200010a4   Section        0  port.o(.bss.ucMaxSysCallPriority)
    ulMaxPRIGROUPValue                       0x200010a8   Data           4  port.o(.bss.ulMaxPRIGROUPValue)
    [Anonymous Symbol]                       0x200010a8   Section        0  port.o(.bss.ulMaxPRIGROUPValue)
    ulStoppedTimerCompensation               0x200010ac   Data           4  port.o(.bss.ulStoppedTimerCompensation)
    [Anonymous Symbol]                       0x200010ac   Section        0  port.o(.bss.ulStoppedTimerCompensation)
    ulTimerCountsForOneTick                  0x200010b0   Data           4  port.o(.bss.ulTimerCountsForOneTick)
    [Anonymous Symbol]                       0x200010b0   Section        0  port.o(.bss.ulTimerCountsForOneTick)
    uxCurrentNumberOfTasks                   0x200010b4   Data           4  tasks.o(.bss.uxCurrentNumberOfTasks)
    [Anonymous Symbol]                       0x200010b4   Section        0  tasks.o(.bss.uxCurrentNumberOfTasks)
    uxDeletedTasksWaitingCleanUp             0x200010b8   Data           4  tasks.o(.bss.uxDeletedTasksWaitingCleanUp)
    [Anonymous Symbol]                       0x200010b8   Section        0  tasks.o(.bss.uxDeletedTasksWaitingCleanUp)
    uxSchedulerSuspended                     0x200010bc   Data           4  tasks.o(.bss.uxSchedulerSuspended)
    [Anonymous Symbol]                       0x200010bc   Section        0  tasks.o(.bss.uxSchedulerSuspended)
    uxTaskNumber                             0x200010c0   Data           4  tasks.o(.bss.uxTaskNumber)
    [Anonymous Symbol]                       0x200010c0   Section        0  tasks.o(.bss.uxTaskNumber)
    uxTopReadyPriority                       0x200010c4   Data           4  tasks.o(.bss.uxTopReadyPriority)
    [Anonymous Symbol]                       0x200010c4   Section        0  tasks.o(.bss.uxTopReadyPriority)
    xActiveTimerList1                        0x200010c8   Data          20  timers.o(.bss.xActiveTimerList1)
    [Anonymous Symbol]                       0x200010c8   Section        0  timers.o(.bss.xActiveTimerList1)
    xActiveTimerList2                        0x200010dc   Data          20  timers.o(.bss.xActiveTimerList2)
    [Anonymous Symbol]                       0x200010dc   Section        0  timers.o(.bss.xActiveTimerList2)
    xDelayedTaskList1                        0x200010f0   Data          20  tasks.o(.bss.xDelayedTaskList1)
    [Anonymous Symbol]                       0x200010f0   Section        0  tasks.o(.bss.xDelayedTaskList1)
    xDelayedTaskList2                        0x20001104   Data          20  tasks.o(.bss.xDelayedTaskList2)
    [Anonymous Symbol]                       0x20001104   Section        0  tasks.o(.bss.xDelayedTaskList2)
    xIdleTaskHandle                          0x20001118   Data           4  tasks.o(.bss.xIdleTaskHandle)
    [Anonymous Symbol]                       0x20001118   Section        0  tasks.o(.bss.xIdleTaskHandle)
    xMaximumPossibleSuppressedTicks          0x2000111c   Data           4  port.o(.bss.xMaximumPossibleSuppressedTicks)
    [Anonymous Symbol]                       0x2000111c   Section        0  port.o(.bss.xMaximumPossibleSuppressedTicks)
    xNextFreeByte                            0x20001120   Data           4  heap_1.o(.bss.xNextFreeByte)
    [Anonymous Symbol]                       0x20001120   Section        0  heap_1.o(.bss.xNextFreeByte)
    xNextTaskUnblockTime                     0x20001124   Data           4  tasks.o(.bss.xNextTaskUnblockTime)
    [Anonymous Symbol]                       0x20001124   Section        0  tasks.o(.bss.xNextTaskUnblockTime)
    xNumOfOverflows                          0x20001128   Data           4  tasks.o(.bss.xNumOfOverflows)
    [Anonymous Symbol]                       0x20001128   Section        0  tasks.o(.bss.xNumOfOverflows)
    xPendedTicks                             0x2000112c   Data           4  tasks.o(.bss.xPendedTicks)
    [Anonymous Symbol]                       0x2000112c   Section        0  tasks.o(.bss.xPendedTicks)
    xPendingReadyList                        0x20001130   Data          20  tasks.o(.bss.xPendingReadyList)
    [Anonymous Symbol]                       0x20001130   Section        0  tasks.o(.bss.xPendingReadyList)
    xSchedulerRunning                        0x20001144   Data           4  tasks.o(.bss.xSchedulerRunning)
    [Anonymous Symbol]                       0x20001144   Section        0  tasks.o(.bss.xSchedulerRunning)
    xSuspendedTaskList                       0x20001148   Data          20  tasks.o(.bss.xSuspendedTaskList)
    [Anonymous Symbol]                       0x20001148   Section        0  tasks.o(.bss.xSuspendedTaskList)
    xTasksWaitingTermination                 0x2000115c   Data          20  tasks.o(.bss.xTasksWaitingTermination)
    [Anonymous Symbol]                       0x2000115c   Section        0  tasks.o(.bss.xTasksWaitingTermination)
    xTickCount                               0x20001170   Data           4  tasks.o(.bss.xTickCount)
    [Anonymous Symbol]                       0x20001170   Section        0  tasks.o(.bss.xTickCount)
    xTimerQueue                              0x20001174   Data           4  timers.o(.bss.xTimerQueue)
    [Anonymous Symbol]                       0x20001174   Section        0  timers.o(.bss.xTimerQueue)
    xTimerTaskHandle                         0x20001178   Data           4  timers.o(.bss.xTimerTaskHandle)
    [Anonymous Symbol]                       0x20001178   Section        0  timers.o(.bss.xTimerTaskHandle)
    xYieldPending                            0x2000117c   Data           4  tasks.o(.bss.xYieldPending)
    [Anonymous Symbol]                       0x2000117c   Section        0  tasks.o(.bss.xYieldPending)
    STACK                                    0x20001180   Section      512  startup_tm4c123.o(STACK)

    Global Symbols

    Symbol Name                              Value     Ov Type        Size  Object(Section)

    BuildAttributes$$THM_ISAv4$E$P$D$K$B$S$7EM$VFPi3$EXTD16$VFPS$VFMA$PE$A:L22UL41UL21$X:L11$S22US41US21$IEEE1$IW$~IW$USESV6$~STKCKD$USESV7$~SHL$OTIME$ROPI$EBA8$MICROLIB$REQ8$PRES8$EABIv2 0x00000000   Number         0  anon$$obj.o ABSOLUTE
    __Vectors                                0x00000000   Data           4  startup_tm4c123.o(RESET)
    __cpp_initialize__aeabi_                  - Undefined Weak Reference
    __cxa_finalize                            - Undefined Weak Reference
    __decompress                              - Undefined Weak Reference
    _clock_init                               - Undefined Weak Reference
    _microlib_exit                            - Undefined Weak Reference
    __Vectors_End                            0x0000026c   Data           0  startup_tm4c123.o(RESET)
    __Vectors_Size                           0x0000026c   Number         0  startup_tm4c123.o ABSOLUTE
    __main                                   0x0000026d   Thumb Code     0  entry.o(.ARM.Collect$$$$00000000)
    _main_stk                                0x0000026d   Thumb Code     0  entry2.o(.ARM.Collect$$$$00000001)
    _main_scatterload                        0x00000271   Thumb Code     0  entry5.o(.ARM.Collect$$$$00000004)
    __main_after_scatterload                 0x00000275   Thumb Code     0  entry5.o(.ARM.Collect$$$$00000004)
    _main_clock                              0x00000275   Thumb Code     0  entry7b.o(.ARM.Collect$$$$00000008)
    _main_cpp_init                           0x00000275   Thumb Code     0  entry8b.o(.ARM.Collect$$$$0000000A)
    _main_init                               0x00000275   Thumb Code     0  entry9a.o(.ARM.Collect$$$$0000000B)
    __rt_final_cpp                           0x0000027d   Thumb Code     0  entry10a.o(.ARM.Collect$$$$0000000D)
    __rt_final_exit                          0x0000027d   Thumb Code     0  entry11a.o(.ARM.Collect$$$$0000000F)
    Reset_Handler                            0x00000281   Thumb Code     8  startup_tm4c123.o(.text)
    NMI_Handler                              0x00000289   Thumb Code     2  startup_tm4c123.o(.text)
    HardFault_Handler                        0x0000028b   Thumb Code     2  startup_tm4c123.o(.text)
    MemManage_Handler                        0x0000028d   Thumb Code     2  startup_tm4c123.o(.text)
    BusFault_Handler                         0x0000028f   Thumb Code     2  startup_tm4c123.o(.text)
    UsageFault_Handler                       0x00000291   Thumb Code     2  startup_tm4c123.o(.text)
    DebugMon_Handler                         0x00000295   Thumb Code     2  startup_tm4c123.o(.text)
    GPIOA_Handler                            0x0000029b   Thumb Code     2  startup_tm4c123.o(.text)
    GPIOB_Handler                            0x0000029d   Thumb Code     2  startup_tm4c123.o(.text)
    GPIOC_Handler                            0x0000029f   Thumb Code     2  startup_tm4c123.o(.text)
    GPIOD_Handler                            0x000002a1   Thumb Code     2  startup_tm4c123.o(.text)
    GPIOE_Handler                            0x000002a3   Thumb Code     2  startup_tm4c123.o(.text)
    UART0_Handler                            0x000002a5   Thumb Code     2  startup_tm4c123.o(.text)
    UART1_Handler                            0x000002a7   Thumb Code     2  startup_tm4c123.o(.text)
    SSI0_Handler                             0x000002a9   Thumb Code     2  startup_tm4c123.o(.text)
    I2C0_Handler                             0x000002ab   Thumb Code     2  startup_tm4c123.o(.text)
    PMW0_FAULT_Handler                       0x000002ad   Thumb Code     2  startup_tm4c123.o(.text)
    PWM0_0_Handler                           0x000002af   Thumb Code     2  startup_tm4c123.o(.text)
    PWM0_1_Handler                           0x000002b1   Thumb Code     2  startup_tm4c123.o(.text)
    PWM0_2_Handler                           0x000002b3   Thumb Code     2  startup_tm4c123.o(.text)
    QEI0_Handler                             0x000002b5   Thumb Code     2  startup_tm4c123.o(.text)
    ADC0SS0_Handler                          0x000002b7   Thumb Code     2  startup_tm4c123.o(.text)
    ADC0SS1_Handler                          0x000002b9   Thumb Code     2  startup_tm4c123.o(.text)
    ADC0SS2_Handler                          0x000002bb   Thumb Code     2  startup_tm4c123.o(.text)
    ADC0SS3_Handler                          0x000002bd   Thumb Code     2  startup_tm4c123.o(.text)
    WDT0_Handler                             0x000002bf   Thumb Code     2  startup_tm4c123.o(.text)
    TIMER0A_Handler                          0x000002c1   Thumb Code     2  startup_tm4c123.o(.text)
    TIMER0B_Handler                          0x000002c3   Thumb Code     2  startup_tm4c123.o(.text)
    TIMER1A_Handler                          0x000002c5   Thumb Code     2  startup_tm4c123.o(.text)
    TIMER1B_Handler                          0x000002c7   Thumb Code     2  startup_tm4c123.o(.text)
    TIMER2A_Handler                          0x000002c9   Thumb Code     2  startup_tm4c123.o(.text)
    TIMER2B_Handler                          0x000002cb   Thumb Code     2  startup_tm4c123.o(.text)
    COMP0_Handler                            0x000002cd   Thumb Code     2  startup_tm4c123.o(.text)
    COMP1_Handler                            0x000002cf   Thumb Code     2  startup_tm4c123.o(.text)
    COMP2_Handler                            0x000002d1   Thumb Code     2  startup_tm4c123.o(.text)
    SYSCTL_Handler                           0x000002d3   Thumb Code     2  startup_tm4c123.o(.text)
    FLASH_Handler                            0x000002d5   Thumb Code     2  startup_tm4c123.o(.text)
    GPIOF_Handler                            0x000002d7   Thumb Code     2  startup_tm4c123.o(.text)
    GPIOG_Handler                            0x000002d9   Thumb Code     2  startup_tm4c123.o(.text)
    GPIOH_Handler                            0x000002db   Thumb Code     2  startup_tm4c123.o(.text)
    UART2_Handler                            0x000002dd   Thumb Code     2  startup_tm4c123.o(.text)
    SSI1_Handler                             0x000002df   Thumb Code     2  startup_tm4c123.o(.text)
    TIMER3A_Handler                          0x000002e1   Thumb Code     2  startup_tm4c123.o(.text)
    TIMER3B_Handler                          0x000002e3   Thumb Code     2  startup_tm4c123.o(.text)
    I2C1_Handler                             0x000002e5   Thumb Code     2  startup_tm4c123.o(.text)
    QEI1_Handler                             0x000002e7   Thumb Code     2  startup_tm4c123.o(.text)
    CAN0_Handler                             0x000002e9   Thumb Code     2  startup_tm4c123.o(.text)
    CAN1_Handler                             0x000002eb   Thumb Code     2  startup_tm4c123.o(.text)
    CAN2_Handler                             0x000002ed   Thumb Code     2  startup_tm4c123.o(.text)
    HIB_Handler                              0x000002ef   Thumb Code     2  startup_tm4c123.o(.text)
    USB0_Handler                             0x000002f1   Thumb Code     2  startup_tm4c123.o(.text)
    PWM0_3_Handler                           0x000002f3   Thumb Code     2  startup_tm4c123.o(.text)
    UDMA_Handler                             0x000002f5   Thumb Code     2  startup_tm4c123.o(.text)
    UDMAERR_Handler                          0x000002f7   Thumb Code     2  startup_tm4c123.o(.text)
    ADC1SS0_Handler                          0x000002f9   Thumb Code     2  startup_tm4c123.o(.text)
    ADC1SS1_Handler                          0x000002fb   Thumb Code     2  startup_tm4c123.o(.text)
    ADC1SS2_Handler                          0x000002fd   Thumb Code     2  startup_tm4c123.o(.text)
    ADC1SS3_Handler                          0x000002ff   Thumb Code     2  startup_tm4c123.o(.text)
    GPIOJ_Handler                            0x00000301   Thumb Code     2  startup_tm4c123.o(.text)
    GPIOK_Handler                            0x00000303   Thumb Code     2  startup_tm4c123.o(.text)
    GPIOL_Handler                            0x00000305   Thumb Code     2  startup_tm4c123.o(.text)
    SSI2_Handler                             0x00000307   Thumb Code     2  startup_tm4c123.o(.text)
    SSI3_Handler                             0x00000309   Thumb Code     2  startup_tm4c123.o(.text)
    UART3_Handler                            0x0000030b   Thumb Code     2  startup_tm4c123.o(.text)
    UART4_Handler                            0x0000030d   Thumb Code     2  startup_tm4c123.o(.text)
    UART5_Handler                            0x0000030f   Thumb Code     2  startup_tm4c123.o(.text)
    UART6_Handler                            0x00000311   Thumb Code     2  startup_tm4c123.o(.text)
    UART7_Handler                            0x00000313   Thumb Code     2  startup_tm4c123.o(.text)
    I2C2_Handler                             0x00000315   Thumb Code     2  startup_tm4c123.o(.text)
    I2C3_Handler                             0x00000317   Thumb Code     2  startup_tm4c123.o(.text)
    TIMER4A_Handler                          0x00000319   Thumb Code     2  startup_tm4c123.o(.text)
    TIMER4B_Handler                          0x0000031b   Thumb Code     2  startup_tm4c123.o(.text)
    TIMER5A_Handler                          0x0000031d   Thumb Code     2  startup_tm4c123.o(.text)
    TIMER5B_Handler                          0x0000031f   Thumb Code     2  startup_tm4c123.o(.text)
    WTIMER0A_Handler                         0x00000321   Thumb Code     2  startup_tm4c123.o(.text)
    WTIMER0B_Handler                         0x00000323   Thumb Code     2  startup_tm4c123.o(.text)
    WTIMER1A_Handler                         0x00000325   Thumb Code     2  startup_tm4c123.o(.text)
    WTIMER1B_Handler                         0x00000327   Thumb Code     2  startup_tm4c123.o(.text)
    WTIMER2A_Handler                         0x00000329   Thumb Code     2  startup_tm4c123.o(.text)
    WTIMER2B_Handler                         0x0000032b   Thumb Code     2  startup_tm4c123.o(.text)
    WTIMER3A_Handler                         0x0000032d   Thumb Code     2  startup_tm4c123.o(.text)
    WTIMER3B_Handler                         0x0000032f   Thumb Code     2  startup_tm4c123.o(.text)
    WTIMER4A_Handler                         0x00000331   Thumb Code     2  startup_tm4c123.o(.text)
    WTIMER4B_Handler                         0x00000333   Thumb Code     2  startup_tm4c123.o(.text)
    WTIMER5A_Handler                         0x00000335   Thumb Code     2  startup_tm4c123.o(.text)
    WTIMER5B_Handler                         0x00000337   Thumb Code     2  startup_tm4c123.o(.text)
    FPU_Handler                              0x00000339   Thumb Code     2  startup_tm4c123.o(.text)
    I2C4_Handler                             0x0000033b   Thumb Code     2  startup_tm4c123.o(.text)
    I2C5_Handler                             0x0000033d   Thumb Code     2  startup_tm4c123.o(.text)
    GPIOM_Handler                            0x0000033f   Thumb Code     2  startup_tm4c123.o(.text)
    GPION_Handler                            0x00000341   Thumb Code     2  startup_tm4c123.o(.text)
    QEI2_Handler                             0x00000343   Thumb Code     2  startup_tm4c123.o(.text)
    GPIOP0_Handler                           0x00000345   Thumb Code     2  startup_tm4c123.o(.text)
    GPIOP1_Handler                           0x00000347   Thumb Code     2  startup_tm4c123.o(.text)
    GPIOP2_Handler                           0x00000349   Thumb Code     2  startup_tm4c123.o(.text)
    GPIOP3_Handler                           0x0000034b   Thumb Code     2  startup_tm4c123.o(.text)
    GPIOP4_Handler                           0x0000034d   Thumb Code     2  startup_tm4c123.o(.text)
    GPIOP5_Handler                           0x0000034f   Thumb Code     2  startup_tm4c123.o(.text)
    GPIOP6_Handler                           0x00000351   Thumb Code     2  startup_tm4c123.o(.text)
    GPIOP7_Handler                           0x00000353   Thumb Code     2  startup_tm4c123.o(.text)
    GPIOQ0_Handler                           0x00000355   Thumb Code     2  startup_tm4c123.o(.text)
    GPIOQ1_Handler                           0x00000357   Thumb Code     2  startup_tm4c123.o(.text)
    GPIOQ2_Handler                           0x00000359   Thumb Code     2  startup_tm4c123.o(.text)
    GPIOQ3_Handler                           0x0000035b   Thumb Code     2  startup_tm4c123.o(.text)
    GPIOQ4_Handler                           0x0000035d   Thumb Code     2  startup_tm4c123.o(.text)
    GPIOQ5_Handler                           0x0000035f   Thumb Code     2  startup_tm4c123.o(.text)
    GPIOQ6_Handler                           0x00000361   Thumb Code     2  startup_tm4c123.o(.text)
    GPIOQ7_Handler                           0x00000363   Thumb Code     2  startup_tm4c123.o(.text)
    GPIOR_Handler                            0x00000365   Thumb Code     2  startup_tm4c123.o(.text)
    GPIOS_Handler                            0x00000367   Thumb Code     2  startup_tm4c123.o(.text)
    PMW1_0_Handler                           0x00000369   Thumb Code     2  startup_tm4c123.o(.text)
    PWM1_1_Handler                           0x0000036b   Thumb Code     2  startup_tm4c123.o(.text)
    PWM1_2_Handler                           0x0000036d   Thumb Code     2  startup_tm4c123.o(.text)
    PWM1_3_Handler                           0x0000036f   Thumb Code     2  startup_tm4c123.o(.text)
    PWM1_FAULT_Handler                       0x00000371   Thumb Code     2  startup_tm4c123.o(.text)
    __aeabi_memcpy                           0x0000037d   Thumb Code    36  memcpya.o(.text)
    __aeabi_memcpy4                          0x0000037d   Thumb Code     0  memcpya.o(.text)
    __aeabi_memcpy8                          0x0000037d   Thumb Code     0  memcpya.o(.text)
    __aeabi_memset                           0x000003a1   Thumb Code    14  memseta.o(.text)
    __aeabi_memset4                          0x000003a1   Thumb Code     0  memseta.o(.text)
    __aeabi_memset8                          0x000003a1   Thumb Code     0  memseta.o(.text)
    __aeabi_memclr                           0x000003af   Thumb Code     4  memseta.o(.text)
    __aeabi_memclr4                          0x000003af   Thumb Code     0  memseta.o(.text)
    __aeabi_memclr8                          0x000003af   Thumb Code     0  memseta.o(.text)
    _memset$wrapper                          0x000003b3   Thumb Code    18  memseta.o(.text)
    strlen                                   0x000003c5   Thumb Code    14  strlen.o(.text)
    __aeabi_uidiv                            0x000003d3   Thumb Code     0  uidiv.o(.text)
    __aeabi_uidivmod                         0x000003d3   Thumb Code    44  uidiv.o(.text)
    __aeabi_uldivmod                         0x000003ff   Thumb Code    98  uldiv.o(.text)
    __I$use$fp                               0x00000461   Thumb Code     0  iusefp.o(.text)
    __aeabi_dadd                             0x00000461   Thumb Code   322  dadd.o(.text)
    __aeabi_dsub                             0x000005a3   Thumb Code     6  dadd.o(.text)
    __aeabi_drsub                            0x000005a9   Thumb Code     6  dadd.o(.text)
    __aeabi_dmul                             0x000005af   Thumb Code   228  dmul.o(.text)
    __aeabi_ddiv                             0x00000693   Thumb Code   222  ddiv.o(.text)
    __aeabi_d2ulz                            0x00000771   Thumb Code    48  dfixul.o(.text)
    __aeabi_cdrcmple                         0x000007a1   Thumb Code    48  cdrcmple.o(.text)
    __scatterload                            0x000007d1   Thumb Code    28  init.o(.text)
    __scatterload_rt2                        0x000007d1   Thumb Code     0  init.o(.text)
    __aeabi_llsl                             0x000007f5   Thumb Code    30  llshl.o(.text)
    _ll_shift_l                              0x000007f5   Thumb Code     0  llshl.o(.text)
    __aeabi_llsr                             0x00000813   Thumb Code    32  llushr.o(.text)
    _ll_ushift_r                             0x00000813   Thumb Code     0  llushr.o(.text)
    __aeabi_lasr                             0x00000833   Thumb Code    36  llsshr.o(.text)
    _ll_sshift_r                             0x00000833   Thumb Code     0  llsshr.o(.text)
    _double_round                            0x00000857   Thumb Code    30  depilogue.o(.text)
    _double_epilogue                         0x00000875   Thumb Code   156  depilogue.o(.text)
    ADC_init                                 0x00000911   Thumb Code   150  adc.o(.text.ADC_init)
    ADC_read                                 0x000009a9   Thumb Code    70  adc.o(.text.ADC_read)
    ByteToStr                                0x000009f1   Thumb Code    28  main.o(.text.ByteToStr)
    InitTask                                 0x00000a0d   Thumb Code   206  main.o(.text.InitTask)
    LCD4bits_Cmd                             0x00000add   Thumb Code    68  lcd.o(.text.LCD4bits_Cmd)
    LCD4bits_Data                            0x00000b21   Thumb Code    48  lcd.o(.text.LCD4bits_Data)
    LCD4bits_Init                            0x00000b51   Thumb Code    72  lcd.o(.text.LCD4bits_Init)
    LCD_Write4bits                           0x00000b99   Thumb Code   104  lcd.o(.text.LCD_Write4bits)
    LCD_WriteString                          0x00000c01   Thumb Code    44  lcd.o(.text.LCD_WriteString)
    Off_Heater_LED                           0x00000c2d   Thumb Code    16  main.o(.text.Off_Heater_LED)
    On_Heater_LED                            0x00000c3d   Thumb Code    16  main.o(.text.On_Heater_LED)
    PendSV_Handler                           0x00000c51   Thumb Code   100  port.o(.text.PendSV_Handler)
    Ring_Buzzer                              0x00000cb5   Thumb Code    16  main.o(.text.Ring_Buzzer)
    SVC_Handler                              0x00000cd1   Thumb Code    36  port.o(.text.SVC_Handler)
    Stop_Buzzer                              0x00000cf5   Thumb Code    16  main.o(.text.Stop_Buzzer)
    SysTick_Handler                          0x00000d05   Thumb Code    60  port.o(.text.SysTick_Handler)
    SystemInit                               0x00000d41   Thumb Code   268  system_tm4c123.o(.text.SystemInit)
    Task1                                    0x00000e4d   Thumb Code   384  main.o(.text.Task1)
    Task2                                    0x00000fcd   Thumb Code   196  main.o(.text.Task2)
    Task3                                    0x00001091   Thumb Code   264  main.o(.text.Task3)
    Task4                                    0x00001199   Thumb Code   148  main.o(.text.Task4)
    UART_Read                                0x0000122d   Thumb Code    44  main.o(.text.UART_Read)
    UART_Write                               0x00001259   Thumb Code    42  main.o(.text.UART_Write)
    UART_Write_Text                          0x00001285   Thumb Code    94  main.o(.text.UART_Write_Text)
    conc                                     0x000012e5   Thumb Code    66  main.o(.text.conc)
    delayMs                                  0x00001329   Thumb Code    62  lcd.o(.text.delayMs)
    delayUs                                  0x00001369   Thumb Code    58  lcd.o(.text.delayUs)
    eTaskConfirmSleepModeStatus              0x000013a5   Thumb Code   128  tasks.o(.text.eTaskConfirmSleepModeStatus)
    main                                     0x00001425   Thumb Code   312  main.o(.text.main)
    pvPortMalloc                             0x000023d5   Thumb Code   192  heap_1.o(.text.pvPortMalloc)
    pxPortInitialiseStack                    0x00002495   Thumb Code    94  port.o(.text.pxPortInitialiseStack)
    uxListRemove                             0x000024f5   Thumb Code    72  list.o(.text.uxListRemove)
    vListInitialise                          0x0000253d   Thumb Code    46  list.o(.text.vListInitialise)
    vListInitialiseItem                      0x0000256d   Thumb Code    14  list.o(.text.vListInitialiseItem)
    vListInsert                              0x0000257d   Thumb Code   106  list.o(.text.vListInsert)
    vPortEnterCritical                       0x000025fd   Thumb Code    86  port.o(.text.vPortEnterCritical)
    vPortExitCritical                        0x00002655   Thumb Code    74  port.o(.text.vPortExitCritical)
    vPortFree                                0x000026a1   Thumb Code    36  heap_1.o(.text.vPortFree)
    vPortSetupTimerInterrupt                 0x000026c5   Thumb Code   120  port.o(.text.vPortSetupTimerInterrupt)
    vPortSuppressTicksAndSleep               0x0000273d   Thumb Code   524  port.o(.text.vPortSuppressTicksAndSleep)
    vQueueWaitForMessageRestricted           0x00002949   Thumb Code   100  queue.o(.text.vQueueWaitForMessageRestricted)
    vTaskInternalSetTimeOutState             0x000029ad   Thumb Code    36  tasks.o(.text.vTaskInternalSetTimeOutState)
    vTaskMissedYield                         0x000029d1   Thumb Code    14  tasks.o(.text.vTaskMissedYield)
    vTaskPlaceOnEventList                    0x000029e1   Thumb Code    66  tasks.o(.text.vTaskPlaceOnEventList)
    vTaskPlaceOnEventListRestricted          0x00002a25   Thumb Code   124  tasks.o(.text.vTaskPlaceOnEventListRestricted)
    vTaskPrioritySet                         0x00002aa1   Thumb Code   484  tasks.o(.text.vTaskPrioritySet)
    vTaskStartScheduler                      0x00002c85   Thumb Code   186  tasks.o(.text.vTaskStartScheduler)
    vTaskStepTick                            0x00002d41   Thumb Code    76  tasks.o(.text.vTaskStepTick)
    vTaskSuspendAll                          0x00002d8d   Thumb Code    16  tasks.o(.text.vTaskSuspendAll)
    vTaskSwitchContext                       0x00002d9d   Thumb Code   190  tasks.o(.text.vTaskSwitchContext)
    xPortStartScheduler                      0x00002e5d   Thumb Code   342  port.o(.text.xPortStartScheduler)
    xQueueGenericCreate                      0x00002fb5   Thumb Code   154  queue.o(.text.xQueueGenericCreate)
    xQueueGenericReset                       0x00003051   Thumb Code   264  queue.o(.text.xQueueGenericReset)
    xQueueGenericSend                        0x00003159   Thumb Code   628  queue.o(.text.xQueueGenericSend)
    xQueueReceive                            0x000033cd   Thumb Code   476  queue.o(.text.xQueueReceive)
    xTaskCheckForTimeOut                     0x000035a9   Thumb Code   252  tasks.o(.text.xTaskCheckForTimeOut)
    xTaskCreate                              0x000036a5   Thumb Code   152  tasks.o(.text.xTaskCreate)
    xTaskGetSchedulerState                   0x0000373d   Thumb Code    56  tasks.o(.text.xTaskGetSchedulerState)
    xTaskGetTickCount                        0x00003775   Thumb Code    20  tasks.o(.text.xTaskGetTickCount)
    xTaskIncrementTick                       0x00003789   Thumb Code   608  tasks.o(.text.xTaskIncrementTick)
    xTaskPriorityDisinherit                  0x000039e9   Thumb Code   312  tasks.o(.text.xTaskPriorityDisinherit)
    xTaskRemoveFromEventList                 0x00003b21   Thumb Code   402  tasks.o(.text.xTaskRemoveFromEventList)
    xTaskResumeAll                           0x00003cb5   Thumb Code   546  tasks.o(.text.xTaskResumeAll)
    xTimerCreateTimerTask                    0x00003ed9   Thumb Code   108  timers.o(.text.xTimerCreateTimerTask)
    GPIODirModeSet                           0x00003f45   Thumb Code    40  gpio.o(i.GPIODirModeSet)
    GPIOPadConfigSet                         0x00003f6d   Thumb Code   354  gpio.o(i.GPIOPadConfigSet)
    GPIOPinTypeGPIOOutput                    0x000040dd   Thumb Code    28  gpio.o(i.GPIOPinTypeGPIOOutput)
    GPIOPinWrite                             0x000040f9   Thumb Code     6  gpio.o(i.GPIOPinWrite)
    SysCtlPeripheralEnable                   0x00004101   Thumb Code    36  sysctl.o(i.SysCtlPeripheralEnable)
    SysCtlPeripheralReady                    0x00004129   Thumb Code    40  sysctl.o(i.SysCtlPeripheralReady)
    __0sprintf                               0x00004155   Thumb Code    34  printfa.o(i.__0sprintf)
    __1sprintf                               0x00004155   Thumb Code     0  printfa.o(i.__0sprintf)
    __2sprintf                               0x00004155   Thumb Code     0  printfa.o(i.__0sprintf)
    __c89sprintf                             0x00004155   Thumb Code     0  printfa.o(i.__0sprintf)
    sprintf                                  0x00004155   Thumb Code     0  printfa.o(i.__0sprintf)
    __scatterload_copy                       0x0000417d   Thumb Code    14  handlers.o(i.__scatterload_copy)
    __scatterload_null                       0x0000418b   Thumb Code     2  handlers.o(i.__scatterload_null)
    __scatterload_zeroinit                   0x0000418d   Thumb Code    14  handlers.o(i.__scatterload_zeroinit)
    uxTopUsedPriority                        0x00004af8   Data           4  tasks.o(.rodata.uxTopUsedPriority)
    Region$$Table$$Base                      0x00004afc   Number         0  anon$$obj.o(Region$$Table)
    Region$$Table$$Limit                     0x00004b1c   Number         0  anon$$obj.o(Region$$Table)
    SystemCoreClock                          0x20000000   Data           4  system_tm4c123.o(.data.SystemCoreClock)
    BUZZ_TASK_HANDLE                         0x20000008   Data           4  main.o(.bss.BUZZ_TASK_HANDLE)
    LCD_TASK_HANDLE                          0x2000000c   Data           4  main.o(.bss.LCD_TASK_HANDLE)
    MAIN_TASK_HANDLE                         0x20000010   Data           4  main.o(.bss.MAIN_TASK_HANDLE)
    UART_TASK_HANDLE                         0x20000014   Data           4  main.o(.bss.UART_TASK_HANDLE)
    XBuzzerQueue                             0x20000018   Data           4  main.o(.bss.XBuzzerQueue)
    XLCDQueue                                0x2000001c   Data           4  main.o(.bss.XLCDQueue)
    XUARTQueue                               0x20000020   Data           4  main.o(.bss.XUARTQueue)
    pxCurrentTCB                             0x2000002c   Data           4  tasks.o(.bss.pxCurrentTCB)
    __initial_sp                             0x20001380   Data           0  startup_tm4c123.o(STACK)



==============================================================================

Memory Map of the image

  Image Entry point : 0x00000281

  Load Region LR_IROM1 (Base: 0x00000000, Size: 0x00004b28, Max: 0x00040000, ABSOLUTE)

    Execution Region ER_IROM1 (Exec base: 0x00000000, Load base: 0x00000000, Size: 0x00004b1c, Max: 0x00040000, ABSOLUTE)

    Exec Addr    Load Addr    Size         Type   Attr      Idx    E Section Name        Object

    0x00000000   0x00000000   0x0000026c   Data   RO           83    RESET               startup_tm4c123.o
    0x0000026c   0x0000026c   0x00000000   Code   RO         1317  * .ARM.Collect$$$$00000000  mc_w.l(entry.o)
    0x0000026c   0x0000026c   0x00000004   Code   RO         1356    .ARM.Collect$$$$00000001  mc_w.l(entry2.o)
    0x00000270   0x00000270   0x00000004   Code   RO         1359    .ARM.Collect$$$$00000004  mc_w.l(entry5.o)
    0x00000274   0x00000274   0x00000000   Code   RO         1361    .ARM.Collect$$$$00000008  mc_w.l(entry7b.o)
    0x00000274   0x00000274   0x00000000   Code   RO         1363    .ARM.Collect$$$$0000000A  mc_w.l(entry8b.o)
    0x00000274   0x00000274   0x00000008   Code   RO         1364    .ARM.Collect$$$$0000000B  mc_w.l(entry9a.o)
    0x0000027c   0x0000027c   0x00000000   Code   RO         1366    .ARM.Collect$$$$0000000D  mc_w.l(entry10a.o)
    0x0000027c   0x0000027c   0x00000000   Code   RO         1368    .ARM.Collect$$$$0000000F  mc_w.l(entry11a.o)
    0x0000027c   0x0000027c   0x00000004   Code   RO         1357    .ARM.Collect$$$$00002712  mc_w.l(entry2.o)
    0x00000280   0x00000280   0x000000fc   Code   RO           84  * .text               startup_tm4c123.o
    0x0000037c   0x0000037c   0x00000024   Code   RO         1320    .text               mc_w.l(memcpya.o)
    0x000003a0   0x000003a0   0x00000024   Code   RO         1322    .text               mc_w.l(memseta.o)
    0x000003c4   0x000003c4   0x0000000e   Code   RO         1324    .text               mc_w.l(strlen.o)
    0x000003d2   0x000003d2   0x0000002c   Code   RO         1384    .text               mc_w.l(uidiv.o)
    0x000003fe   0x000003fe   0x00000062   Code   RO         1386    .text               mc_w.l(uldiv.o)
    0x00000460   0x00000460   0x00000000   Code   RO         1388    .text               mc_w.l(iusefp.o)
    0x00000460   0x00000460   0x0000014e   Code   RO         1389    .text               mf_w.l(dadd.o)
    0x000005ae   0x000005ae   0x000000e4   Code   RO         1391    .text               mf_w.l(dmul.o)
    0x00000692   0x00000692   0x000000de   Code   RO         1393    .text               mf_w.l(ddiv.o)
    0x00000770   0x00000770   0x00000030   Code   RO         1395    .text               mf_w.l(dfixul.o)
    0x000007a0   0x000007a0   0x00000030   Code   RO         1397    .text               mf_w.l(cdrcmple.o)
    0x000007d0   0x000007d0   0x00000024   Code   RO         1399    .text               mc_w.l(init.o)
    0x000007f4   0x000007f4   0x0000001e   Code   RO         1402    .text               mc_w.l(llshl.o)
    0x00000812   0x00000812   0x00000020   Code   RO         1404    .text               mc_w.l(llushr.o)
    0x00000832   0x00000832   0x00000024   Code   RO         1406    .text               mc_w.l(llsshr.o)
    0x00000856   0x00000856   0x000000ba   Code   RO         1409    .text               mf_w.l(depilogue.o)
    0x00000910   0x00000910   0x00000096   Code   RO           50    .text.ADC_init      adc.o
    0x000009a6   0x000009a6   0x00000002   PAD
    0x000009a8   0x000009a8   0x00000046   Code   RO           52    .text.ADC_read      adc.o
    0x000009ee   0x000009ee   0x00000002   PAD
    0x000009f0   0x000009f0   0x0000001c   Code   RO           16    .text.ByteToStr     main.o
    0x00000a0c   0x00000a0c   0x000000ce   Code   RO            2    .text.InitTask      main.o
    0x00000ada   0x00000ada   0x00000002   PAD
    0x00000adc   0x00000adc   0x00000044   Code   RO           65    .text.LCD4bits_Cmd  lcd.o
    0x00000b20   0x00000b20   0x00000030   Code   RO           73    .text.LCD4bits_Data  lcd.o
    0x00000b50   0x00000b50   0x00000048   Code   RO           61    .text.LCD4bits_Init  lcd.o
    0x00000b98   0x00000b98   0x00000068   Code   RO           67    .text.LCD_Write4bits  lcd.o
    0x00000c00   0x00000c00   0x0000002c   Code   RO           71    .text.LCD_WriteString  lcd.o
    0x00000c2c   0x00000c2c   0x00000010   Code   RO           10    .text.Off_Heater_LED  main.o
    0x00000c3c   0x00000c3c   0x00000010   Code   RO            8    .text.On_Heater_LED  main.o
    0x00000c4c   0x00000c4c   0x00000004   PAD
    0x00000c50   0x00000c50   0x00000064   Code   RO          143    .text.PendSV_Handler  port.o
    0x00000cb4   0x00000cb4   0x00000010   Code   RO           12    .text.Ring_Buzzer   main.o
    0x00000cc4   0x00000cc4   0x0000000c   PAD
    0x00000cd0   0x00000cd0   0x00000024   Code   RO          127    .text.SVC_Handler   port.o
    0x00000cf4   0x00000cf4   0x00000010   Code   RO           14    .text.Stop_Buzzer   main.o
    0x00000d04   0x00000d04   0x0000003c   Code   RO          145    .text.SysTick_Handler  port.o
    0x00000d40   0x00000d40   0x0000010c   Code   RO           95    .text.SystemInit    system_tm4c123.o
    0x00000e4c   0x00000e4c   0x00000180   Code   RO           24    .text.Task1         main.o
    0x00000fcc   0x00000fcc   0x000000c4   Code   RO           26    .text.Task2         main.o
    0x00001090   0x00001090   0x00000108   Code   RO           28    .text.Task3         main.o
    0x00001198   0x00001198   0x00000094   Code   RO           30    .text.Task4         main.o
    0x0000122c   0x0000122c   0x0000002c   Code   RO           22    .text.UART_Read     main.o
    0x00001258   0x00001258   0x0000002a   Code   RO           20    .text.UART_Write    main.o
    0x00001282   0x00001282   0x00000002   PAD
    0x00001284   0x00001284   0x0000005e   Code   RO           18    .text.UART_Write_Text  main.o
    0x000012e2   0x000012e2   0x00000002   PAD
    0x000012e4   0x000012e4   0x00000042   Code   RO            4    .text.conc          main.o
    0x00001326   0x00001326   0x00000002   PAD
    0x00001328   0x00001328   0x0000003e   Code   RO           63    .text.delayMs       lcd.o
    0x00001366   0x00001366   0x00000002   PAD
    0x00001368   0x00001368   0x0000003a   Code   RO           69    .text.delayUs       lcd.o
    0x000013a2   0x000013a2   0x00000002   PAD
    0x000013a4   0x000013a4   0x00000080   Code   RO          363    .text.eTaskConfirmSleepModeStatus  tasks.o
    0x00001424   0x00001424   0x00000138   Code   RO           32    .text.main          main.o
    0x0000155c   0x0000155c   0x00000122   Code   RO          285    .text.prvAddCurrentTaskToDelayedList  tasks.o
    0x0000167e   0x0000167e   0x00000002   PAD
    0x00001680   0x00001680   0x00000154   Code   RO          273    .text.prvAddNewTaskToReadyList  tasks.o
    0x000017d4   0x000017d4   0x0000006a   Code   RO          439    .text.prvCheckForValidListAndQueue  timers.o
    0x0000183e   0x0000183e   0x00000002   PAD
    0x00001840   0x00001840   0x0000005a   Code   RO          403    .text.prvCheckTasksWaitingTermination  tasks.o
    0x0000189a   0x0000189a   0x00000002   PAD
    0x0000189c   0x0000189c   0x00000042   Code   RO          220    .text.prvCopyDataFromQueue  queue.o
    0x000018de   0x000018de   0x00000002   PAD
    0x000018e0   0x000018e0   0x000000cc   Code   RO          206    .text.prvCopyDataToQueue  queue.o
    0x000019ac   0x000019ac   0x00000018   Code   RO          279    .text.prvDeleteTCB  tasks.o
    0x000019c4   0x000019c4   0x0000007c   Code   RO          405    .text.prvGetExpectedIdleTime  tasks.o
    0x00001a40   0x00001a40   0x00000040   Code   RO          475    .text.prvGetNextExpireTime  timers.o
    0x00001a80   0x00001a80   0x0000009a   Code   RO          311    .text.prvIdleTask   tasks.o
    0x00001b1a   0x00001b1a   0x00000002   PAD
    0x00001b1c   0x00001b1c   0x0000004e   Code   RO          186    .text.prvInitialiseNewQueue  queue.o
    0x00001b6a   0x00001b6a   0x00000002   PAD
    0x00001b6c   0x00001b6c   0x00000146   Code   RO          271    .text.prvInitialiseNewTask  tasks.o
    0x00001cb2   0x00001cb2   0x00000002   PAD
    0x00001cb4   0x00001cb4   0x0000008e   Code   RO          401    .text.prvInitialiseTaskLists  tasks.o
    0x00001d42   0x00001d42   0x00000002   PAD
    0x00001d44   0x00001d44   0x00000086   Code   RO          489    .text.prvInsertTimerInActiveList  timers.o
    0x00001dca   0x00001dca   0x00000002   PAD
    0x00001dcc   0x00001dcc   0x00000028   Code   RO          222    .text.prvIsQueueEmpty  queue.o
    0x00001df4   0x00001df4   0x0000002e   Code   RO          210    .text.prvIsQueueFull  queue.o
    0x00001e22   0x00001e22   0x00000002   PAD
    0x00001e24   0x00001e24   0x000000d8   Code   RO          208    .text.prvNotifyQueueSetContainer  queue.o
    0x00001efc   0x00001efc   0x00000028   Code   RO          135    .text.prvPortStartFirstTask  port.o
    0x00001f24   0x00001f24   0x00000054   Code   RO          483    .text.prvProcessExpiredTimer  timers.o
    0x00001f78   0x00001f78   0x00000180   Code   RO          479    .text.prvProcessReceivedCommands  timers.o
    0x000020f8   0x000020f8   0x0000009a   Code   RO          477    .text.prvProcessTimerOrBlockTask  timers.o
    0x00002192   0x00002192   0x00000002   PAD
    0x00002194   0x00002194   0x00000034   Code   RO          487    .text.prvReloadTimer  timers.o
    0x000021c8   0x000021c8   0x0000003c   Code   RO          277    .text.prvResetNextTaskUnblockTime  tasks.o
    0x00002204   0x00002204   0x00000044   Code   RO          481    .text.prvSampleTimeNow  timers.o
    0x00002248   0x00002248   0x00000052   Code   RO          485    .text.prvSwitchTimerLists  timers.o
    0x0000229a   0x0000229a   0x00000002   PAD
    0x0000229c   0x0000229c   0x0000004c   Code   RO          125    .text.prvTaskExitError  port.o
    0x000022e8   0x000022e8   0x0000001e   Code   RO          441    .text.prvTimerTask  timers.o
    0x00002306   0x00002306   0x00000002   PAD
    0x00002308   0x00002308   0x000000cc   Code   RO          212    .text.prvUnlockQueue  queue.o
    0x000023d4   0x000023d4   0x000000c0   Code   RO          164    .text.pvPortMalloc  heap_1.o
    0x00002494   0x00002494   0x0000005e   Code   RO          123    .text.pxPortInitialiseStack  port.o
    0x000024f2   0x000024f2   0x00000002   PAD
    0x000024f4   0x000024f4   0x00000048   Code   RO          114    .text.uxListRemove  list.o
    0x0000253c   0x0000253c   0x0000002e   Code   RO          106    .text.vListInitialise  list.o
    0x0000256a   0x0000256a   0x00000002   PAD
    0x0000256c   0x0000256c   0x0000000e   Code   RO          108    .text.vListInitialiseItem  list.o
    0x0000257a   0x0000257a   0x00000002   PAD
    0x0000257c   0x0000257c   0x0000006a   Code   RO          112    .text.vListInsert   list.o
    0x000025e6   0x000025e6   0x00000002   PAD
    0x000025e8   0x000025e8   0x00000014   Code   RO          133    .text.vPortEnableVFP  port.o
    0x000025fc   0x000025fc   0x00000056   Code   RO          139    .text.vPortEnterCritical  port.o
    0x00002652   0x00002652   0x00000002   PAD
    0x00002654   0x00002654   0x0000004a   Code   RO          141    .text.vPortExitCritical  port.o
    0x0000269e   0x0000269e   0x00000002   PAD
    0x000026a0   0x000026a0   0x00000024   Code   RO          166    .text.vPortFree     heap_1.o
    0x000026c4   0x000026c4   0x00000078   Code   RO          131    .text.vPortSetupTimerInterrupt  port.o
    0x0000273c   0x0000273c   0x0000020c   Code   RO          147    .text.vPortSuppressTicksAndSleep  port.o
    0x00002948   0x00002948   0x00000064   Code   RO          250    .text.vQueueWaitForMessageRestricted  queue.o
    0x000029ac   0x000029ac   0x00000024   Code   RO          353    .text.vTaskInternalSetTimeOutState  tasks.o
    0x000029d0   0x000029d0   0x0000000e   Code   RO          357    .text.vTaskMissedYield  tasks.o
    0x000029de   0x000029de   0x00000002   PAD
    0x000029e0   0x000029e0   0x00000042   Code   RO          341    .text.vTaskPlaceOnEventList  tasks.o
    0x00002a22   0x00002a22   0x00000002   PAD
    0x00002a24   0x00002a24   0x0000007c   Code   RO          345    .text.vTaskPlaceOnEventListRestricted  tasks.o
    0x00002aa0   0x00002aa0   0x000001e4   Code   RO          297    .text.vTaskPrioritySet  tasks.o
    0x00002c84   0x00002c84   0x000000ba   Code   RO          309    .text.vTaskStartScheduler  tasks.o
    0x00002d3e   0x00002d3e   0x00000002   PAD
    0x00002d40   0x00002d40   0x0000004c   Code   RO          335    .text.vTaskStepTick  tasks.o
    0x00002d8c   0x00002d8c   0x00000010   Code   RO          283    .text.vTaskSuspendAll  tasks.o
    0x00002d9c   0x00002d9c   0x000000be   Code   RO          301    .text.vTaskSwitchContext  tasks.o
    0x00002e5a   0x00002e5a   0x00000002   PAD
    0x00002e5c   0x00002e5c   0x00000156   Code   RO          129    .text.xPortStartScheduler  port.o
    0x00002fb2   0x00002fb2   0x00000002   PAD
    0x00002fb4   0x00002fb4   0x0000009a   Code   RO          184    .text.xQueueGenericCreate  queue.o
    0x0000304e   0x0000304e   0x00000002   PAD
    0x00003050   0x00003050   0x00000108   Code   RO          182    .text.xQueueGenericReset  queue.o
    0x00003158   0x00003158   0x00000274   Code   RO          198    .text.xQueueGenericSend  queue.o
    0x000033cc   0x000033cc   0x000001dc   Code   RO          218    .text.xQueueReceive  queue.o
    0x000035a8   0x000035a8   0x000000fc   Code   RO          355    .text.xTaskCheckForTimeOut  tasks.o
    0x000036a4   0x000036a4   0x00000098   Code   RO          269    .text.xTaskCreate   tasks.o
    0x0000373c   0x0000373c   0x00000038   Code   RO          375    .text.xTaskGetSchedulerState  tasks.o
    0x00003774   0x00003774   0x00000014   Code   RO          317    .text.xTaskGetTickCount  tasks.o
    0x00003788   0x00003788   0x00000260   Code   RO          315    .text.xTaskIncrementTick  tasks.o
    0x000039e8   0x000039e8   0x00000138   Code   RO          379    .text.xTaskPriorityDisinherit  tasks.o
    0x00003b20   0x00003b20   0x00000192   Code   RO          347    .text.xTaskRemoveFromEventList  tasks.o
    0x00003cb2   0x00003cb2   0x00000002   PAD
    0x00003cb4   0x00003cb4   0x00000222   Code   RO          287    .text.xTaskResumeAll  tasks.o
    0x00003ed6   0x00003ed6   0x00000002   PAD
    0x00003ed8   0x00003ed8   0x0000006c   Code   RO          437    .text.xTimerCreateTimerTask  timers.o
    0x00003f44   0x00003f44   0x00000028   Code   RO          510    i.GPIODirModeSet    driverlib.lib(gpio.o)
    0x00003f6c   0x00003f6c   0x00000170   Code   RO          522    i.GPIOPadConfigSet  driverlib.lib(gpio.o)
    0x000040dc   0x000040dc   0x0000001c   Code   RO          534    i.GPIOPinTypeGPIOOutput  driverlib.lib(gpio.o)
    0x000040f8   0x000040f8   0x00000006   Code   RO          552    i.GPIOPinWrite      driverlib.lib(gpio.o)
    0x000040fe   0x000040fe   0x00000002   PAD
    0x00004100   0x00004100   0x00000028   Code   RO          877    i.SysCtlPeripheralEnable  driverlib.lib(sysctl.o)
    0x00004128   0x00004128   0x0000002c   Code   RO          881    i.SysCtlPeripheralReady  driverlib.lib(sysctl.o)
    0x00004154   0x00004154   0x00000028   Code   RO         1331    i.__0sprintf        mc_w.l(printfa.o)
    0x0000417c   0x0000417c   0x0000000e   Code   RO         1413    i.__scatterload_copy  mc_w.l(handlers.o)
    0x0000418a   0x0000418a   0x00000002   Code   RO         1414    i.__scatterload_null  mc_w.l(handlers.o)
    0x0000418c   0x0000418c   0x0000000e   Code   RO         1415    i.__scatterload_zeroinit  mc_w.l(handlers.o)
    0x0000419a   0x0000419a   0x00000002   PAD
    0x0000419c   0x0000419c   0x00000184   Code   RO         1336    i._fp_digits        mc_w.l(printfa.o)
    0x00004320   0x00004320   0x000006dc   Code   RO         1337    i._printf_core      mc_w.l(printfa.o)
    0x000049fc   0x000049fc   0x00000024   Code   RO         1338    i._printf_post_padding  mc_w.l(printfa.o)
    0x00004a20   0x00004a20   0x0000002e   Code   RO         1339    i._printf_pre_padding  mc_w.l(printfa.o)
    0x00004a4e   0x00004a4e   0x0000000a   Code   RO         1341    i._sputc            mc_w.l(printfa.o)
    0x00004a58   0x00004a58   0x00000093   Data   RO           34    .rodata.str1.1      main.o
    0x00004aeb   0x00004aeb   0x00000005   Data   RO          423    .rodata.str1.1      tasks.o
    0x00004af0   0x00004af0   0x00000008   Data   RO          492    .rodata.str1.1      timers.o
    0x00004af8   0x00004af8   0x00000004   Data   RO          408    .rodata.uxTopUsedPriority  tasks.o
    0x00004afc   0x00004afc   0x00000020   Data   RO         1412    Region$$Table       anon$$obj.o


    Execution Region RW_IRAM1 (Exec base: 0x20000000, Load base: 0x00004b20, Size: 0x00001380, Max: 0x00008000, ABSOLUTE)

    Exec Addr    Load Addr    Size         Type   Attr      Idx    E Section Name        Object

    0x20000000   0x00004b20   0x00000004   Data   RW           97    .data.SystemCoreClock  system_tm4c123.o
    0x20000004   0x00004b24   0x00000004   Data   RW          153    .data.uxCriticalNesting  port.o
    0x20000008        -       0x00000004   Zero   RW           40    .bss.BUZZ_TASK_HANDLE  main.o
    0x2000000c        -       0x00000004   Zero   RW           35    .bss.LCD_TASK_HANDLE  main.o
    0x20000010        -       0x00000004   Zero   RW           41    .bss.MAIN_TASK_HANDLE  main.o
    0x20000014        -       0x00000004   Zero   RW           39    .bss.UART_TASK_HANDLE  main.o
    0x20000018        -       0x00000004   Zero   RW           38    .bss.XBuzzerQueue   main.o
    0x2000001c        -       0x00000004   Zero   RW           37    .bss.XLCDQueue      main.o
    0x20000020        -       0x00000004   Zero   RW           36    .bss.XUARTQueue     main.o
    0x20000024        -       0x00000004   Zero   RW          496    .bss.prvSampleTimeNow.xLastTime  timers.o
    0x20000028        -       0x00000004   Zero   RW          172    .bss.pvPortMalloc.pucAlignedHeap  heap_1.o
    0x2000002c        -       0x00000004   Zero   RW          407    .bss.pxCurrentTCB   tasks.o
    0x20000030        -       0x00000004   Zero   RW          494    .bss.pxCurrentTimerList  timers.o
    0x20000034        -       0x00000004   Zero   RW          418    .bss.pxDelayedTaskList  tasks.o
    0x20000038        -       0x00000004   Zero   RW          419    .bss.pxOverflowDelayedTaskList  tasks.o
    0x2000003c        -       0x00000004   Zero   RW          495    .bss.pxOverflowTimerList  timers.o
    0x20000040        -       0x00000064   Zero   RW          409    .bss.pxReadyTasksLists  tasks.o
    0x200000a4        -       0x00001000   Zero   RW          173    .bss.ucHeap         heap_1.o
    0x200010a4        -       0x00000001   Zero   RW          151    .bss.ucMaxSysCallPriority  port.o
    0x200010a5   0x00004b28   0x00000003   PAD
    0x200010a8        -       0x00000004   Zero   RW          152    .bss.ulMaxPRIGROUPValue  port.o
    0x200010ac        -       0x00000004   Zero   RW          156    .bss.ulStoppedTimerCompensation  port.o
    0x200010b0        -       0x00000004   Zero   RW          155    .bss.ulTimerCountsForOneTick  port.o
    0x200010b4        -       0x00000004   Zero   RW          414    .bss.uxCurrentNumberOfTasks  tasks.o
    0x200010b8        -       0x00000004   Zero   RW          413    .bss.uxDeletedTasksWaitingCleanUp  tasks.o
    0x200010bc        -       0x00000004   Zero   RW          416    .bss.uxSchedulerSuspended  tasks.o
    0x200010c0        -       0x00000004   Zero   RW          411    .bss.uxTaskNumber   tasks.o
    0x200010c4        -       0x00000004   Zero   RW          410    .bss.uxTopReadyPriority  tasks.o
    0x200010c8        -       0x00000014   Zero   RW          497    .bss.xActiveTimerList1  timers.o
    0x200010dc        -       0x00000014   Zero   RW          498    .bss.xActiveTimerList2  timers.o
    0x200010f0        -       0x00000014   Zero   RW          428    .bss.xDelayedTaskList1  tasks.o
    0x20001104        -       0x00000014   Zero   RW          429    .bss.xDelayedTaskList2  tasks.o
    0x20001118        -       0x00000004   Zero   RW          424    .bss.xIdleTaskHandle  tasks.o
    0x2000111c        -       0x00000004   Zero   RW          154    .bss.xMaximumPossibleSuppressedTicks  port.o
    0x20001120        -       0x00000004   Zero   RW          174    .bss.xNextFreeByte  heap_1.o
    0x20001124        -       0x00000004   Zero   RW          425    .bss.xNextTaskUnblockTime  tasks.o
    0x20001128        -       0x00000004   Zero   RW          427    .bss.xNumOfOverflows  tasks.o
    0x2000112c        -       0x00000004   Zero   RW          426    .bss.xPendedTicks   tasks.o
    0x20001130        -       0x00000014   Zero   RW          422    .bss.xPendingReadyList  tasks.o
    0x20001144        -       0x00000004   Zero   RW          415    .bss.xSchedulerRunning  tasks.o
    0x20001148        -       0x00000014   Zero   RW          420    .bss.xSuspendedTaskList  tasks.o
    0x2000115c        -       0x00000014   Zero   RW          412    .bss.xTasksWaitingTermination  tasks.o
    0x20001170        -       0x00000004   Zero   RW          417    .bss.xTickCount     tasks.o
    0x20001174        -       0x00000004   Zero   RW          491    .bss.xTimerQueue    timers.o
    0x20001178        -       0x00000004   Zero   RW          493    .bss.xTimerTaskHandle  timers.o
    0x2000117c        -       0x00000004   Zero   RW          421    .bss.xYieldPending  tasks.o
    0x20001180        -       0x00000200   Zero   RW           81    STACK               startup_tm4c123.o


==============================================================================

Image component sizes


      Code (inc. data)   RO Data    RW Data    ZI Data      Debug   Object Name

       220          0          0          0          0        711   adc.o
       228          0          0          0       4104       1739   heap_1.o
       456          0          0          0          0       6585   lcd.o
       238          0          0          0          0       2331   list.o
      1848          4        147          0         28       4470   main.o
      1572         16          0          4         17       4873   port.o
      2476          0          0          0          0      16947   queue.o
       252         10        620          0        512       5464   startup_tm4c123.o
       268          0          0          4          0       6743   system_tm4c123.o
      5218          0          9          0        260      27149   tasks.o
      1266         10          8          0         60       9460   timers.o

    ----------------------------------------------------------------------
     14128         40        816          8       4984      86472   Object Totals
         0          0         32          0          0          0   (incl. Generated)
        86          0          0          0          3          0   (incl. Padding)

    ----------------------------------------------------------------------

      Code (inc. data)   RO Data    RW Data    ZI Data      Debug   Library Member Name

       442         14          0          0          0       7763   gpio.o
        84          8          0          0          0       1021   sysctl.o
         0          0          0          0          0          0   entry.o
         0          0          0          0          0          0   entry10a.o
         0          0          0          0          0          0   entry11a.o
         8          4          0          0          0          0   entry2.o
         4          0          0          0          0          0   entry5.o
         0          0          0          0          0          0   entry7b.o
         0          0          0          0          0          0   entry8b.o
         8          4          0          0          0          0   entry9a.o
        30          0          0          0          0          0   handlers.o
        36          8          0          0          0         68   init.o
         0          0          0          0          0          0   iusefp.o
        30          0          0          0          0         68   llshl.o
        36          0          0          0          0         68   llsshr.o
        32          0          0          0          0         68   llushr.o
        36          0          0          0          0         68   memcpya.o
        36          0          0          0          0        108   memseta.o
      2276         86          0          0          0        520   printfa.o
        14          0          0          0          0         68   strlen.o
        44          0          0          0          0         80   uidiv.o
        98          0          0          0          0         92   uldiv.o
        48          0          0          0          0         68   cdrcmple.o
       334          0          0          0          0        148   dadd.o
       222          0          0          0          0        100   ddiv.o
       186          0          0          0          0        176   depilogue.o
        48          0          0          0          0         68   dfixul.o
       228          0          0          0          0         96   dmul.o

    ----------------------------------------------------------------------
      4284        124          0          0          0      10648   Library Totals
         4          0          0          0          0          0   (incl. Padding)

    ----------------------------------------------------------------------

      Code (inc. data)   RO Data    RW Data    ZI Data      Debug   Library Name

       526         22          0          0          0       8784   driverlib.lib
      2688        102          0          0          0       1208   mc_w.l
      1066          0          0          0          0        656   mf_w.l

    ----------------------------------------------------------------------
      4284        124          0          0          0      10648   Library Totals

    ----------------------------------------------------------------------

==============================================================================


      Code (inc. data)   RO Data    RW Data    ZI Data      Debug   

     18412        164        816          8       4984      95908   Grand Totals
     18412        164        816          8       4984      95908   ELF Image Totals
     18412        164        816          8          0          0   ROM Totals

==============================================================================

    Total RO  Size (Code + RO Data)                19228 (  18.78kB)
    Total RW  Size (RW Data + ZI Data)              4992 (   4.88kB)
    Total ROM Size (Code + RO Data + RW Data)      19236 (  18.79kB)

==============================================================================

