******************************************************************************
                  TI ARM Linker PC v20.2.5                     
******************************************************************************
>> Linked Tue May 10 17:21:10 2022

OUTPUT FILE NAME:   <Lab 8.out>
ENTRY POINT SYMBOL: "_c_int00_noinit_noargs"  address: 000005ad


MEMORY CONFIGURATION

         name            origin    length      used     unused   attr    fill
----------------------  --------  ---------  --------  --------  ----  --------
  FLASH                 00000000   00040000  00000662  0003f99e  R  X
  SRAM                  20000000   00008000  00000200  00007e00  RW X


SEGMENT ALLOCATION MAP

run origin  load origin   length   init length attrs members
----------  ----------- ---------- ----------- ----- -------
00000000    00000000    00000662   00000662    r-x
  00000000    00000000    0000026c   0000026c    r-- .intvecs
  0000026c    0000026c    000003f6   000003f6    r-x .text
20000000    20000000    00000200   00000000    rw-
  20000000    20000000    00000200   00000000    rw- .stack


SECTION ALLOCATION MAP

 output                                  attributes/
section   page    origin      length       input sections
--------  ----  ----------  ----------   ----------------
.intvecs   0    00000000    0000026c     
                  00000000    0000026c     startup_ccs.obj (.intvecs)

.text      0    0000026c    000003f6     
                  0000026c    0000016c     driverlib.lib : gpio.obj (.text:GPIOPadConfigSet)
                  000003d8    000000dc     main.obj (.text)
                  000004b4    00000060     driverlib.lib : timer.obj (.text:TimerConfigure)
                  00000514    00000038                   : sysctl.obj (.text:SysCtlPeripheralReady)
                  0000054c    00000034                   : sysctl.obj (.text:SysCtlPeripheralEnable)
                  00000580    0000002c                   : gpio.obj (.text:GPIODirModeSet)
                  000005ac    0000002c     rtsv7M4_T_le_v4SPD16_eabi.lib : boot_cortex_m.c.obj (.text:_c_int00_noinit_noargs:_c_int00_noinit_noargs)
                  000005d8    0000001a     driverlib.lib : gpio.obj (.text:GPIOPinTypeGPIOOutput)
                  000005f2    00000002     --HOLE-- [fill = 0]
                  000005f4    00000018                   : timer.obj (.text:TimerDisable)
                  0000060c    00000012                   : timer.obj (.text:TimerLoadSet)
                  0000061e    0000000e                   : timer.obj (.text:TimerEnable)
                  0000062c    0000000c     startup_ccs.obj (.text)
                  00000638    0000000a     driverlib.lib : timer.obj (.text:TimerIntStatus)
                  00000642    00000008                   : timer.obj (.text:TimerIntEnable)
                  0000064a    00000006                   : gpio.obj (.text:GPIOPinRead)
                  00000650    00000006                   : gpio.obj (.text:GPIOPinWrite)
                  00000656    00000004                   : timer.obj (.text:TimerIntClear)
                  0000065a    00000004     rtsv7M4_T_le_v4SPD16_eabi.lib : pre_init.c.obj (.text:_system_pre_init)
                  0000065e    00000004                                   : exit.c.obj (.text:abort:abort)

.cinit     0    00000000    00000000     UNINITIALIZED

.init_array 
*          0    00000000    00000000     UNINITIALIZED

.stack     0    20000000    00000200     UNINITIALIZED
                  20000000    00000004     rtsv7M4_T_le_v4SPD16_eabi.lib : boot_cortex_m.c.obj (.stack)
                  20000004    000001fc     --HOLE--

__llvm_prf_cnts 
*          0    20000000    00000000     UNINITIALIZED

MODULE SUMMARY

       Module                code   ro data   rw data
       ------                ----   -------   -------
    .\
       startup_ccs.obj       12     620       0      
       main.obj              220    0         0      
    +--+---------------------+------+---------+---------+
       Total:                232    620       0      
                                                     
    C:/ti/TivaWare_C_Series-2.2.0.295/driverlib/ccs/Debug/driverlib.lib
       gpio.obj              446    0         0      
       timer.obj             174    0         0      
       sysctl.obj            108    0         0      
    +--+---------------------+------+---------+---------+
       Total:                728    0         0      
                                                     
    C:\ti\ccs1120\ccs\tools\compiler\ti-cgt-arm_20.2.5.LTS\lib\rtsv7M4_T_le_v4SPD16_eabi.lib
       boot_cortex_m.c.obj   44     0         0      
       exit.c.obj            4      0         0      
       pre_init.c.obj        4      0         0      
    +--+---------------------+------+---------+---------+
       Total:                52     0         0      
                                                     
       Stack:                0      0         512    
    +--+---------------------+------+---------+---------+
       Grand Total:          1012   620       512    


GLOBAL SYMBOLS: SORTED ALPHABETICALLY BY Name 

address   name                   
-------   ----                   
0000065f  C$$EXIT                
00000581  GPIODirModeSet         
0000026d  GPIOPadConfigSet       
0000064b  GPIOPinRead            
000005d9  GPIOPinTypeGPIOOutput  
00000651  GPIOPinWrite           
0000062d  ResetISR               
0000054d  SysCtlPeripheralEnable 
00000515  SysCtlPeripheralReady  
000004b5  TimerConfigure         
000005f5  TimerDisable           
0000061f  TimerEnable            
00000657  TimerIntClear          
00000643  TimerIntEnable         
00000639  TimerIntStatus         
0000060d  TimerLoadSet           
0000047b  Toggle_White           
20000200  __STACK_END            
00000200  __STACK_SIZE           
20000200  __STACK_TOP            
ffffffff  __TI_pprof_out_hndl    
ffffffff  __TI_prof_data_size    
ffffffff  __TI_prof_data_start   
00000000  __TI_static_base__     
ffffffff  __binit__              
ffffffff  __c_args__             
UNDEFED   __mpu_init             
20000000  __stack                
20000000  __start___llvm_prf_cnts
20000000  __stop___llvm_prf_cnts 
000005ad  _c_int00_noinit_noargs 
0000065b  _system_pre_init       
0000065f  abort                  
ffffffff  binit                  
0000043b  delay                  
00000000  g_pfnVectors           
000003d9  main                   


GLOBAL SYMBOLS: SORTED BY Symbol Address 

address   name                   
-------   ----                   
00000000  __TI_static_base__     
00000000  g_pfnVectors           
00000200  __STACK_SIZE           
0000026d  GPIOPadConfigSet       
000003d9  main                   
0000043b  delay                  
0000047b  Toggle_White           
000004b5  TimerConfigure         
00000515  SysCtlPeripheralReady  
0000054d  SysCtlPeripheralEnable 
00000581  GPIODirModeSet         
000005ad  _c_int00_noinit_noargs 
000005d9  GPIOPinTypeGPIOOutput  
000005f5  TimerDisable           
0000060d  TimerLoadSet           
0000061f  TimerEnable            
0000062d  ResetISR               
00000639  TimerIntStatus         
00000643  TimerIntEnable         
0000064b  GPIOPinRead            
00000651  GPIOPinWrite           
00000657  TimerIntClear          
0000065b  _system_pre_init       
0000065f  C$$EXIT                
0000065f  abort                  
20000000  __stack                
20000000  __start___llvm_prf_cnts
20000000  __stop___llvm_prf_cnts 
20000200  __STACK_END            
20000200  __STACK_TOP            
ffffffff  __TI_pprof_out_hndl    
ffffffff  __TI_prof_data_size    
ffffffff  __TI_prof_data_start   
ffffffff  __binit__              
ffffffff  __c_args__             
ffffffff  binit                  
UNDEFED   __mpu_init             

[37 symbols]
