<html>
<body>
<pre>
<h1>µVision Build Log</h1>
<h2>Tool Versions:</h2>
IDE-Version: µVision V5.36.0.0
Copyright (C) 2021 ARM Ltd and ARM Germany GmbH. All rights reserved.
License Information: Youssef Abdelkader, ASU, LIC=----
 
Tool Versions:
Toolchain:       MDK-Lite  Version: 5.36.0.0
Toolchain Path:  C:\Keil_v5\ARM\ARMCLANG\Bin
C Compiler:      ArmClang.exe V6.16
Assembler:       Armasm.exe V6.16
Linker/Locator:  ArmLink.exe V6.16
Library Manager: ArmAr.exe V6.16
Hex Converter:   FromElf.exe V6.16
CPU DLL:         SARMCM3.DLL V5.36.0.0
Dialog DLL:      DCM.DLL V1.17.3.0
Target DLL:      lmidk-agdi.dll V???
Dialog DLL:      TCM.DLL V1.53.0.0
 
<h2>Project:</h2>
E:\Senior-1\SecondSemester\2nd Semester\Lab1\test.uvprojx
Project File Date:  03/06/2022

<h2>Output:</h2>
*** Using Compiler 'V6.16', folder: 'C:\Keil_v5\ARM\ARMCLANG\Bin'
Build target 'Target 1'
main.c(11): warning: no previous extern declaration for non-static variable 'ticks' [-Wmissing-variable-declarations]
uint32_t ticks = 0;
         ^
main.c(11): note: declare 'static' if the variable is not intended to be used outside of this translation unit
uint32_t ticks = 0;
^
main.c(13): warning: function 'blink_red' could be declared with attribute 'noreturn' [-Wmissing-noreturn]
void blink_red(void) {
                     ^
main.c(24): warning: function 'blink_blue' could be declared with attribute 'noreturn' [-Wmissing-noreturn]
void blink_blue(void) {
                      ^
main.c(38): warning: incompatible pointer to integer conversion initializing 'volatile uint8_t' (aka 'volatile unsigned char') with an expression of type 'void (void)' [-Wint-conversion]
        uint8_t volatile run = blink_blue;
                         ^     ~~~~~~~~~~
main.c(41): warning: empty expression statement has no effect; remove unnecessary ';' to silence this warning [-Wextra-semi-stmt]
  while((SYSCTL_PRGPIO_R & 0x20) == 0) {};
                                         ^
main.c(38): warning: unused variable 'run' [-Wunused-variable]
        uint8_t volatile run = blink_blue;
                         ^
main.c(57): warning: 'return' will never be executed [-Wunreachable-code-return]
        return 0;
               ^
main.c(64): warning: no newline at end of file [-Wnewline-eof]
}
 ^
main.c(62): warning: no previous prototype for function 'SysTick_Handler' [-Wmissing-prototypes]
void SysTick_Handler() {
     ^
main.c(62): note: declare 'static' if the function is not intended to be used outside of this translation unit
void SysTick_Handler() {
^
static 
main.c(62): warning: this old-style function definition is not preceded by a prototype [-Wstrict-prototypes]
void SysTick_Handler() {
                    ^
10 warnings generated.
compiling main.c...
linking...
Program Size: Code=868 RO-data=636 RW-data=0 ZI-data=616  
".\Objects\test.axf" - 0 Error(s), 10 Warning(s).

<h2>Software Packages used:</h2>

Package Vendor: ARM
                http://www.keil.com/pack/ARM.CMSIS.5.8.0.pack
                ARM.CMSIS.5.8.0
                CMSIS (Common Microcontroller Software Interface Standard)
   * Component: CORE Version: 5.5.0

Package Vendor: Keil
                http://www.keil.com/pack/Keil.TM4C_DFP.1.1.0.pack
                Keil.TM4C_DFP.1.1.0
                Texas Instruments Tiva C Series Device Support and Examples
   * Component: Startup Version: 1.0.1

<h2>Collection of Component include folders:</h2>
  .\RTE\_Target_1
  C:\Users\youss\AppData\Local\Arm\Packs\ARM\CMSIS\5.8.0\CMSIS\Core\Include
  C:\Users\youss\AppData\Local\Arm\Packs\Keil\TM4C_DFP\1.1.0\Device\Include\TM4C123

<h2>Collection of Component Files used:</h2>

   * Component: ARM::CMSIS:CORE:5.5.0

   * Component: Keil::Device:Startup:1.0.1
      Source file:   Device\Source\system_TM4C123.c
      Include file:  Device\Include\TM4C123\TM4C123.h
      Source file:   Device\Source\ARM\startup_TM4C123.s
Build Time Elapsed:  00:00:01
</pre>
</body>
</html>
