Component: ARM Compiler 6.16 Tool: armlink [5dfeaa00]

==============================================================================

Section Cross References

    main.o(.text.InitTask) refers to sysctl.o(i.SysCtlPeripheralEnable) for SysCtlPeripheralEnable
    main.o(.text.InitTask) refers to sysctl.o(i.SysCtlPeripheralReady) for SysCtlPeripheralReady
    main.o(.text.InitTask) refers to timer.o(i.TimerDisable) for TimerDisable
    main.o(.text.InitTask) refers to timer.o(i.TimerConfigure) for TimerConfigure
    main.o(.text.InitTask) refers to timer.o(i.TimerIntEnable) for TimerIntEnable
    main.o(.text.InitTask) refers to timer.o(i.TimerLoadSet) for TimerLoadSet
    main.o(.text.InitTask) refers to main.o(.text.vSoftwareInterruptHandler1) for vSoftwareInterruptHandler1
    main.o(.text.InitTask) refers to timer.o(i.TimerIntRegister) for TimerIntRegister
    main.o(.text.InitTask) refers to timer.o(i.TimerEnable) for TimerEnable
    main.o(.text.InitTask) refers to interrupt.o(i.IntEnable) for IntEnable
    main.o(.text.InitTask) refers to main.o(.text.vSoftwareInterruptHandler2) for vSoftwareInterruptHandler2
    main.o(.text.InitTask) refers to gpio.o(i.GPIOPinTypeGPIOOutput) for GPIOPinTypeGPIOOutput
    main.o(.ARM.exidx.text.InitTask) refers to main.o(.text.InitTask) for [Anonymous Symbol]
    main.o(.text.vSoftwareInterruptHandler1) refers to main.o(.bss.xBinarySemaphore1) for xBinarySemaphore1
    main.o(.text.vSoftwareInterruptHandler1) refers to queue.o(.text.xQueueGiveFromISR) for xQueueGiveFromISR
    main.o(.text.vSoftwareInterruptHandler1) refers to timer.o(i.TimerIntClear) for TimerIntClear
    main.o(.ARM.exidx.text.vSoftwareInterruptHandler1) refers to main.o(.text.vSoftwareInterruptHandler1) for [Anonymous Symbol]
    main.o(.text.vSoftwareInterruptHandler2) refers to main.o(.bss.xBinarySemaphore2) for xBinarySemaphore2
    main.o(.text.vSoftwareInterruptHandler2) refers to queue.o(.text.xQueueGiveFromISR) for xQueueGiveFromISR
    main.o(.text.vSoftwareInterruptHandler2) refers to timer.o(i.TimerIntClear) for TimerIntClear
    main.o(.ARM.exidx.text.vSoftwareInterruptHandler2) refers to main.o(.text.vSoftwareInterruptHandler2) for [Anonymous Symbol]
    main.o(.text.Toggle_Red) refers to gpio.o(i.GPIOPinRead) for GPIOPinRead
    main.o(.text.Toggle_Red) refers to gpio.o(i.GPIOPinWrite) for GPIOPinWrite
    main.o(.ARM.exidx.text.Toggle_Red) refers to main.o(.text.Toggle_Red) for [Anonymous Symbol]
    main.o(.text.Toggle_Blue) refers to gpio.o(i.GPIOPinRead) for GPIOPinRead
    main.o(.text.Toggle_Blue) refers to gpio.o(i.GPIOPinWrite) for GPIOPinWrite
    main.o(.ARM.exidx.text.Toggle_Blue) refers to main.o(.text.Toggle_Blue) for [Anonymous Symbol]
    main.o(.text.Toggle_Green) refers to gpio.o(i.GPIOPinRead) for GPIOPinRead
    main.o(.text.Toggle_Green) refers to gpio.o(i.GPIOPinWrite) for GPIOPinWrite
    main.o(.ARM.exidx.text.Toggle_Green) refers to main.o(.text.Toggle_Green) for [Anonymous Symbol]
    main.o(.text.vHandlerTask1) refers to main.o(.bss.xBinarySemaphore1) for xBinarySemaphore1
    main.o(.text.vHandlerTask1) refers to queue.o(.text.xQueueSemaphoreTake) for xQueueSemaphoreTake
    main.o(.text.vHandlerTask1) refers to main.o(.text.Toggle_Red) for Toggle_Red
    main.o(.ARM.exidx.text.vHandlerTask1) refers to main.o(.text.vHandlerTask1) for [Anonymous Symbol]
    main.o(.text.vHandlerTask2) refers to main.o(.bss.xBinarySemaphore2) for xBinarySemaphore2
    main.o(.text.vHandlerTask2) refers to queue.o(.text.xQueueSemaphoreTake) for xQueueSemaphoreTake
    main.o(.text.vHandlerTask2) refers to main.o(.text.Toggle_Blue) for Toggle_Blue
    main.o(.ARM.exidx.text.vHandlerTask2) refers to main.o(.text.vHandlerTask2) for [Anonymous Symbol]
    main.o(.text.vPeriodicTask) refers to tasks.o(.text.vTaskDelay) for vTaskDelay
    main.o(.text.vPeriodicTask) refers to main.o(.text.Toggle_Green) for Toggle_Green
    main.o(.ARM.exidx.text.vPeriodicTask) refers to main.o(.text.vPeriodicTask) for [Anonymous Symbol]
    main.o(.text.main) refers to main.o(.text.InitTask) for InitTask
    main.o(.text.main) refers to queue.o(.text.xQueueGenericCreate) for xQueueGenericCreate
    main.o(.text.main) refers to main.o(.bss.xBinarySemaphore1) for xBinarySemaphore1
    main.o(.text.main) refers to queue.o(.text.xQueueGenericSend) for xQueueGenericSend
    main.o(.text.main) refers to main.o(.bss.xBinarySemaphore2) for xBinarySemaphore2
    main.o(.text.main) refers to main.o(.text.vHandlerTask1) for vHandlerTask1
    main.o(.text.main) refers to tasks.o(.text.xTaskCreate) for xTaskCreate
    main.o(.text.main) refers to main.o(.text.vHandlerTask2) for vHandlerTask2
    main.o(.text.main) refers to main.o(.text.vPeriodicTask) for vPeriodicTask
    main.o(.text.main) refers to tasks.o(.text.vTaskStartScheduler) for vTaskStartScheduler
    main.o(.ARM.exidx.text.main) refers to main.o(.text.main) for [Anonymous Symbol]
[...]
    .ARM.Collect$$libinit$$00000000          0x00000300   Section        2  libinit.o(.ARM.Collect$$libinit$$00000000)
    .ARM.Collect$$libinit$$00000001          0x00000302   Section        4  libinit2.o(.ARM.Collect$$libinit$$00000001)
    .ARM.Collect$$libinit$$00000004          0x00000306   Section        0  libinit2.o(.ARM.Collect$$libinit$$00000004)
    .ARM.Collect$$libinit$$0000000A          0x00000306   Section        0  libinit2.o(.ARM.Collect$$libinit$$0000000A)
    .ARM.Collect$$libinit$$0000000C          0x00000306   Section        0  libinit2.o(.ARM.Collect$$libinit$$0000000C)
    .ARM.Collect$$libinit$$0000000E          0x00000306   Section        0  libinit2.o(.ARM.Collect$$libinit$$0000000E)
    .ARM.Collect$$libinit$$00000011          0x00000306   Section        0  libinit2.o(.ARM.Collect$$libinit$$00000011)
    .ARM.Collect$$libinit$$00000013          0x00000306   Section        0  libinit2.o(.ARM.Collect$$libinit$$00000013)
    .ARM.Collect$$libinit$$00000015          0x00000306   Section        0  libinit2.o(.ARM.Collect$$libinit$$00000015)
    .ARM.Collect$$libinit$$00000017          0x00000306   Section        0  libinit2.o(.ARM.Collect$$libinit$$00000017)
    .ARM.Collect$$libinit$$00000019          0x00000306   Section        0  libinit2.o(.ARM.Collect$$libinit$$00000019)
    .ARM.Collect$$libinit$$0000001B          0x00000306   Section        0  libinit2.o(.ARM.Collect$$libinit$$0000001B)
    .ARM.Collect$$libinit$$0000001D          0x00000306   Section        0  libinit2.o(.ARM.Collect$$libinit$$0000001D)
    .ARM.Collect$$libinit$$0000001F          0x00000306   Section        0  libinit2.o(.ARM.Collect$$libinit$$0000001F)
    .ARM.Collect$$libinit$$00000021          0x00000306   Section        0  libinit2.o(.ARM.Collect$$libinit$$00000021)
    .ARM.Collect$$libinit$$00000023          0x00000306   Section        0  libinit2.o(.ARM.Collect$$libinit$$00000023)
    .ARM.Collect$$libinit$$00000025          0x00000306   Section        0  libinit2.o(.ARM.Collect$$libinit$$00000025)
    .ARM.Collect$$libinit$$0000002C          0x00000306   Section        0  libinit2.o(.ARM.Collect$$libinit$$0000002C)
    .ARM.Collect$$libinit$$0000002E          0x00000306   Section        0  libinit2.o(.ARM.Collect$$libinit$$0000002E)
    .ARM.Collect$$libinit$$00000030          0x00000306   Section        0  libinit2.o(.ARM.Collect$$libinit$$00000030)
    .ARM.Collect$$libinit$$00000032          0x00000306   Section        0  libinit2.o(.ARM.Collect$$libinit$$00000032)
    .ARM.Collect$$libinit$$00000033          0x00000306   Section        2  libinit2.o(.ARM.Collect$$libinit$$00000033)
    .ARM.Collect$$libshutdown$$00000000      0x00000308   Section        2  libshutdown.o(.ARM.Collect$$libshutdown$$00000000)
    .ARM.Collect$$libshutdown$$00000002      0x0000030a   Section        0  libshutdown2.o(.ARM.Collect$$libshutdown$$00000002)
    .ARM.Collect$$libshutdown$$00000004      0x0000030a   Section        0  libshutdown2.o(.ARM.Collect$$libshutdown$$00000004)
    .ARM.Collect$$libshutdown$$00000007      0x0000030a   Section        0  libshutdown2.o(.ARM.Collect$$libshutdown$$00000007)
    .ARM.Collect$$libshutdown$$0000000A      0x0000030a   Section        0  libshutdown2.o(.ARM.Collect$$libshutdown$$0000000A)
    .ARM.Collect$$libshutdown$$0000000C      0x0000030a   Section        0  libshutdown2.o(.ARM.Collect$$libshutdown$$0000000C)
    .ARM.Collect$$libshutdown$$0000000F      0x0000030a   Section        0  libshutdown2.o(.ARM.Collect$$libshutdown$$0000000F)
    .ARM.Collect$$libshutdown$$00000010      0x0000030a   Section        2  libshutdown2.o(.ARM.Collect$$libshutdown$$00000010)
    .ARM.Collect$$rtentry$$00000000          0x0000030c   Section        0  __rtentry.o(.ARM.Collect$$rtentry$$00000000)
    .ARM.Collect$$rtentry$$00000002          0x0000030c   Section        0  __rtentry2.o(.ARM.Collect$$rtentry$$00000002)
    .ARM.Collect$$rtentry$$00000004          0x0000030c   Section        6  __rtentry4.o(.ARM.Collect$$rtentry$$00000004)
    .ARM.Collect$$rtentry$$00000009          0x00000312   Section        0  __rtentry2.o(.ARM.Collect$$rtentry$$00000009)
    .ARM.Collect$$rtentry$$0000000A          0x00000312   Section        4  __rtentry2.o(.ARM.Collect$$rtentry$$0000000A)
    .ARM.Collect$$rtentry$$0000000C          0x00000316   Section        0  __rtentry2.o(.ARM.Collect$$rtentry$$0000000C)
    .ARM.Collect$$rtentry$$0000000D          0x00000316   Section        8  __rtentry2.o(.ARM.Collect$$rtentry$$0000000D)
    .ARM.Collect$$rtexit$$00000000           0x0000031e   Section        2  rtexit.o(.ARM.Collect$$rtexit$$00000000)
    .ARM.Collect$$rtexit$$00000002           0x00000320   Section        0  rtexit2.o(.ARM.Collect$$rtexit$$00000002)
    .ARM.Collect$$rtexit$$00000003           0x00000320   Section        4  rtexit2.o(.ARM.Collect$$rtexit$$00000003)
    .ARM.Collect$$rtexit$$00000004           0x00000324   Section        6  rtexit2.o(.ARM.Collect$$rtexit$$00000004)
    $v0                                      0x0000032c   Number         0  startup_tm4c123.o(.text)
    .text                                    0x0000032c   Section      276  startup_tm4c123.o(.text)
    .text                                    0x00000440   Section      138  rt_memcpy_v6.o(.text)
    .text                                    0x000004ca   Section       16  aeabi_memset4.o(.text)
    .text                                    0x000004da   Section        0  heapauxi.o(.text)
    .text                                    0x000004e0   Section      100  rt_memcpy_w.o(.text)
    .text                                    0x00000544   Section       78  rt_memclr_w.o(.text)
    .text                                    0x00000592   Section       74  sys_stackheap_outer.o(.text)
    .text                                    0x000005dc   Section        0  exit.o(.text)
    .text                                    0x000005f0   Section        8  libspace.o(.text)
    .text                                    0x000005f8   Section        0  sys_exit.o(.text)
    .text                                    0x00000604   Section        2  use_no_semi.o(.text)
    .text                                    0x00000606   Section        0  indicate_semi.o(.text)
    [Anonymous Symbol]                       0x00000608   Section        0  main.o(.text.InitTask)
    [Anonymous Symbol]                       0x00000710   Section        0  port.o(.text.PendSV_Handler)
    pxCurrentTCBConst                        0x00000770   Number         0  port.o(.text.PendSV_Handler)
    [Anonymous Symbol]                       0x00000780   Section        0  port.o(.text.SVC_Handler)
    pxCurrentTCBConst2                       0x000007a0   Number         0  port.o(.text.SVC_Handler)
    [Anonymous Symbol]                       0x000007a4   Section        0  port.o(.text.SysTick_Handler)
    [Anonymous Symbol]                       0x000007d4   Section        0  system_tm4c123.o(.text.SystemInit)
    [Anonymous Symbol]                       0x00000844   Section        0  main.o(.text.Toggle_Blue)
    [Anonymous Symbol]                       0x00000864   Section        0  main.o(.text.Toggle_Green)
    [Anonymous Symbol]                       0x00000884   Section        0  main.o(.text.Toggle_Red)
    [Anonymous Symbol]                       0x000008a4   Section        0  tasks.o(.text.eTaskConfirmSleepModeStatus)
    [Anonymous Symbol]                       0x000008ec   Section        0  main.o(.text.main)
    prvAddCurrentTaskToDelayedList           0x000009c1   Thumb Code   198  tasks.o(.text.prvAddCurrentTaskToDelayedList)
    [Anonymous Symbol]                       0x000009c0   Section        0  tasks.o(.text.prvAddCurrentTaskToDelayedList)
    prvAddNewTaskToReadyList                 0x00000a89   Thumb Code   206  tasks.o(.text.prvAddNewTaskToReadyList)
    [Anonymous Symbol]                       0x00000a88   Section        0  tasks.o(.text.prvAddNewTaskToReadyList)
    prvCheckForValidListAndQueue             0x00000b59   Thumb Code    90  timers.o(.text.prvCheckForValidListAndQueue)
    [Anonymous Symbol]                       0x00000b58   Section        0  timers.o(.text.prvCheckForValidListAndQueue)
    prvCheckTasksWaitingTermination          0x00000bb5   Thumb Code    78  tasks.o(.text.prvCheckTasksWaitingTermination)
    [Anonymous Symbol]                       0x00000bb4   Section        0  tasks.o(.text.prvCheckTasksWaitingTermination)
    prvCopyDataFromQueue                     0x00000c05   Thumb Code    38  queue.o(.text.prvCopyDataFromQueue)
    [Anonymous Symbol]                       0x00000c04   Section        0  queue.o(.text.prvCopyDataFromQueue)
    prvCopyDataToQueue                       0x00000c2d   Thumb Code   122  queue.o(.text.prvCopyDataToQueue)
    [Anonymous Symbol]                       0x00000c2c   Section        0  queue.o(.text.prvCopyDataToQueue)
    prvDeleteTCB                             0x00000ca9   Thumb Code    18  tasks.o(.text.prvDeleteTCB)
    [Anonymous Symbol]                       0x00000ca8   Section        0  tasks.o(.text.prvDeleteTCB)
    prvGetDisinheritPriorityAfterTimeout     0x00000cbd   Thumb Code    18  queue.o(.text.prvGetDisinheritPriorityAfterTimeout)
    [Anonymous Symbol]                       0x00000cbc   Section        0  queue.o(.text.prvGetDisinheritPriorityAfterTimeout)
    prvGetExpectedIdleTime                   0x00000cd1   Thumb Code    68  tasks.o(.text.prvGetExpectedIdleTime)
    [Anonymous Symbol]                       0x00000cd0   Section        0  tasks.o(.text.prvGetExpectedIdleTime)
    prvGetNextExpireTime                     0x00000d15   Thumb Code    32  timers.o(.text.prvGetNextExpireTime)
    [Anonymous Symbol]                       0x00000d14   Section        0  timers.o(.text.prvGetNextExpireTime)
    prvIdleTask                              0x00000d35   Thumb Code   114  tasks.o(.text.prvIdleTask)
    [Anonymous Symbol]                       0x00000d34   Section        0  tasks.o(.text.prvIdleTask)
    prvInitialiseNewQueue                    0x00000da9   Thumb Code    36  queue.o(.text.prvInitialiseNewQueue)
    [Anonymous Symbol]                       0x00000da8   Section        0  queue.o(.text.prvInitialiseNewQueue)
    prvInitialiseNewTask                     0x00000dcd   Thumb Code   170  tasks.o(.text.prvInitialiseNewTask)
    [Anonymous Symbol]                       0x00000dcc   Section        0  tasks.o(.text.prvInitialiseNewTask)
    prvInitialiseTaskLists                   0x00000e79   Thumb Code   110  tasks.o(.text.prvInitialiseTaskLists)
    [Anonymous Symbol]                       0x00000e78   Section        0  tasks.o(.text.prvInitialiseTaskLists)
    prvInsertTimerInActiveList               0x00000ee9   Thumb Code    64  timers.o(.text.prvInsertTimerInActiveList)
    [Anonymous Symbol]                       0x00000ee8   Section        0  timers.o(.text.prvInsertTimerInActiveList)
    prvIsQueueEmpty                          0x00000f29   Thumb Code    24  queue.o(.text.prvIsQueueEmpty)
    [Anonymous Symbol]                       0x00000f28   Section        0  queue.o(.text.prvIsQueueEmpty)
    prvIsQueueFull                           0x00000f41   Thumb Code    28  queue.o(.text.prvIsQueueFull)
    [Anonymous Symbol]                       0x00000f40   Section        0  queue.o(.text.prvIsQueueFull)
    prvNotifyQueueSetContainer               0x00000f5d   Thumb Code   142  queue.o(.text.prvNotifyQueueSetContainer)
    [Anonymous Symbol]                       0x00000f5c   Section        0  queue.o(.text.prvNotifyQueueSetContainer)
    prvPortStartFirstTask                    0x00000fed   Thumb Code    40  port.o(.text.prvPortStartFirstTask)
    [Anonymous Symbol]                       0x00000fec   Section        0  port.o(.text.prvPortStartFirstTask)
    prvProcessExpiredTimer                   0x00001015   Thumb Code    62  timers.o(.text.prvProcessExpiredTimer)
    [Anonymous Symbol]                       0x00001014   Section        0  timers.o(.text.prvProcessExpiredTimer)
    prvProcessReceivedCommands               0x00001055   Thumb Code   274  timers.o(.text.prvProcessReceivedCommands)
    [Anonymous Symbol]                       0x00001054   Section        0  timers.o(.text.prvProcessReceivedCommands)
    prvProcessTimerOrBlockTask               0x00001169   Thumb Code   128  timers.o(.text.prvProcessTimerOrBlockTask)
    [Anonymous Symbol]                       0x00001168   Section        0  timers.o(.text.prvProcessTimerOrBlockTask)
    prvReloadTimer                           0x000011e9   Thumb Code    58  timers.o(.text.prvReloadTimer)
    [Anonymous Symbol]                       0x000011e8   Section        0  timers.o(.text.prvReloadTimer)
    prvResetNextTaskUnblockTime              0x00001225   Thumb Code    38  tasks.o(.text.prvResetNextTaskUnblockTime)
    [Anonymous Symbol]                       0x00001224   Section        0  tasks.o(.text.prvResetNextTaskUnblockTime)
    prvSampleTimeNow                         0x0000124d   Thumb Code    42  timers.o(.text.prvSampleTimeNow)
    [Anonymous Symbol]                       0x0000124c   Section        0  timers.o(.text.prvSampleTimeNow)
    prvSwitchTimerLists                      0x00001279   Thumb Code    52  timers.o(.text.prvSwitchTimerLists)
    [Anonymous Symbol]                       0x00001278   Section        0  timers.o(.text.prvSwitchTimerLists)
    prvTaskExitError                         0x000012ad   Thumb Code    50  port.o(.text.prvTaskExitError)
    [Anonymous Symbol]                       0x000012ac   Section        0  port.o(.text.prvTaskExitError)
    prvTimerTask                             0x000012e1   Thumb Code    22  timers.o(.text.prvTimerTask)
    [Anonymous Symbol]                       0x000012e0   Section        0  timers.o(.text.prvTimerTask)
    prvUnlockQueue                           0x000012f9   Thumb Code   134  queue.o(.text.prvUnlockQueue)
    [Anonymous Symbol]                       0x000012f8   Section        0  queue.o(.text.prvUnlockQueue)
    [Anonymous Symbol]                       0x00001380   Section        0  heap_1.o(.text.pvPortMalloc)
    [Anonymous Symbol]                       0x000013ec   Section        0  tasks.o(.text.pvTaskIncrementMutexHeldCount)
    [Anonymous Symbol]                       0x00001404   Section        0  port.o(.text.pxPortInitialiseStack)
    [Anonymous Symbol]                       0x0000142c   Section        0  list.o(.text.uxListRemove)
    [Anonymous Symbol]                       0x00001450   Section        0  main.o(.text.vHandlerTask1)
    [Anonymous Symbol]                       0x00001470   Section        0  main.o(.text.vHandlerTask2)
    [Anonymous Symbol]                       0x00001490   Section        0  list.o(.text.vListInitialise)
    [Anonymous Symbol]                       0x000014a8   Section        0  list.o(.text.vListInitialiseItem)
    [Anonymous Symbol]                       0x000014b0   Section        0  list.o(.text.vListInsert)
    [Anonymous Symbol]                       0x000014ec   Section        0  main.o(.text.vPeriodicTask)
    vPortEnableVFP                           0x000014fd   Thumb Code    20  port.o(.text.vPortEnableVFP)
    [Anonymous Symbol]                       0x000014fc   Section        0  port.o(.text.vPortEnableVFP)
    [Anonymous Symbol]                       0x00001510   Section        0  port.o(.text.vPortEnterCritical)
    [Anonymous Symbol]                       0x00001558   Section        0  port.o(.text.vPortExitCritical)
    [Anonymous Symbol]                       0x00001588   Section        0  heap_1.o(.text.vPortFree)
    [Anonymous Symbol]                       0x000015a4   Section        0  port.o(.text.vPortSetupTimerInterrupt)
    [Anonymous Symbol]                       0x00001608   Section        0  port.o(.text.vPortSuppressTicksAndSleep)
    [Anonymous Symbol]                       0x0000171c   Section        0  port.o(.text.vPortValidateInterruptPriority)
    [Anonymous Symbol]                       0x00001760   Section        0  queue.o(.text.vQueueWaitForMessageRestricted)
    [Anonymous Symbol]                       0x000017a4   Section        0  main.o(.text.vSoftwareInterruptHandler1)
    [Anonymous Symbol]                       0x000017e8   Section        0  main.o(.text.vSoftwareInterruptHandler2)
    [Anonymous Symbol]                       0x0000182c   Section        0  tasks.o(.text.vTaskDelay)
    [Anonymous Symbol]                       0x00001880   Section        0  tasks.o(.text.vTaskInternalSetTimeOutState)
    [Anonymous Symbol]                       0x0000189c   Section        0  tasks.o(.text.vTaskMissedYield)
    [Anonymous Symbol]                       0x000018ac   Section        0  tasks.o(.text.vTaskPlaceOnEventList)
    [Anonymous Symbol]                       0x000018e0   Section        0  tasks.o(.text.vTaskPlaceOnEventListRestricted)
    [Anonymous Symbol]                       0x00001950   Section        0  tasks.o(.text.vTaskPriorityDisinheritAfterTimeout)
    [Anonymous Symbol]                       0x00001a20   Section        0  tasks.o(.text.vTaskStartScheduler)
    [Anonymous Symbol]                       0x00001abc   Section        0  tasks.o(.text.vTaskStepTick)
    [Anonymous Symbol]                       0x00001af4   Section        0  tasks.o(.text.vTaskSuspendAll)
    __tagsym$$used.0                         0x00001b04   Number         0  tasks.o(.text.vTaskSwitchContext)
    [Anonymous Symbol]                       0x00001b04   Section        0  tasks.o(.text.vTaskSwitchContext)
    [Anonymous Symbol]                       0x00001b8c   Section        0  port.o(.text.xPortStartScheduler)
    [Anonymous Symbol]                       0x00001c90   Section        0  queue.o(.text.xQueueGenericCreate)
    [Anonymous Symbol]                       0x00001ce4   Section        0  queue.o(.text.xQueueGenericReset)
    [Anonymous Symbol]                       0x00001d98   Section        0  queue.o(.text.xQueueGenericSend)
    [Anonymous Symbol]                       0x00001f68   Section        0  queue.o(.text.xQueueGiveFromISR)
    [Anonymous Symbol]                       0x00002060   Section        0  queue.o(.text.xQueueReceive)
    [Anonymous Symbol]                       0x000021e4   Section        0  queue.o(.text.xQueueSemaphoreTake)
    [Anonymous Symbol]                       0x000023ac   Section        0  tasks.o(.text.xTaskCheckForTimeOut)
    [Anonymous Symbol]                       0x00002454   Section        0  tasks.o(.text.xTaskCreate)
    [Anonymous Symbol]                       0x000024b4   Section        0  tasks.o(.text.xTaskGetSchedulerState)
    [Anonymous Symbol]                       0x000024dc   Section        0  tasks.o(.text.xTaskGetTickCount)
    [Anonymous Symbol]                       0x000024e8   Section        0  tasks.o(.text.xTaskIncrementTick)
    [Anonymous Symbol]                       0x00002694   Section        0  tasks.o(.text.xTaskPriorityDisinherit)
    [Anonymous Symbol]                       0x00002758   Section        0  tasks.o(.text.xTaskPriorityInherit)
    [Anonymous Symbol]                       0x00002818   Section        0  tasks.o(.text.xTaskRemoveFromEventList)
    [Anonymous Symbol]                       0x00002910   Section        0  tasks.o(.text.xTaskResumeAll)
    [Anonymous Symbol]                       0x00002a7c   Section        0  timers.o(.text.xTimerCreateTimerTask)
    i.GPIODirModeSet                         0x00002adc   Section        0  gpio.o(i.GPIODirModeSet)
    i.GPIOPadConfigSet                       0x00002b04   Section        0  gpio.o(i.GPIOPadConfigSet)
    i.GPIOPinRead                            0x00002c74   Section        0  gpio.o(i.GPIOPinRead)
    i.GPIOPinTypeGPIOOutput                  0x00002c7a   Section        0  gpio.o(i.GPIOPinTypeGPIOOutput)
    i.GPIOPinWrite                           0x00002c96   Section        0  gpio.o(i.GPIOPinWrite)
    i.IntEnable                              0x00002c9c   Section        0  interrupt.o(i.IntEnable)
    i.IntRegister                            0x00002d00   Section        0  interrupt.o(i.IntRegister)
    i.SysCtlPeripheralEnable                 0x00002d34   Section        0  sysctl.o(i.SysCtlPeripheralEnable)
    i.SysCtlPeripheralReady                  0x00002d5c   Section        0  sysctl.o(i.SysCtlPeripheralReady)
    i.TimerConfigure                         0x00002d88   Section        0  timer.o(i.TimerConfigure)
    i.TimerDisable                           0x00002de8   Section        0  timer.o(i.TimerDisable)
    i.TimerEnable                            0x00002df8   Section        0  timer.o(i.TimerEnable)
    i.TimerIntClear                          0x00002e06   Section        0  timer.o(i.TimerIntClear)
    i.TimerIntEnable                         0x00002e0a   Section        0  timer.o(i.TimerIntEnable)
    i.TimerIntRegister                       0x00002e14   Section        0  timer.o(i.TimerIntRegister)
    i.TimerLoadSet                           0x00002e7c   Section        0  timer.o(i.TimerLoadSet)
    $v0                                      0x00002e8e   Number         0  fpinit.o(x$fpl$fpinit)
    x$fpl$fpinit                             0x00002e8e   Section       26  fpinit.o(x$fpl$fpinit)
    g_pui32Priority                          0x00002ea8   Data          32  interrupt.o(.constdata)
    .constdata                               0x00002ea8   Section      268  interrupt.o(.constdata)
    g_pui32Regs                              0x00002ec8   Data         156  interrupt.o(.constdata)
    g_pui32EnRegs                            0x00002f64   Data          20  interrupt.o(.constdata)
    g_pui32Dii16Regs                         0x00002f78   Data          20  interrupt.o(.constdata)
    g_pui32PendRegs                          0x00002f8c   Data          20  interrupt.o(.constdata)
    g_pui32UnpendRegs                        0x00002fa0   Data          20  interrupt.o(.constdata)
    g_ppui32TimerIntMap                      0x00002fb4   Data          96  timer.o(.constdata)
    .constdata                               0x00002fb4   Section      160  timer.o(.constdata)
    g_ppui32TimerIntMapSnowflake             0x00003014   Data          64  timer.o(.constdata)
    uxCriticalNesting                        0x20000004   Data           4  port.o(.data.uxCriticalNesting)
    [Anonymous Symbol]                       0x20000004   Section        0  port.o(.data.uxCriticalNesting)
    g_pfnRAMVectors                          0x20000400   Data         620  interrupt.o(vtable)
    vtable                                   0x20000400   Section      620  interrupt.o(vtable)
    .bss                                     0x20000670   Section       96  libspace.o(.bss)
    prvSampleTimeNow.xLastTime               0x200006d0   Data           4  timers.o(.bss.prvSampleTimeNow.xLastTime)
    [Anonymous Symbol]                       0x200006d0   Section        0  timers.o(.bss.prvSampleTimeNow.xLastTime)
    pvPortMalloc.pucAlignedHeap              0x200006d4   Data           4  heap_1.o(.bss.pvPortMalloc.pucAlignedHeap)
    [Anonymous Symbol]                       0x200006d4   Section        0  heap_1.o(.bss.pvPortMalloc.pucAlignedHeap)
    pxCurrentTimerList                       0x200006dc   Data           4  timers.o(.bss.pxCurrentTimerList)
    [Anonymous Symbol]                       0x200006dc   Section        0  timers.o(.bss.pxCurrentTimerList)
    pxDelayedTaskList                        0x200006e0   Data           4  tasks.o(.bss.pxDelayedTaskList)
    [Anonymous Symbol]                       0x200006e0   Section        0  tasks.o(.bss.pxDelayedTaskList)
    pxOverflowDelayedTaskList                0x200006e4   Data           4  tasks.o(.bss.pxOverflowDelayedTaskList)
    [Anonymous Symbol]                       0x200006e4   Section        0  tasks.o(.bss.pxOverflowDelayedTaskList)
    pxOverflowTimerList                      0x200006e8   Data           4  timers.o(.bss.pxOverflowTimerList)
    [Anonymous Symbol]                       0x200006e8   Section        0  timers.o(.bss.pxOverflowTimerList)
    pxReadyTasksLists                        0x200006ec   Data         100  tasks.o(.bss.pxReadyTasksLists)
    [Anonymous Symbol]                       0x200006ec   Section        0  tasks.o(.bss.pxReadyTasksLists)
    ucHeap                                   0x20000750   Data        4096  heap_1.o(.bss.ucHeap)
    [Anonymous Symbol]                       0x20000750   Section        0  heap_1.o(.bss.ucHeap)
    ulMaxPRIGROUPValue                       0x20001750   Data           4  port.o(.bss.ulMaxPRIGROUPValue)
    [Anonymous Symbol]                       0x20001750   Section        0  port.o(.bss.ulMaxPRIGROUPValue)
    ulStoppedTimerCompensation               0x20001754   Data           1  port.o(.bss.ulStoppedTimerCompensation)
    [Anonymous Symbol]                       0x20001754   Section        0  port.o(.bss.ulStoppedTimerCompensation)
    ulTimerCountsForOneTick                  0x20001758   Data           4  port.o(.bss.ulTimerCountsForOneTick)
    [Anonymous Symbol]                       0x20001758   Section        0  port.o(.bss.ulTimerCountsForOneTick)
    uxCurrentNumberOfTasks                   0x2000175c   Data           4  tasks.o(.bss.uxCurrentNumberOfTasks)
    [Anonymous Symbol]                       0x2000175c   Section        0  tasks.o(.bss.uxCurrentNumberOfTasks)
    uxDeletedTasksWaitingCleanUp             0x20001760   Data           4  tasks.o(.bss.uxDeletedTasksWaitingCleanUp)
    [Anonymous Symbol]                       0x20001760   Section        0  tasks.o(.bss.uxDeletedTasksWaitingCleanUp)
    uxSchedulerSuspended                     0x20001764   Data           4  tasks.o(.bss.uxSchedulerSuspended)
    [Anonymous Symbol]                       0x20001764   Section        0  tasks.o(.bss.uxSchedulerSuspended)
    uxTaskNumber                             0x20001768   Data           4  tasks.o(.bss.uxTaskNumber)
    [Anonymous Symbol]                       0x20001768   Section        0  tasks.o(.bss.uxTaskNumber)
    uxTopReadyPriority                       0x2000176c   Data           4  tasks.o(.bss.uxTopReadyPriority)
    [Anonymous Symbol]                       0x2000176c   Section        0  tasks.o(.bss.uxTopReadyPriority)
    xActiveTimerList1                        0x20001770   Data          20  timers.o(.bss.xActiveTimerList1)
    [Anonymous Symbol]                       0x20001770   Section        0  timers.o(.bss.xActiveTimerList1)
    xActiveTimerList2                        0x20001784   Data          20  timers.o(.bss.xActiveTimerList2)
    [Anonymous Symbol]                       0x20001784   Section        0  timers.o(.bss.xActiveTimerList2)
    xDelayedTaskList1                        0x200017a0   Data          20  tasks.o(.bss.xDelayedTaskList1)
    [Anonymous Symbol]                       0x200017a0   Section        0  tasks.o(.bss.xDelayedTaskList1)
    xDelayedTaskList2                        0x200017b4   Data          20  tasks.o(.bss.xDelayedTaskList2)
    [Anonymous Symbol]                       0x200017b4   Section        0  tasks.o(.bss.xDelayedTaskList2)
    xIdleTaskHandle                          0x200017c8   Data           4  tasks.o(.bss.xIdleTaskHandle)
    [Anonymous Symbol]                       0x200017c8   Section        0  tasks.o(.bss.xIdleTaskHandle)
    xMaximumPossibleSuppressedTicks          0x200017cc   Data           4  port.o(.bss.xMaximumPossibleSuppressedTicks)
    [Anonymous Symbol]                       0x200017cc   Section        0  port.o(.bss.xMaximumPossibleSuppressedTicks)
    xNextFreeByte                            0x200017d0   Data           4  heap_1.o(.bss.xNextFreeByte)
    [Anonymous Symbol]                       0x200017d0   Section        0  heap_1.o(.bss.xNextFreeByte)
    xNextTaskUnblockTime                     0x200017d4   Data           4  tasks.o(.bss.xNextTaskUnblockTime)
    [Anonymous Symbol]                       0x200017d4   Section        0  tasks.o(.bss.xNextTaskUnblockTime)
    xNumOfOverflows                          0x200017d8   Data           4  tasks.o(.bss.xNumOfOverflows)
    [Anonymous Symbol]                       0x200017d8   Section        0  tasks.o(.bss.xNumOfOverflows)
    xPendedTicks                             0x200017dc   Data           4  tasks.o(.bss.xPendedTicks)
    [Anonymous Symbol]                       0x200017dc   Section        0  tasks.o(.bss.xPendedTicks)
    xPendingReadyList                        0x200017e0   Data          20  tasks.o(.bss.xPendingReadyList)
    [Anonymous Symbol]                       0x200017e0   Section        0  tasks.o(.bss.xPendingReadyList)
    xSchedulerRunning                        0x200017f4   Data           4  tasks.o(.bss.xSchedulerRunning)
    [Anonymous Symbol]                       0x200017f4   Section        0  tasks.o(.bss.xSchedulerRunning)
    xSuspendedTaskList                       0x200017f8   Data          20  tasks.o(.bss.xSuspendedTaskList)
    [Anonymous Symbol]                       0x200017f8   Section        0  tasks.o(.bss.xSuspendedTaskList)
    xTasksWaitingTermination                 0x2000180c   Data          20  tasks.o(.bss.xTasksWaitingTermination)
    [Anonymous Symbol]                       0x2000180c   Section        0  tasks.o(.bss.xTasksWaitingTermination)
    xTickCount                               0x20001820   Data           4  tasks.o(.bss.xTickCount)
    [Anonymous Symbol]                       0x20001820   Section        0  tasks.o(.bss.xTickCount)
    xTimerQueue                              0x20001824   Data           4  timers.o(.bss.xTimerQueue)
    [Anonymous Symbol]                       0x20001824   Section        0  timers.o(.bss.xTimerQueue)
    xTimerTaskHandle                         0x20001828   Data           4  timers.o(.bss.xTimerTaskHandle)
    [Anonymous Symbol]                       0x20001828   Section        0  timers.o(.bss.xTimerTaskHandle)
    xYieldPending                            0x2000182c   Data           4  tasks.o(.bss.xYieldPending)
    [Anonymous Symbol]                       0x2000182c   Section        0  tasks.o(.bss.xYieldPending)
    Heap_Mem                                 0x20001830   Data           0  startup_tm4c123.o(HEAP)
    Stack_Mem                                0x20001830   Data         512  startup_tm4c123.o(STACK)
    HEAP                                     0x20001830   Section        0  startup_tm4c123.o(HEAP)
    STACK                                    0x20001830   Section      512  startup_tm4c123.o(STACK)
    __initial_sp                             0x20001a30   Data           0  startup_tm4c123.o(STACK)

    Global Symbols

    Symbol Name                              Value     Ov Type        Size  Object(Section)

    BuildAttributes$$THM_ISAv4$E$P$D$K$B$S$7EM$VFPi3$EXTD16$VFPS$VFMA$PE$A:L22UL41UL21$X:L11$S22US41US21$IEEE1$IW$~IW$USESV6$~STKCKD$USESV7$~SHL$OTIME$ROPI$EBA8$UX$STANDARDLIB$REQ8$PRES8$EABIv2 0x00000000   Number         0  anon$$obj.o ABSOLUTE
    __Vectors                                0x00000000   Data           4  startup_tm4c123.o(RESET)
    __ARM_exceptions_init                     - Undefined Weak Reference
    __alloca_initialize                       - Undefined Weak Reference
    __arm_preinit_                            - Undefined Weak Reference
    __cpp_initialize__aeabi_                  - Undefined Weak Reference
    __cxa_finalize                            - Undefined Weak Reference
    __rt_locale                               - Undefined Weak Reference
    __sigvec_lookup                           - Undefined Weak Reference
    _atexit_init                              - Undefined Weak Reference
    _call_atexit_fns                          - Undefined Weak Reference
    _clock_init                               - Undefined Weak Reference
    _fp_trap_init                             - Undefined Weak Reference
    _fp_trap_shutdown                         - Undefined Weak Reference
    _get_lc_collate                           - Undefined Weak Reference
    _get_lc_ctype                             - Undefined Weak Reference
    _get_lc_monetary                          - Undefined Weak Reference
    _get_lc_numeric                           - Undefined Weak Reference
    _get_lc_time                              - Undefined Weak Reference
    _getenv_init                              - Undefined Weak Reference
    _handle_redirection                       - Undefined Weak Reference
    _init_alloc                               - Undefined Weak Reference
    _init_user_alloc                          - Undefined Weak Reference
    _initio                                   - Undefined Weak Reference
    _rand_init                                - Undefined Weak Reference
    _signal_finish                            - Undefined Weak Reference
    _signal_init                              - Undefined Weak Reference
    _terminate_alloc                          - Undefined Weak Reference
    _terminate_user_alloc                     - Undefined Weak Reference
    _terminateio                              - Undefined Weak Reference
    __Vectors_End                            0x0000026c   Data           0  startup_tm4c123.o(RESET)
    __Vectors_Size                           0x0000026c   Number         0  startup_tm4c123.o ABSOLUTE
    __main                                   0x0000026d   Thumb Code     8  __main.o(!!!main)
    __scatterload                            0x00000275   Thumb Code     0  __scatter.o(!!!scatter)
    __scatterload_rt2                        0x00000275   Thumb Code    44  __scatter.o(!!!scatter)
    __scatterload_rt2_thumb_only             0x00000275   Thumb Code     0  __scatter.o(!!!scatter)
    __scatterload_null                       0x00000283   Thumb Code     0  __scatter.o(!!!scatter)
    __decompress                             0x000002a9   Thumb Code    58  __dczerorl.o(!!dczerorl)
    __decompress0                            0x000002a9   Thumb Code     0  __dczerorl.o(!!dczerorl)
    __scatterload_zeroinit                   0x000002e5   Thumb Code    28  __scatter_zi.o(!!handler_zi)
    __rt_lib_init                            0x00000301   Thumb Code     0  libinit.o(.ARM.Collect$$libinit$$00000000)
    __rt_lib_init_fp_1                       0x00000303   Thumb Code     0  libinit2.o(.ARM.Collect$$libinit$$00000001)
    __rt_lib_init_alloca_1                   0x00000307   Thumb Code     0  libinit2.o(.ARM.Collect$$libinit$$0000002E)
    __rt_lib_init_argv_1                     0x00000307   Thumb Code     0  libinit2.o(.ARM.Collect$$libinit$$0000002C)
    __rt_lib_init_atexit_1                   0x00000307   Thumb Code     0  libinit2.o(.ARM.Collect$$libinit$$0000001B)
    __rt_lib_init_clock_1                    0x00000307   Thumb Code     0  libinit2.o(.ARM.Collect$$libinit$$00000021)
    __rt_lib_init_cpp_1                      0x00000307   Thumb Code     0  libinit2.o(.ARM.Collect$$libinit$$00000032)
    __rt_lib_init_exceptions_1               0x00000307   Thumb Code     0  libinit2.o(.ARM.Collect$$libinit$$00000030)
    __rt_lib_init_fp_trap_1                  0x00000307   Thumb Code     0  libinit2.o(.ARM.Collect$$libinit$$0000001F)
    __rt_lib_init_getenv_1                   0x00000307   Thumb Code     0  libinit2.o(.ARM.Collect$$libinit$$00000023)
    __rt_lib_init_heap_1                     0x00000307   Thumb Code     0  libinit2.o(.ARM.Collect$$libinit$$0000000A)
    __rt_lib_init_lc_collate_1               0x00000307   Thumb Code     0  libinit2.o(.ARM.Collect$$libinit$$00000011)
    __rt_lib_init_lc_ctype_1                 0x00000307   Thumb Code     0  libinit2.o(.ARM.Collect$$libinit$$00000013)
    __rt_lib_init_lc_monetary_1              0x00000307   Thumb Code     0  libinit2.o(.ARM.Collect$$libinit$$00000015)
    __rt_lib_init_lc_numeric_1               0x00000307   Thumb Code     0  libinit2.o(.ARM.Collect$$libinit$$00000017)
    __rt_lib_init_lc_time_1                  0x00000307   Thumb Code     0  libinit2.o(.ARM.Collect$$libinit$$00000019)
    __rt_lib_init_preinit_1                  0x00000307   Thumb Code     0  libinit2.o(.ARM.Collect$$libinit$$00000004)
    __rt_lib_init_rand_1                     0x00000307   Thumb Code     0  libinit2.o(.ARM.Collect$$libinit$$0000000E)
    __rt_lib_init_return                     0x00000307   Thumb Code     0  libinit2.o(.ARM.Collect$$libinit$$00000033)
    __rt_lib_init_signal_1                   0x00000307   Thumb Code     0  libinit2.o(.ARM.Collect$$libinit$$0000001D)
    __rt_lib_init_stdio_1                    0x00000307   Thumb Code     0  libinit2.o(.ARM.Collect$$libinit$$00000025)
    __rt_lib_init_user_alloc_1               0x00000307   Thumb Code     0  libinit2.o(.ARM.Collect$$libinit$$0000000C)
    __rt_lib_shutdown                        0x00000309   Thumb Code     0  libshutdown.o(.ARM.Collect$$libshutdown$$00000000)
    __rt_lib_shutdown_cpp_1                  0x0000030b   Thumb Code     0  libshutdown2.o(.ARM.Collect$$libshutdown$$00000002)
    __rt_lib_shutdown_fp_trap_1              0x0000030b   Thumb Code     0  libshutdown2.o(.ARM.Collect$$libshutdown$$00000007)
    __rt_lib_shutdown_heap_1                 0x0000030b   Thumb Code     0  libshutdown2.o(.ARM.Collect$$libshutdown$$0000000F)
    __rt_lib_shutdown_return                 0x0000030b   Thumb Code     0  libshutdown2.o(.ARM.Collect$$libshutdown$$00000010)
    __rt_lib_shutdown_signal_1               0x0000030b   Thumb Code     0  libshutdown2.o(.ARM.Collect$$libshutdown$$0000000A)
    __rt_lib_shutdown_stdio_1                0x0000030b   Thumb Code     0  libshutdown2.o(.ARM.Collect$$libshutdown$$00000004)
    __rt_lib_shutdown_user_alloc_1           0x0000030b   Thumb Code     0  libshutdown2.o(.ARM.Collect$$libshutdown$$0000000C)
    __rt_entry                               0x0000030d   Thumb Code     0  __rtentry.o(.ARM.Collect$$rtentry$$00000000)
    __rt_entry_presh_1                       0x0000030d   Thumb Code     0  __rtentry2.o(.ARM.Collect$$rtentry$$00000002)
    __rt_entry_sh                            0x0000030d   Thumb Code     0  __rtentry4.o(.ARM.Collect$$rtentry$$00000004)
    __rt_entry_li                            0x00000313   Thumb Code     0  __rtentry2.o(.ARM.Collect$$rtentry$$0000000A)
    __rt_entry_postsh_1                      0x00000313   Thumb Code     0  __rtentry2.o(.ARM.Collect$$rtentry$$00000009)
    __rt_entry_main                          0x00000317   Thumb Code     0  __rtentry2.o(.ARM.Collect$$rtentry$$0000000D)
    __rt_entry_postli_1                      0x00000317   Thumb Code     0  __rtentry2.o(.ARM.Collect$$rtentry$$0000000C)
    __rt_exit                                0x0000031f   Thumb Code     0  rtexit.o(.ARM.Collect$$rtexit$$00000000)
    __rt_exit_ls                             0x00000321   Thumb Code     0  rtexit2.o(.ARM.Collect$$rtexit$$00000003)
    __rt_exit_prels_1                        0x00000321   Thumb Code     0  rtexit2.o(.ARM.Collect$$rtexit$$00000002)
    __rt_exit_exit                           0x00000325   Thumb Code     0  rtexit2.o(.ARM.Collect$$rtexit$$00000004)
    Reset_Handler                            0x0000032d   Thumb Code     8  startup_tm4c123.o(.text)
    NMI_Handler                              0x00000335   Thumb Code     2  startup_tm4c123.o(.text)
    HardFault_Handler                        0x00000337   Thumb Code     2  startup_tm4c123.o(.text)
    MemManage_Handler                        0x00000339   Thumb Code     2  startup_tm4c123.o(.text)
    BusFault_Handler                         0x0000033b   Thumb Code     2  startup_tm4c123.o(.text)
    UsageFault_Handler                       0x0000033d   Thumb Code     2  startup_tm4c123.o(.text)
    DebugMon_Handler                         0x00000341   Thumb Code     2  startup_tm4c123.o(.text)
    GPIOA_Handler                            0x00000347   Thumb Code     2  startup_tm4c123.o(.text)
    GPIOB_Handler                            0x00000349   Thumb Code     2  startup_tm4c123.o(.text)
    GPIOC_Handler                            0x0000034b   Thumb Code     2  startup_tm4c123.o(.text)
    GPIOD_Handler                            0x0000034d   Thumb Code     2  startup_tm4c123.o(.text)
    GPIOE_Handler                            0x0000034f   Thumb Code     2  startup_tm4c123.o(.text)
    UART0_Handler                            0x00000351   Thumb Code     2  startup_tm4c123.o(.text)
    UART1_Handler                            0x00000353   Thumb Code     2  startup_tm4c123.o(.text)
    SSI0_Handler                             0x00000355   Thumb Code     2  startup_tm4c123.o(.text)
    I2C0_Handler                             0x00000357   Thumb Code     2  startup_tm4c123.o(.text)
    PMW0_FAULT_Handler                       0x00000359   Thumb Code     2  startup_tm4c123.o(.text)
    PWM0_0_Handler                           0x0000035b   Thumb Code     2  startup_tm4c123.o(.text)
    PWM0_1_Handler                           0x0000035d   Thumb Code     2  startup_tm4c123.o(.text)
    PWM0_2_Handler                           0x0000035f   Thumb Code     2  startup_tm4c123.o(.text)
    QEI0_Handler                             0x00000361   Thumb Code     2  startup_tm4c123.o(.text)
    ADC0SS0_Handler                          0x00000363   Thumb Code     2  startup_tm4c123.o(.text)
    ADC0SS1_Handler                          0x00000365   Thumb Code     2  startup_tm4c123.o(.text)
    ADC0SS2_Handler                          0x00000367   Thumb Code     2  startup_tm4c123.o(.text)
    ADC0SS3_Handler                          0x00000369   Thumb Code     2  startup_tm4c123.o(.text)
    WDT0_Handler                             0x0000036b   Thumb Code     2  startup_tm4c123.o(.text)
    TIMER0A_Handler                          0x0000036d   Thumb Code     2  startup_tm4c123.o(.text)
    TIMER0B_Handler                          0x0000036f   Thumb Code     2  startup_tm4c123.o(.text)
    TIMER1A_Handler                          0x00000371   Thumb Code     2  startup_tm4c123.o(.text)
    TIMER1B_Handler                          0x00000373   Thumb Code     2  startup_tm4c123.o(.text)
    TIMER2A_Handler                          0x00000375   Thumb Code     2  startup_tm4c123.o(.text)
    TIMER2B_Handler                          0x00000377   Thumb Code     2  startup_tm4c123.o(.text)
    COMP0_Handler                            0x00000379   Thumb Code     2  startup_tm4c123.o(.text)
    COMP1_Handler                            0x0000037b   Thumb Code     2  startup_tm4c123.o(.text)
    COMP2_Handler                            0x0000037d   Thumb Code     2  startup_tm4c123.o(.text)
    SYSCTL_Handler                           0x0000037f   Thumb Code     2  startup_tm4c123.o(.text)
    FLASH_Handler                            0x00000381   Thumb Code     2  startup_tm4c123.o(.text)
    GPIOF_Handler                            0x00000383   Thumb Code     2  startup_tm4c123.o(.text)
    GPIOG_Handler                            0x00000385   Thumb Code     2  startup_tm4c123.o(.text)
    GPIOH_Handler                            0x00000387   Thumb Code     2  startup_tm4c123.o(.text)
    UART2_Handler                            0x00000389   Thumb Code     2  startup_tm4c123.o(.text)
    SSI1_Handler                             0x0000038b   Thumb Code     2  startup_tm4c123.o(.text)
    TIMER3A_Handler                          0x0000038d   Thumb Code     2  startup_tm4c123.o(.text)
    TIMER3B_Handler                          0x0000038f   Thumb Code     2  startup_tm4c123.o(.text)
    I2C1_Handler                             0x00000391   Thumb Code     2  startup_tm4c123.o(.text)
    QEI1_Handler                             0x00000393   Thumb Code     2  startup_tm4c123.o(.text)
    CAN0_Handler                             0x00000395   Thumb Code     2  startup_tm4c123.o(.text)
    CAN1_Handler                             0x00000397   Thumb Code     2  startup_tm4c123.o(.text)
    CAN2_Handler                             0x00000399   Thumb Code     2  startup_tm4c123.o(.text)
    HIB_Handler                              0x0000039b   Thumb Code     2  startup_tm4c123.o(.text)
    USB0_Handler                             0x0000039d   Thumb Code     2  startup_tm4c123.o(.text)
    PWM0_3_Handler                           0x0000039f   Thumb Code     2  startup_tm4c123.o(.text)
    UDMA_Handler                             0x000003a1   Thumb Code     2  startup_tm4c123.o(.text)
    UDMAERR_Handler                          0x000003a3   Thumb Code     2  startup_tm4c123.o(.text)
    ADC1SS0_Handler                          0x000003a5   Thumb Code     2  startup_tm4c123.o(.text)
    ADC1SS1_Handler                          0x000003a7   Thumb Code     2  startup_tm4c123.o(.text)
    ADC1SS2_Handler                          0x000003a9   Thumb Code     2  startup_tm4c123.o(.text)
    ADC1SS3_Handler                          0x000003ab   Thumb Code     2  startup_tm4c123.o(.text)
    GPIOJ_Handler                            0x000003ad   Thumb Code     2  startup_tm4c123.o(.text)
    GPIOK_Handler                            0x000003af   Thumb Code     2  startup_tm4c123.o(.text)
    GPIOL_Handler                            0x000003b1   Thumb Code     2  startup_tm4c123.o(.text)
    SSI2_Handler                             0x000003b3   Thumb Code     2  startup_tm4c123.o(.text)
    SSI3_Handler                             0x000003b5   Thumb Code     2  startup_tm4c123.o(.text)
    UART3_Handler                            0x000003b7   Thumb Code     2  startup_tm4c123.o(.text)
    UART4_Handler                            0x000003b9   Thumb Code     2  startup_tm4c123.o(.text)
    UART5_Handler                            0x000003bb   Thumb Code     2  startup_tm4c123.o(.text)
    UART6_Handler                            0x000003bd   Thumb Code     2  startup_tm4c123.o(.text)
    UART7_Handler                            0x000003bf   Thumb Code     2  startup_tm4c123.o(.text)
    I2C2_Handler                             0x000003c1   Thumb Code     2  startup_tm4c123.o(.text)
    I2C3_Handler                             0x000003c3   Thumb Code     2  startup_tm4c123.o(.text)
    TIMER4A_Handler                          0x000003c5   Thumb Code     2  startup_tm4c123.o(.text)
    TIMER4B_Handler                          0x000003c7   Thumb Code     2  startup_tm4c123.o(.text)
    TIMER5A_Handler                          0x000003c9   Thumb Code     2  startup_tm4c123.o(.text)
    TIMER5B_Handler                          0x000003cb   Thumb Code     2  startup_tm4c123.o(.text)
    WTIMER0A_Handler                         0x000003cd   Thumb Code     2  startup_tm4c123.o(.text)
    WTIMER0B_Handler                         0x000003cf   Thumb Code     2  startup_tm4c123.o(.text)
    WTIMER1A_Handler                         0x000003d1   Thumb Code     2  startup_tm4c123.o(.text)
    WTIMER1B_Handler                         0x000003d3   Thumb Code     2  startup_tm4c123.o(.text)
    WTIMER2A_Handler                         0x000003d5   Thumb Code     2  startup_tm4c123.o(.text)
    WTIMER2B_Handler                         0x000003d7   Thumb Code     2  startup_tm4c123.o(.text)
    WTIMER3A_Handler                         0x000003d9   Thumb Code     2  startup_tm4c123.o(.text)
    WTIMER3B_Handler                         0x000003db   Thumb Code     2  startup_tm4c123.o(.text)
    WTIMER4A_Handler                         0x000003dd   Thumb Code     2  startup_tm4c123.o(.text)
    WTIMER4B_Handler                         0x000003df   Thumb Code     2  startup_tm4c123.o(.text)
    WTIMER5A_Handler                         0x000003e1   Thumb Code     2  startup_tm4c123.o(.text)
    WTIMER5B_Handler                         0x000003e3   Thumb Code     2  startup_tm4c123.o(.text)
    FPU_Handler                              0x000003e5   Thumb Code     2  startup_tm4c123.o(.text)
    I2C4_Handler                             0x000003e7   Thumb Code     2  startup_tm4c123.o(.text)
    I2C5_Handler                             0x000003e9   Thumb Code     2  startup_tm4c123.o(.text)
    GPIOM_Handler                            0x000003eb   Thumb Code     2  startup_tm4c123.o(.text)
    GPION_Handler                            0x000003ed   Thumb Code     2  startup_tm4c123.o(.text)
    QEI2_Handler                             0x000003ef   Thumb Code     2  startup_tm4c123.o(.text)
    GPIOP0_Handler                           0x000003f1   Thumb Code     2  startup_tm4c123.o(.text)
    GPIOP1_Handler                           0x000003f3   Thumb Code     2  startup_tm4c123.o(.text)
    GPIOP2_Handler                           0x000003f5   Thumb Code     2  startup_tm4c123.o(.text)
    GPIOP3_Handler                           0x000003f7   Thumb Code     2  startup_tm4c123.o(.text)
    GPIOP4_Handler                           0x000003f9   Thumb Code     2  startup_tm4c123.o(.text)
    GPIOP5_Handler                           0x000003fb   Thumb Code     2  startup_tm4c123.o(.text)
    GPIOP6_Handler                           0x000003fd   Thumb Code     2  startup_tm4c123.o(.text)
    GPIOP7_Handler                           0x000003ff   Thumb Code     2  startup_tm4c123.o(.text)
    GPIOQ0_Handler                           0x00000401   Thumb Code     2  startup_tm4c123.o(.text)
    GPIOQ1_Handler                           0x00000403   Thumb Code     2  startup_tm4c123.o(.text)
    GPIOQ2_Handler                           0x00000405   Thumb Code     2  startup_tm4c123.o(.text)
    GPIOQ3_Handler                           0x00000407   Thumb Code     2  startup_tm4c123.o(.text)
    GPIOQ4_Handler                           0x00000409   Thumb Code     2  startup_tm4c123.o(.text)
    GPIOQ5_Handler                           0x0000040b   Thumb Code     2  startup_tm4c123.o(.text)
    GPIOQ6_Handler                           0x0000040d   Thumb Code     2  startup_tm4c123.o(.text)
    GPIOQ7_Handler                           0x0000040f   Thumb Code     2  startup_tm4c123.o(.text)
    GPIOR_Handler                            0x00000411   Thumb Code     2  startup_tm4c123.o(.text)
    GPIOS_Handler                            0x00000413   Thumb Code     2  startup_tm4c123.o(.text)
    PMW1_0_Handler                           0x00000415   Thumb Code     2  startup_tm4c123.o(.text)
    PWM1_1_Handler                           0x00000417   Thumb Code     2  startup_tm4c123.o(.text)
    PWM1_2_Handler                           0x00000419   Thumb Code     2  startup_tm4c123.o(.text)
    PWM1_3_Handler                           0x0000041b   Thumb Code     2  startup_tm4c123.o(.text)
    PWM1_FAULT_Handler                       0x0000041d   Thumb Code     2  startup_tm4c123.o(.text)
    __user_initial_stackheap                 0x00000421   Thumb Code     0  startup_tm4c123.o(.text)
    __aeabi_memcpy                           0x00000441   Thumb Code     0  rt_memcpy_v6.o(.text)
    __rt_memcpy                              0x00000441   Thumb Code   138  rt_memcpy_v6.o(.text)
    _memcpy_lastbytes                        0x000004a7   Thumb Code     0  rt_memcpy_v6.o(.text)
    __aeabi_memset4                          0x000004cb   Thumb Code    16  aeabi_memset4.o(.text)
    __aeabi_memset8                          0x000004cb   Thumb Code     0  aeabi_memset4.o(.text)
    __use_two_region_memory                  0x000004db   Thumb Code     2  heapauxi.o(.text)
    __rt_heap_escrow$2region                 0x000004dd   Thumb Code     2  heapauxi.o(.text)
    __rt_heap_expand$2region                 0x000004df   Thumb Code     2  heapauxi.o(.text)
    __aeabi_memcpy4                          0x000004e1   Thumb Code     0  rt_memcpy_w.o(.text)
    __aeabi_memcpy8                          0x000004e1   Thumb Code     0  rt_memcpy_w.o(.text)
    __rt_memcpy_w                            0x000004e1   Thumb Code   100  rt_memcpy_w.o(.text)
    _memcpy_lastbytes_aligned                0x00000529   Thumb Code     0  rt_memcpy_w.o(.text)
    __aeabi_memclr4                          0x00000545   Thumb Code     0  rt_memclr_w.o(.text)
    __aeabi_memclr8                          0x00000545   Thumb Code     0  rt_memclr_w.o(.text)
    __rt_memclr_w                            0x00000545   Thumb Code     0  rt_memclr_w.o(.text)
    _memset_w                                0x00000549   Thumb Code    74  rt_memclr_w.o(.text)
    __user_setup_stackheap                   0x00000593   Thumb Code    74  sys_stackheap_outer.o(.text)
    exit                                     0x000005dd   Thumb Code    18  exit.o(.text)
    __user_libspace                          0x000005f1   Thumb Code     8  libspace.o(.text)
    __user_perproc_libspace                  0x000005f1   Thumb Code     0  libspace.o(.text)
    __user_perthread_libspace                0x000005f1   Thumb Code     0  libspace.o(.text)
    _sys_exit                                0x000005f9   Thumb Code     8  sys_exit.o(.text)
    __I$use$semihosting                      0x00000605   Thumb Code     0  use_no_semi.o(.text)
    __use_no_semihosting_swi                 0x00000605   Thumb Code     2  use_no_semi.o(.text)
    __semihosting_library_function           0x00000607   Thumb Code     0  indicate_semi.o(.text)
    InitTask                                 0x00000609   Thumb Code   262  main.o(.text.InitTask)
    PendSV_Handler                           0x00000711   Thumb Code   100  port.o(.text.PendSV_Handler)
    SVC_Handler                              0x00000781   Thumb Code    36  port.o(.text.SVC_Handler)
    SysTick_Handler                          0x000007a5   Thumb Code    46  port.o(.text.SysTick_Handler)
    SystemInit                               0x000007d5   Thumb Code   112  system_tm4c123.o(.text.SystemInit)
    Toggle_Blue                              0x00000845   Thumb Code    32  main.o(.text.Toggle_Blue)
    Toggle_Green                             0x00000865   Thumb Code    32  main.o(.text.Toggle_Green)
    Toggle_Red                               0x00000885   Thumb Code    32  main.o(.text.Toggle_Red)
    eTaskConfirmSleepModeStatus              0x000008a5   Thumb Code    72  tasks.o(.text.eTaskConfirmSleepModeStatus)
    main                                     0x000008ed   Thumb Code   164  main.o(.text.main)
    pvPortMalloc                             0x00001381   Thumb Code   106  heap_1.o(.text.pvPortMalloc)
    pvTaskIncrementMutexHeldCount            0x000013ed   Thumb Code    24  tasks.o(.text.pvTaskIncrementMutexHeldCount)
    pxPortInitialiseStack                    0x00001405   Thumb Code    40  port.o(.text.pxPortInitialiseStack)
    uxListRemove                             0x0000142d   Thumb Code    36  list.o(.text.uxListRemove)
    vHandlerTask1                            0x00001451   Thumb Code    32  main.o(.text.vHandlerTask1)
    vHandlerTask2                            0x00001471   Thumb Code    32  main.o(.text.vHandlerTask2)
    vListInitialise                          0x00001491   Thumb Code    22  list.o(.text.vListInitialise)
    vListInitialiseItem                      0x000014a9   Thumb Code     6  list.o(.text.vListInitialiseItem)
    vListInsert                              0x000014b1   Thumb Code    58  list.o(.text.vListInsert)
    vPeriodicTask                            0x000014ed   Thumb Code    14  main.o(.text.vPeriodicTask)
    vPortEnterCritical                       0x00001511   Thumb Code    70  port.o(.text.vPortEnterCritical)
    vPortExitCritical                        0x00001559   Thumb Code    46  port.o(.text.vPortExitCritical)
    vPortFree                                0x00001589   Thumb Code    26  heap_1.o(.text.vPortFree)
    vPortSetupTimerInterrupt                 0x000015a5   Thumb Code   100  port.o(.text.vPortSetupTimerInterrupt)
    vPortSuppressTicksAndSleep               0x00001609   Thumb Code   276  port.o(.text.vPortSuppressTicksAndSleep)
    vPortValidateInterruptPriority           0x0000171d   Thumb Code    66  port.o(.text.vPortValidateInterruptPriority)
    vQueueWaitForMessageRestricted           0x00001761   Thumb Code    68  queue.o(.text.vQueueWaitForMessageRestricted)
    vSoftwareInterruptHandler1               0x000017a5   Thumb Code    66  main.o(.text.vSoftwareInterruptHandler1)
    vSoftwareInterruptHandler2               0x000017e9   Thumb Code    68  main.o(.text.vSoftwareInterruptHandler2)
    vTaskDelay                               0x0000182d   Thumb Code    84  tasks.o(.text.vTaskDelay)
    vTaskInternalSetTimeOutState             0x00001881   Thumb Code    26  tasks.o(.text.vTaskInternalSetTimeOutState)
    vTaskMissedYield                         0x0000189d   Thumb Code    14  tasks.o(.text.vTaskMissedYield)
    vTaskPlaceOnEventList                    0x000018ad   Thumb Code    50  tasks.o(.text.vTaskPlaceOnEventList)
    vTaskPlaceOnEventListRestricted          0x000018e1   Thumb Code   110  tasks.o(.text.vTaskPlaceOnEventListRestricted)
    vTaskPriorityDisinheritAfterTimeout      0x00001951   Thumb Code   206  tasks.o(.text.vTaskPriorityDisinheritAfterTimeout)
    vTaskStartScheduler                      0x00001a21   Thumb Code   148  tasks.o(.text.vTaskStartScheduler)
    vTaskStepTick                            0x00001abd   Thumb Code    54  tasks.o(.text.vTaskStepTick)
    vTaskSuspendAll                          0x00001af5   Thumb Code    16  tasks.o(.text.vTaskSuspendAll)
    vTaskSwitchContext                       0x00001b05   Thumb Code   134  tasks.o(.text.vTaskSwitchContext)
    xPortStartScheduler                      0x00001b8d   Thumb Code   258  port.o(.text.xPortStartScheduler)
    xQueueGenericCreate                      0x00001c91   Thumb Code    82  queue.o(.text.xQueueGenericCreate)
    xQueueGenericReset                       0x00001ce5   Thumb Code   178  queue.o(.text.xQueueGenericReset)
    xQueueGenericSend                        0x00001d99   Thumb Code   464  queue.o(.text.xQueueGenericSend)
    xQueueGiveFromISR                        0x00001f69   Thumb Code   248  queue.o(.text.xQueueGiveFromISR)
    xQueueReceive                            0x00002061   Thumb Code   388  queue.o(.text.xQueueReceive)
    xQueueSemaphoreTake                      0x000021e5   Thumb Code   454  queue.o(.text.xQueueSemaphoreTake)
    xTaskCheckForTimeOut                     0x000023ad   Thumb Code   166  tasks.o(.text.xTaskCheckForTimeOut)
    xTaskCreate                              0x00002455   Thumb Code    96  tasks.o(.text.xTaskCreate)
    xTaskGetSchedulerState                   0x000024b5   Thumb Code    38  tasks.o(.text.xTaskGetSchedulerState)
    xTaskGetTickCount                        0x000024dd   Thumb Code    12  tasks.o(.text.xTaskGetTickCount)
    xTaskIncrementTick                       0x000024e9   Thumb Code   426  tasks.o(.text.xTaskIncrementTick)
    xTaskPriorityDisinherit                  0x00002695   Thumb Code   194  tasks.o(.text.xTaskPriorityDisinherit)
    xTaskPriorityInherit                     0x00002759   Thumb Code   190  tasks.o(.text.xTaskPriorityInherit)
    xTaskRemoveFromEventList                 0x00002819   Thumb Code   246  tasks.o(.text.xTaskRemoveFromEventList)
    xTaskResumeAll                           0x00002911   Thumb Code   364  tasks.o(.text.xTaskResumeAll)
    xTimerCreateTimerTask                    0x00002a7d   Thumb Code    88  timers.o(.text.xTimerCreateTimerTask)
    GPIODirModeSet                           0x00002add   Thumb Code    40  gpio.o(i.GPIODirModeSet)
    GPIOPadConfigSet                         0x00002b05   Thumb Code   354  gpio.o(i.GPIOPadConfigSet)
    GPIOPinRead                              0x00002c75   Thumb Code     6  gpio.o(i.GPIOPinRead)
    GPIOPinTypeGPIOOutput                    0x00002c7b   Thumb Code    28  gpio.o(i.GPIOPinTypeGPIOOutput)
    GPIOPinWrite                             0x00002c97   Thumb Code     6  gpio.o(i.GPIOPinWrite)
    IntEnable                                0x00002c9d   Thumb Code    92  interrupt.o(i.IntEnable)
    IntRegister                              0x00002d01   Thumb Code    44  interrupt.o(i.IntRegister)
    SysCtlPeripheralEnable                   0x00002d35   Thumb Code    36  sysctl.o(i.SysCtlPeripheralEnable)
    SysCtlPeripheralReady                    0x00002d5d   Thumb Code    40  sysctl.o(i.SysCtlPeripheralReady)
    TimerConfigure                           0x00002d89   Thumb Code    88  timer.o(i.TimerConfigure)
    TimerDisable                             0x00002de9   Thumb Code    16  timer.o(i.TimerDisable)
    TimerEnable                              0x00002df9   Thumb Code    14  timer.o(i.TimerEnable)
    TimerIntClear                            0x00002e07   Thumb Code     4  timer.o(i.TimerIntClear)
    TimerIntEnable                           0x00002e0b   Thumb Code     8  timer.o(i.TimerIntEnable)
    TimerIntRegister                         0x00002e15   Thumb Code    88  timer.o(i.TimerIntRegister)
    TimerLoadSet                             0x00002e7d   Thumb Code    18  timer.o(i.TimerLoadSet)
    _fp_init                                 0x00002e8f   Thumb Code    26  fpinit.o(x$fpl$fpinit)
    __fplib_config_fpu_vfp                   0x00002ea7   Thumb Code     0  fpinit.o(x$fpl$fpinit)
    __fplib_config_pureend_doubles           0x00002ea7   Thumb Code     0  fpinit.o(x$fpl$fpinit)
    uxTopUsedPriority                        0x00003054   Data           4  tasks.o(.rodata.uxTopUsedPriority)
    Region$$Table$$Base                      0x00003058   Number         0  anon$$obj.o(Region$$Table)
    Region$$Table$$Limit                     0x00003078   Number         0  anon$$obj.o(Region$$Table)
    SystemCoreClock                          0x20000000   Data           4  system_tm4c123.o(.data.SystemCoreClock)
    __libspace_start                         0x20000670   Data          96  libspace.o(.bss)
    __temporary_stack_top$libspace           0x200006d0   Data           0  libspace.o(.bss)
    pxCurrentTCB                             0x200006d8   Data           4  tasks.o(.bss.pxCurrentTCB)
    xBinarySemaphore1                        0x20001798   Data           4  main.o(.bss.xBinarySemaphore1)
    xBinarySemaphore2                        0x2000179c   Data           4  main.o(.bss.xBinarySemaphore2)



==============================================================================

Memory Map of the image

  Image Entry point : 0x0000032d

  Load Region LR_1 (Base: 0x00000000, Size: 0x00003a6c, Max: 0xffffffff, ABSOLUTE, COMPRESSED[0x00003418])

    Execution Region ER_RO (Exec base: 0x00000000, Load base: 0x00000000, Size: 0x00003078, Max: 0xffffffff, ABSOLUTE)

    Exec Addr    Load Addr    Size         Type   Attr      Idx    E Section Name        Object

    0x00000000   0x00000000   0x0000026c   Data   RO           34    RESET               startup_tm4c123.o
    0x0000026c   0x0000026c   0x00000008   Code   RO         1525  * !!!main             c_w.l(__main.o)
    0x00000274   0x00000274   0x00000034   Code   RO         1694    !!!scatter          c_w.l(__scatter.o)
    0x000002a8   0x000002a8   0x0000003a   Code   RO         1692    !!dczerorl          c_w.l(__dczerorl.o)
    0x000002e2   0x000002e2   0x00000002   PAD
    0x000002e4   0x000002e4   0x0000001c   Code   RO         1696    !!handler_zi        c_w.l(__scatter_zi.o)
    0x00000300   0x00000300   0x00000002   Code   RO         1556    .ARM.Collect$$libinit$$00000000  c_w.l(libinit.o)
    0x00000302   0x00000302   0x00000004   Code   RO         1562    .ARM.Collect$$libinit$$00000001  c_w.l(libinit2.o)
    0x00000306   0x00000306   0x00000000   Code   RO         1565    .ARM.Collect$$libinit$$00000004  c_w.l(libinit2.o)
    0x00000306   0x00000306   0x00000000   Code   RO         1568    .ARM.Collect$$libinit$$0000000A  c_w.l(libinit2.o)
    0x00000306   0x00000306   0x00000000   Code   RO         1570    .ARM.Collect$$libinit$$0000000C  c_w.l(libinit2.o)
    0x00000306   0x00000306   0x00000000   Code   RO         1572    .ARM.Collect$$libinit$$0000000E  c_w.l(libinit2.o)
    0x00000306   0x00000306   0x00000000   Code   RO         1575    .ARM.Collect$$libinit$$00000011  c_w.l(libinit2.o)
    0x00000306   0x00000306   0x00000000   Code   RO         1577    .ARM.Collect$$libinit$$00000013  c_w.l(libinit2.o)
    0x00000306   0x00000306   0x00000000   Code   RO         1579    .ARM.Collect$$libinit$$00000015  c_w.l(libinit2.o)
    0x00000306   0x00000306   0x00000000   Code   RO         1581    .ARM.Collect$$libinit$$00000017  c_w.l(libinit2.o)
    0x00000306   0x00000306   0x00000000   Code   RO         1583    .ARM.Collect$$libinit$$00000019  c_w.l(libinit2.o)
    0x00000306   0x00000306   0x00000000   Code   RO         1585    .ARM.Collect$$libinit$$0000001B  c_w.l(libinit2.o)
    0x00000306   0x00000306   0x00000000   Code   RO         1587    .ARM.Collect$$libinit$$0000001D  c_w.l(libinit2.o)
    0x00000306   0x00000306   0x00000000   Code   RO         1589    .ARM.Collect$$libinit$$0000001F  c_w.l(libinit2.o)
    0x00000306   0x00000306   0x00000000   Code   RO         1591    .ARM.Collect$$libinit$$00000021  c_w.l(libinit2.o)
    0x00000306   0x00000306   0x00000000   Code   RO         1593    .ARM.Collect$$libinit$$00000023  c_w.l(libinit2.o)
    0x00000306   0x00000306   0x00000000   Code   RO         1595    .ARM.Collect$$libinit$$00000025  c_w.l(libinit2.o)
    0x00000306   0x00000306   0x00000000   Code   RO         1599    .ARM.Collect$$libinit$$0000002C  c_w.l(libinit2.o)
    0x00000306   0x00000306   0x00000000   Code   RO         1601    .ARM.Collect$$libinit$$0000002E  c_w.l(libinit2.o)
    0x00000306   0x00000306   0x00000000   Code   RO         1603    .ARM.Collect$$libinit$$00000030  c_w.l(libinit2.o)
    0x00000306   0x00000306   0x00000000   Code   RO         1605    .ARM.Collect$$libinit$$00000032  c_w.l(libinit2.o)
    0x00000306   0x00000306   0x00000002   Code   RO         1606    .ARM.Collect$$libinit$$00000033  c_w.l(libinit2.o)
    0x00000308   0x00000308   0x00000002   Code   RO         1628    .ARM.Collect$$libshutdown$$00000000  c_w.l(libshutdown.o)
    0x0000030a   0x0000030a   0x00000000   Code   RO         1643    .ARM.Collect$$libshutdown$$00000002  c_w.l(libshutdown2.o)
    0x0000030a   0x0000030a   0x00000000   Code   RO         1645    .ARM.Collect$$libshutdown$$00000004  c_w.l(libshutdown2.o)
    0x0000030a   0x0000030a   0x00000000   Code   RO         1648    .ARM.Collect$$libshutdown$$00000007  c_w.l(libshutdown2.o)
    0x0000030a   0x0000030a   0x00000000   Code   RO         1651    .ARM.Collect$$libshutdown$$0000000A  c_w.l(libshutdown2.o)
    0x0000030a   0x0000030a   0x00000000   Code   RO         1653    .ARM.Collect$$libshutdown$$0000000C  c_w.l(libshutdown2.o)
    0x0000030a   0x0000030a   0x00000000   Code   RO         1656    .ARM.Collect$$libshutdown$$0000000F  c_w.l(libshutdown2.o)
    0x0000030a   0x0000030a   0x00000002   Code   RO         1657    .ARM.Collect$$libshutdown$$00000010  c_w.l(libshutdown2.o)
    0x0000030c   0x0000030c   0x00000000   Code   RO         1527    .ARM.Collect$$rtentry$$00000000  c_w.l(__rtentry.o)
    0x0000030c   0x0000030c   0x00000000   Code   RO         1533    .ARM.Collect$$rtentry$$00000002  c_w.l(__rtentry2.o)
    0x0000030c   0x0000030c   0x00000006   Code   RO         1545    .ARM.Collect$$rtentry$$00000004  c_w.l(__rtentry4.o)
    0x00000312   0x00000312   0x00000000   Code   RO         1535    .ARM.Collect$$rtentry$$00000009  c_w.l(__rtentry2.o)
    0x00000312   0x00000312   0x00000004   Code   RO         1536    .ARM.Collect$$rtentry$$0000000A  c_w.l(__rtentry2.o)
    0x00000316   0x00000316   0x00000000   Code   RO         1538    .ARM.Collect$$rtentry$$0000000C  c_w.l(__rtentry2.o)
    0x00000316   0x00000316   0x00000008   Code   RO         1539    .ARM.Collect$$rtentry$$0000000D  c_w.l(__rtentry2.o)
    0x0000031e   0x0000031e   0x00000002   Code   RO         1560    .ARM.Collect$$rtexit$$00000000  c_w.l(rtexit.o)
    0x00000320   0x00000320   0x00000000   Code   RO         1608    .ARM.Collect$$rtexit$$00000002  c_w.l(rtexit2.o)
    0x00000320   0x00000320   0x00000004   Code   RO         1609    .ARM.Collect$$rtexit$$00000003  c_w.l(rtexit2.o)
    0x00000324   0x00000324   0x00000006   Code   RO         1610    .ARM.Collect$$rtexit$$00000004  c_w.l(rtexit2.o)
    0x0000032a   0x0000032a   0x00000002   PAD
    0x0000032c   0x0000032c   0x00000114   Code   RO           35  * .text               startup_tm4c123.o
    0x00000440   0x00000440   0x0000008a   Code   RO         1519    .text               c_w.l(rt_memcpy_v6.o)
    0x000004ca   0x000004ca   0x00000010   Code   RO         1521    .text               c_w.l(aeabi_memset4.o)
    0x000004da   0x000004da   0x00000006   Code   RO         1523    .text               c_w.l(heapauxi.o)
    0x000004e0   0x000004e0   0x00000064   Code   RO         1528    .text               c_w.l(rt_memcpy_w.o)
    0x00000544   0x00000544   0x0000004e   Code   RO         1530    .text               c_w.l(rt_memclr_w.o)
    0x00000592   0x00000592   0x0000004a   Code   RO         1547    .text               c_w.l(sys_stackheap_outer.o)
    0x000005dc   0x000005dc   0x00000012   Code   RO         1549    .text               c_w.l(exit.o)
    0x000005ee   0x000005ee   0x00000002   PAD
    0x000005f0   0x000005f0   0x00000008   Code   RO         1557    .text               c_w.l(libspace.o)
    0x000005f8   0x000005f8   0x0000000c   Code   RO         1618    .text               c_w.l(sys_exit.o)
    0x00000604   0x00000604   0x00000002   Code   RO         1633    .text               c_w.l(use_no_semi.o)
    0x00000606   0x00000606   0x00000000   Code   RO         1635    .text               c_w.l(indicate_semi.o)
    0x00000606   0x00000606   0x00000002   PAD
    0x00000608   0x00000608   0x00000106   Code   RO            2    .text.InitTask      main.o
    0x0000070e   0x0000070e   0x00000002   PAD
    0x00000710   0x00000710   0x00000064   Code   RO           97    .text.PendSV_Handler  port.o
    0x00000774   0x00000774   0x0000000c   PAD
    0x00000780   0x00000780   0x00000024   Code   RO           81    .text.SVC_Handler   port.o
    0x000007a4   0x000007a4   0x0000002e   Code   RO           99    .text.SysTick_Handler  port.o
    0x000007d2   0x000007d2   0x00000002   PAD
    0x000007d4   0x000007d4   0x00000070   Code   RO           46    .text.SystemInit    system_tm4c123.o
    0x00000844   0x00000844   0x00000020   Code   RO           10    .text.Toggle_Blue   main.o
    0x00000864   0x00000864   0x00000020   Code   RO           12    .text.Toggle_Green  main.o
    0x00000884   0x00000884   0x00000020   Code   RO            8    .text.Toggle_Red    main.o
    0x000008a4   0x000008a4   0x00000048   Code   RO          319    .text.eTaskConfirmSleepModeStatus  tasks.o
    0x000008ec   0x000008ec   0x000000d4   Code   RO           20    .text.main          main.o
    0x000009c0   0x000009c0   0x000000c6   Code   RO          241    .text.prvAddCurrentTaskToDelayedList  tasks.o
    0x00000a86   0x00000a86   0x00000002   PAD
    0x00000a88   0x00000a88   0x000000ce   Code   RO          229    .text.prvAddNewTaskToReadyList  tasks.o
    0x00000b56   0x00000b56   0x00000002   PAD
    0x00000b58   0x00000b58   0x0000005a   Code   RO          395    .text.prvCheckForValidListAndQueue  timers.o
    0x00000bb2   0x00000bb2   0x00000002   PAD
    0x00000bb4   0x00000bb4   0x0000004e   Code   RO          359    .text.prvCheckTasksWaitingTermination  tasks.o
    0x00000c02   0x00000c02   0x00000002   PAD
    0x00000c04   0x00000c04   0x00000026   Code   RO          175    .text.prvCopyDataFromQueue  queue.o
    0x00000c2a   0x00000c2a   0x00000002   PAD
    0x00000c2c   0x00000c2c   0x0000007a   Code   RO          161    .text.prvCopyDataToQueue  queue.o
    0x00000ca6   0x00000ca6   0x00000002   PAD
    0x00000ca8   0x00000ca8   0x00000012   Code   RO          235    .text.prvDeleteTCB  tasks.o
    0x00000cba   0x00000cba   0x00000002   PAD
    0x00000cbc   0x00000cbc   0x00000012   Code   RO          179    .text.prvGetDisinheritPriorityAfterTimeout  queue.o
    0x00000cce   0x00000cce   0x00000002   PAD
    0x00000cd0   0x00000cd0   0x00000044   Code   RO          361    .text.prvGetExpectedIdleTime  tasks.o
    0x00000d14   0x00000d14   0x00000020   Code   RO          431    .text.prvGetNextExpireTime  timers.o
    0x00000d34   0x00000d34   0x00000072   Code   RO          267    .text.prvIdleTask   tasks.o
    0x00000da6   0x00000da6   0x00000002   PAD
    0x00000da8   0x00000da8   0x00000024   Code   RO          141    .text.prvInitialiseNewQueue  queue.o
    0x00000dcc   0x00000dcc   0x000000aa   Code   RO          227    .text.prvInitialiseNewTask  tasks.o
    0x00000e76   0x00000e76   0x00000002   PAD
    0x00000e78   0x00000e78   0x0000006e   Code   RO          357    .text.prvInitialiseTaskLists  tasks.o
    0x00000ee6   0x00000ee6   0x00000002   PAD
    0x00000ee8   0x00000ee8   0x00000040   Code   RO          445    .text.prvInsertTimerInActiveList  timers.o
    0x00000f28   0x00000f28   0x00000018   Code   RO          177    .text.prvIsQueueEmpty  queue.o
    0x00000f40   0x00000f40   0x0000001c   Code   RO          165    .text.prvIsQueueFull  queue.o
    0x00000f5c   0x00000f5c   0x0000008e   Code   RO          163    .text.prvNotifyQueueSetContainer  queue.o
    0x00000fea   0x00000fea   0x00000002   PAD
    0x00000fec   0x00000fec   0x00000028   Code   RO           89    .text.prvPortStartFirstTask  port.o
    0x00001014   0x00001014   0x0000003e   Code   RO          439    .text.prvProcessExpiredTimer  timers.o
    0x00001052   0x00001052   0x00000002   PAD
    0x00001054   0x00001054   0x00000112   Code   RO          435    .text.prvProcessReceivedCommands  timers.o
    0x00001166   0x00001166   0x00000002   PAD
    0x00001168   0x00001168   0x00000080   Code   RO          433    .text.prvProcessTimerOrBlockTask  timers.o
    0x000011e8   0x000011e8   0x0000003a   Code   RO          443    .text.prvReloadTimer  timers.o
    0x00001222   0x00001222   0x00000002   PAD
    0x00001224   0x00001224   0x00000026   Code   RO          233    .text.prvResetNextTaskUnblockTime  tasks.o
    0x0000124a   0x0000124a   0x00000002   PAD
    0x0000124c   0x0000124c   0x0000002a   Code   RO          437    .text.prvSampleTimeNow  timers.o
    0x00001276   0x00001276   0x00000002   PAD
    0x00001278   0x00001278   0x00000034   Code   RO          441    .text.prvSwitchTimerLists  timers.o
    0x000012ac   0x000012ac   0x00000032   Code   RO           79    .text.prvTaskExitError  port.o
    0x000012de   0x000012de   0x00000002   PAD
    0x000012e0   0x000012e0   0x00000016   Code   RO          397    .text.prvTimerTask  timers.o
    0x000012f6   0x000012f6   0x00000002   PAD
    0x000012f8   0x000012f8   0x00000086   Code   RO          167    .text.prvUnlockQueue  queue.o
    0x0000137e   0x0000137e   0x00000002   PAD
    0x00001380   0x00001380   0x0000006a   Code   RO          118    .text.pvPortMalloc  heap_1.o
    0x000013ea   0x000013ea   0x00000002   PAD
    0x000013ec   0x000013ec   0x00000018   Code   RO          341    .text.pvTaskIncrementMutexHeldCount  tasks.o
    0x00001404   0x00001404   0x00000028   Code   RO           77    .text.pxPortInitialiseStack  port.o
    0x0000142c   0x0000142c   0x00000024   Code   RO           67    .text.uxListRemove  list.o
    0x00001450   0x00001450   0x00000020   Code   RO           14    .text.vHandlerTask1  main.o
    0x00001470   0x00001470   0x00000020   Code   RO           16    .text.vHandlerTask2  main.o
    0x00001490   0x00001490   0x00000016   Code   RO           59    .text.vListInitialise  list.o
    0x000014a6   0x000014a6   0x00000002   PAD
    0x000014a8   0x000014a8   0x00000006   Code   RO           61    .text.vListInitialiseItem  list.o
    0x000014ae   0x000014ae   0x00000002   PAD
    0x000014b0   0x000014b0   0x0000003a   Code   RO           65    .text.vListInsert   list.o
    0x000014ea   0x000014ea   0x00000002   PAD
    0x000014ec   0x000014ec   0x0000000e   Code   RO           18    .text.vPeriodicTask  main.o
    0x000014fa   0x000014fa   0x00000002   PAD
    0x000014fc   0x000014fc   0x00000014   Code   RO           87    .text.vPortEnableVFP  port.o
    0x00001510   0x00001510   0x00000046   Code   RO           93    .text.vPortEnterCritical  port.o
    0x00001556   0x00001556   0x00000002   PAD
    0x00001558   0x00001558   0x0000002e   Code   RO           95    .text.vPortExitCritical  port.o
    0x00001586   0x00001586   0x00000002   PAD
    0x00001588   0x00001588   0x0000001a   Code   RO          120    .text.vPortFree     heap_1.o
    0x000015a2   0x000015a2   0x00000002   PAD
    0x000015a4   0x000015a4   0x00000064   Code   RO           85    .text.vPortSetupTimerInterrupt  port.o
    0x00001608   0x00001608   0x00000114   Code   RO          101    .text.vPortSuppressTicksAndSleep  port.o
    0x0000171c   0x0000171c   0x00000042   Code   RO          103    .text.vPortValidateInterruptPriority  port.o
    0x0000175e   0x0000175e   0x00000002   PAD
    0x00001760   0x00001760   0x00000044   Code   RO          205    .text.vQueueWaitForMessageRestricted  queue.o
    0x000017a4   0x000017a4   0x00000042   Code   RO            4    .text.vSoftwareInterruptHandler1  main.o
    0x000017e6   0x000017e6   0x00000002   PAD
    0x000017e8   0x000017e8   0x00000044   Code   RO            6    .text.vSoftwareInterruptHandler2  main.o
    0x0000182c   0x0000182c   0x00000054   Code   RO          245    .text.vTaskDelay    tasks.o
    0x00001880   0x00001880   0x0000001a   Code   RO          309    .text.vTaskInternalSetTimeOutState  tasks.o
    0x0000189a   0x0000189a   0x00000002   PAD
    0x0000189c   0x0000189c   0x0000000e   Code   RO          313    .text.vTaskMissedYield  tasks.o
    0x000018aa   0x000018aa   0x00000002   PAD
    0x000018ac   0x000018ac   0x00000032   Code   RO          297    .text.vTaskPlaceOnEventList  tasks.o
    0x000018de   0x000018de   0x00000002   PAD
    0x000018e0   0x000018e0   0x0000006e   Code   RO          301    .text.vTaskPlaceOnEventListRestricted  tasks.o
    0x0000194e   0x0000194e   0x00000002   PAD
    0x00001950   0x00001950   0x000000ce   Code   RO          337    .text.vTaskPriorityDisinheritAfterTimeout  tasks.o
    0x00001a1e   0x00001a1e   0x00000002   PAD
    0x00001a20   0x00001a20   0x0000009c   Code   RO          265    .text.vTaskStartScheduler  tasks.o
    0x00001abc   0x00001abc   0x00000036   Code   RO          291    .text.vTaskStepTick  tasks.o
    0x00001af2   0x00001af2   0x00000002   PAD
    0x00001af4   0x00001af4   0x00000010   Code   RO          239    .text.vTaskSuspendAll  tasks.o
    0x00001b04   0x00001b04   0x00000086   Code   RO          257    .text.vTaskSwitchContext  tasks.o
    0x00001b8a   0x00001b8a   0x00000002   PAD
    0x00001b8c   0x00001b8c   0x00000102   Code   RO           83    .text.xPortStartScheduler  port.o
    0x00001c8e   0x00001c8e   0x00000002   PAD
    0x00001c90   0x00001c90   0x00000052   Code   RO          139    .text.xQueueGenericCreate  queue.o
    0x00001ce2   0x00001ce2   0x00000002   PAD
    0x00001ce4   0x00001ce4   0x000000b2   Code   RO          137    .text.xQueueGenericReset  queue.o
    0x00001d96   0x00001d96   0x00000002   PAD
    0x00001d98   0x00001d98   0x000001d0   Code   RO          153    .text.xQueueGenericSend  queue.o
    0x00001f68   0x00001f68   0x000000f8   Code   RO          171    .text.xQueueGiveFromISR  queue.o
    0x00002060   0x00002060   0x00000184   Code   RO          173    .text.xQueueReceive  queue.o
    0x000021e4   0x000021e4   0x000001c6   Code   RO          157    .text.xQueueSemaphoreTake  queue.o
    0x000023aa   0x000023aa   0x00000002   PAD
    0x000023ac   0x000023ac   0x000000a6   Code   RO          311    .text.xTaskCheckForTimeOut  tasks.o
    0x00002452   0x00002452   0x00000002   PAD
    0x00002454   0x00002454   0x00000060   Code   RO          225    .text.xTaskCreate   tasks.o
    0x000024b4   0x000024b4   0x00000026   Code   RO          331    .text.xTaskGetSchedulerState  tasks.o
    0x000024da   0x000024da   0x00000002   PAD
    0x000024dc   0x000024dc   0x0000000c   Code   RO          273    .text.xTaskGetTickCount  tasks.o
    0x000024e8   0x000024e8   0x000001aa   Code   RO          271    .text.xTaskIncrementTick  tasks.o
    0x00002692   0x00002692   0x00000002   PAD
    0x00002694   0x00002694   0x000000c2   Code   RO          335    .text.xTaskPriorityDisinherit  tasks.o
    0x00002756   0x00002756   0x00000002   PAD
    0x00002758   0x00002758   0x000000be   Code   RO          333    .text.xTaskPriorityInherit  tasks.o
    0x00002816   0x00002816   0x00000002   PAD
    0x00002818   0x00002818   0x000000f6   Code   RO          303    .text.xTaskRemoveFromEventList  tasks.o
    0x0000290e   0x0000290e   0x00000002   PAD
    0x00002910   0x00002910   0x0000016c   Code   RO          243    .text.xTaskResumeAll  tasks.o
    0x00002a7c   0x00002a7c   0x00000060   Code   RO          393    .text.xTimerCreateTimerTask  timers.o
    0x00002adc   0x00002adc   0x00000028   Code   RO          466    i.GPIODirModeSet    driverlib.lib(gpio.o)
    0x00002b04   0x00002b04   0x00000170   Code   RO          478    i.GPIOPadConfigSet  driverlib.lib(gpio.o)
    0x00002c74   0x00002c74   0x00000006   Code   RO          480    i.GPIOPinRead       driverlib.lib(gpio.o)
    0x00002c7a   0x00002c7a   0x0000001c   Code   RO          490    i.GPIOPinTypeGPIOOutput  driverlib.lib(gpio.o)
    0x00002c96   0x00002c96   0x00000006   Code   RO          508    i.GPIOPinWrite      driverlib.lib(gpio.o)
    0x00002c9c   0x00002c9c   0x00000064   Code   RO          800    i.IntEnable         driverlib.lib(interrupt.o)
    0x00002d00   0x00002d00   0x00000034   Code   RO          812    i.IntRegister       driverlib.lib(interrupt.o)
    0x00002d34   0x00002d34   0x00000028   Code   RO          949    i.SysCtlPeripheralEnable  driverlib.lib(sysctl.o)
    0x00002d5c   0x00002d5c   0x0000002c   Code   RO          953    i.SysCtlPeripheralReady  driverlib.lib(sysctl.o)
    0x00002d88   0x00002d88   0x00000060   Code   RO         1267    i.TimerConfigure    driverlib.lib(timer.o)
    0x00002de8   0x00002de8   0x00000010   Code   RO         1275    i.TimerDisable      driverlib.lib(timer.o)
    0x00002df8   0x00002df8   0x0000000e   Code   RO         1276    i.TimerEnable       driverlib.lib(timer.o)
    0x00002e06   0x00002e06   0x00000004   Code   RO         1277    i.TimerIntClear     driverlib.lib(timer.o)
    0x00002e0a   0x00002e0a   0x00000008   Code   RO         1279    i.TimerIntEnable    driverlib.lib(timer.o)
    0x00002e12   0x00002e12   0x00000002   PAD
    0x00002e14   0x00002e14   0x00000068   Code   RO         1280    i.TimerIntRegister  driverlib.lib(timer.o)
    0x00002e7c   0x00002e7c   0x00000012   Code   RO         1285    i.TimerLoadSet      driverlib.lib(timer.o)
    0x00002e8e   0x00002e8e   0x0000001a   Code   RO         1616    x$fpl$fpinit        fz_wm.l(fpinit.o)
    0x00002ea8   0x00002ea8   0x0000010c   Data   RO          816    .constdata          driverlib.lib(interrupt.o)
    0x00002fb4   0x00002fb4   0x000000a0   Data   RO         1301    .constdata          driverlib.lib(timer.o)
    0x00003054   0x00003054   0x00000004   Data   RO          364    .rodata.uxTopUsedPriority  tasks.o
    0x00003058   0x00003058   0x00000020   Data   RO         1691    Region$$Table       anon$$obj.o


    Execution Region ER_RW (Exec base: 0x20000000, Load base: 0x00003400, Size: 0x0000066c, Max: 0xffffffff, ABSOLUTE, COMPRESSED[0x00000018])

    Exec Addr    Load Addr    Size         Type   Attr      Idx    E Section Name        Object

    0x20000000   COMPRESSED   0x00000004   Data   RW           48    .data.SystemCoreClock  system_tm4c123.o
    0x20000004   COMPRESSED   0x00000004   Data   RW          106    .data.uxCriticalNesting  port.o
    0x20000008   COMPRESSED   0x000003f8   PAD
    0x20000400   COMPRESSED   0x0000026c   Data   RW          817    vtable              driverlib.lib(interrupt.o)


    Execution Region ER_ZI (Exec base: 0x20000670, Load base: 0x00003418, Size: 0x000013c0, Max: 0xffffffff, ABSOLUTE)

    Exec Addr    Load Addr    Size         Type   Attr      Idx    E Section Name        Object

    0x20000670        -       0x00000060   Zero   RW         1558    .bss                c_w.l(libspace.o)
    0x200006d0        -       0x00000004   Zero   RW          451    .bss.prvSampleTimeNow.xLastTime  timers.o
    0x200006d4        -       0x00000004   Zero   RW          126    .bss.pvPortMalloc.pucAlignedHeap  heap_1.o
    0x200006d8        -       0x00000004   Zero   RW          363    .bss.pxCurrentTCB   tasks.o
    0x200006dc        -       0x00000004   Zero   RW          449    .bss.pxCurrentTimerList  timers.o
    0x200006e0        -       0x00000004   Zero   RW          374    .bss.pxDelayedTaskList  tasks.o
    0x200006e4        -       0x00000004   Zero   RW          375    .bss.pxOverflowDelayedTaskList  tasks.o
    0x200006e8        -       0x00000004   Zero   RW          450    .bss.pxOverflowTimerList  timers.o
    0x200006ec        -       0x00000064   Zero   RW          365    .bss.pxReadyTasksLists  tasks.o
    0x20000750        -       0x00001000   Zero   RW          127    .bss.ucHeap         heap_1.o
    0x20001750        -       0x00000004   Zero   RW          105    .bss.ulMaxPRIGROUPValue  port.o
    0x20001754        -       0x00000001   Zero   RW          109    .bss.ulStoppedTimerCompensation  port.o
    0x20001755   0x00003418   0x00000003   PAD
    0x20001758        -       0x00000004   Zero   RW          108    .bss.ulTimerCountsForOneTick  port.o
    0x2000175c        -       0x00000004   Zero   RW          370    .bss.uxCurrentNumberOfTasks  tasks.o
    0x20001760        -       0x00000004   Zero   RW          369    .bss.uxDeletedTasksWaitingCleanUp  tasks.o
    0x20001764        -       0x00000004   Zero   RW          372    .bss.uxSchedulerSuspended  tasks.o
    0x20001768        -       0x00000004   Zero   RW          367    .bss.uxTaskNumber   tasks.o
    0x2000176c        -       0x00000004   Zero   RW          366    .bss.uxTopReadyPriority  tasks.o
    0x20001770        -       0x00000014   Zero   RW          452    .bss.xActiveTimerList1  timers.o
    0x20001784        -       0x00000014   Zero   RW          453    .bss.xActiveTimerList2  timers.o
    0x20001798        -       0x00000004   Zero   RW           22    .bss.xBinarySemaphore1  main.o
    0x2000179c        -       0x00000004   Zero   RW           23    .bss.xBinarySemaphore2  main.o
    0x200017a0        -       0x00000014   Zero   RW          383    .bss.xDelayedTaskList1  tasks.o
    0x200017b4        -       0x00000014   Zero   RW          384    .bss.xDelayedTaskList2  tasks.o
    0x200017c8        -       0x00000004   Zero   RW          379    .bss.xIdleTaskHandle  tasks.o
    0x200017cc        -       0x00000004   Zero   RW          107    .bss.xMaximumPossibleSuppressedTicks  port.o
    0x200017d0        -       0x00000004   Zero   RW          128    .bss.xNextFreeByte  heap_1.o
    0x200017d4        -       0x00000004   Zero   RW          380    .bss.xNextTaskUnblockTime  tasks.o
    0x200017d8        -       0x00000004   Zero   RW          382    .bss.xNumOfOverflows  tasks.o
    0x200017dc        -       0x00000004   Zero   RW          381    .bss.xPendedTicks   tasks.o
    0x200017e0        -       0x00000014   Zero   RW          378    .bss.xPendingReadyList  tasks.o
    0x200017f4        -       0x00000004   Zero   RW          371    .bss.xSchedulerRunning  tasks.o
    0x200017f8        -       0x00000014   Zero   RW          376    .bss.xSuspendedTaskList  tasks.o
    0x2000180c        -       0x00000014   Zero   RW          368    .bss.xTasksWaitingTermination  tasks.o
    0x20001820        -       0x00000004   Zero   RW          373    .bss.xTickCount     tasks.o
    0x20001824        -       0x00000004   Zero   RW          447    .bss.xTimerQueue    timers.o
    0x20001828        -       0x00000004   Zero   RW          448    .bss.xTimerTaskHandle  timers.o
    0x2000182c        -       0x00000004   Zero   RW          377    .bss.xYieldPending  tasks.o
    0x20001830        -       0x00000000   Zero   RW           33    HEAP                startup_tm4c123.o
    0x20001830        -       0x00000200   Zero   RW           32    STACK               startup_tm4c123.o


==============================================================================

Image component sizes


      Code (inc. data)   RO Data    RW Data    ZI Data      Debug   Object Name

       132          0          0          0       4104       1849   heap_1.o
       122          0          0          0          0       2339   list.o
       782         48          0          0          8       2530   main.o
      1148         16          0          4         13       5028   port.o
      2424          0          0          0          0      22855   queue.o
       276         24        620          0        512       5480   startup_tm4c123.o
       112          0          0          4          0       6530   system_tm4c123.o
      3678          8          4          0        260      34482   tasks.o
       920         18          0          0         60      12352   timers.o

    ----------------------------------------------------------------------
      9704        126        656       1024       4960      93445   Object Totals
         0          0         32          0          0          0   (incl. Generated)
       110         12          0       1016          3          0   (incl. Padding)

    ----------------------------------------------------------------------

      Code (inc. data)   RO Data    RW Data    ZI Data      Debug   Library Member Name

        58          0          0          0          0          0   __dczerorl.o
         8          0          0          0          0         68   __main.o
         0          0          0          0          0          0   __rtentry.o
        12          0          0          0          0          0   __rtentry2.o
         6          0          0          0          0          0   __rtentry4.o
        52          8          0          0          0          0   __scatter.o
        28          0          0          0          0          0   __scatter_zi.o
        16          0          0          0          0         68   aeabi_memset4.o
        18          0          0          0          0         80   exit.o
         6          0          0          0          0        152   heapauxi.o
         0          0          0          0          0          0   indicate_semi.o
         2          0          0          0          0          0   libinit.o
         6          0          0          0          0          0   libinit2.o
         2          0          0          0          0          0   libshutdown.o
         2          0          0          0          0          0   libshutdown2.o
         8          4          0          0         96         68   libspace.o
        78          0          0          0          0         80   rt_memclr_w.o
       138          0          0          0          0         68   rt_memcpy_v6.o
       100          0          0          0          0         80   rt_memcpy_w.o
         2          0          0          0          0          0   rtexit.o
        10          0          0          0          0          0   rtexit2.o
        12          4          0          0          0         68   sys_exit.o
        74          0          0          0          0         80   sys_stackheap_outer.o
         2          0          0          0          0         68   use_no_semi.o
       448         14          0          0          0       8265   gpio.o
       152         16        268        620          0       2150   interrupt.o
        84          8          0          0          0       1021   sysctl.o
       260         24        160          0          0       4845   timer.o
        26          0          0          0          0        116   fpinit.o

    ----------------------------------------------------------------------
      1620         78        428        620         96      17277   Library Totals
        10          0          0          0          0          0   (incl. Padding)

    ----------------------------------------------------------------------

      Code (inc. data)   RO Data    RW Data    ZI Data      Debug   Library Name

       640         16          0          0         96        880   c_w.l
       944         62        428        620          0      16281   driverlib.lib
        26          0          0          0          0        116   fz_wm.l

    ----------------------------------------------------------------------
      1620         78        428        620         96      17277   Library Totals

    ----------------------------------------------------------------------

==============================================================================


      Code (inc. data)   RO Data    RW Data    ZI Data      Debug   

     11324        204       1084       1644       5056     109118   Grand Totals
     11324        204       1084         24       5056     109118   ELF Image Totals (compressed)
     11324        204       1084         24          0          0   ROM Totals

==============================================================================

    Total RO  Size (Code + RO Data)                12408 (  12.12kB)
    Total RW  Size (RW Data + ZI Data)              6700 (   6.54kB)
    Total ROM Size (Code + RO Data + RW Data)      12432 (  12.14kB)

==============================================================================

