<html>
<body>
<pre>
<h1>µVision Build Log</h1>
<h2>Tool Versions:</h2>
IDE-Version: µVision V5.36.0.0
Copyright (C) 2021 ARM Ltd and ARM Germany GmbH. All rights reserved.
License Information: Youssef Abdelkader, ASU, LIC=----
 
Tool Versions:
Toolchain:       MDK-Lite  Version: 5.36.0.0
Toolchain Path:  C:\Keil_v5\ARM\ARMCLANG\Bin
C Compiler:      ArmClang.exe V6.16
Assembler:       Armasm.exe V6.16
Linker/Locator:  ArmLink.exe V6.16
Library Manager: ArmAr.exe V6.16
Hex Converter:   FromElf.exe V6.16
CPU DLL:         SARMCM3.DLL V5.36.0.0
Dialog DLL:      DCM.DLL V1.17.3.0
Target DLL:      lmidk-agdi.dll V???
Dialog DLL:      TCM.DLL V1.53.0.0
 
<h2>Project:</h2>
E:\Senior-1\SecondSemester\Embedded\2nd Semester\Lab8\FreeRTOS_Lab3.uvprojx
Project File Date:  05/11/2022

<h2>Output:</h2>
*** Using Compiler 'V6.16', folder: 'C:\Keil_v5\ARM\ARMCLANG\Bin'
Build target 'Target 1'
main.c(4): warning: In file included from...
C:/Users/youss/AppData/Local/Arm/Packs/ARM/CMSIS-FreeRTOS/10.4.6/Source/include\FreeRTOS.h(65): warning: In file included from...
C:/Users/youss/AppData/Local/Arm/Packs/ARM/CMSIS-FreeRTOS/10.4.6/Source/include/portable.h(53): warning: In file included from...
C:/Users/youss/AppData/Local/Arm/Packs/ARM/CMSIS-FreeRTOS/10.4.6/Source/portable/GCC/ARM_CM4F\portmacro.h(204): warning: shift count >= width of type [-Wshift-count-overflow]
            : "=r" ( ulNewBASEPRI ) : "i" ( configMAX_SYSCALL_INTERRUPT_PRIORITY ) : "memory"
                                            ^~~~~~~~~~~~~~~~~~~~~~~~~~~~~~~~~~~~
./RTE/RTOS\FreeRTOSConfig.h(126): note: expanded from macro 'configMAX_SYSCALL_INTERRUPT_PRIORITY'
#define configMAX_SYSCALL_INTERRUPT_PRIORITY          (configLIBRARY_MAX_SYSCALL_INTERRUPT_PRIORITY << (50 - configPRIO_BITS))
                                                                                                    ^  ~~~~~~~~~~~~~~~~~~~~~~
main.c(4): warning: In file included from...
C:/Users/youss/AppData/Local/Arm/Packs/ARM/CMSIS-FreeRTOS/10.4.6/Source/include\FreeRTOS.h(65): warning: In file included from...
C:/Users/youss/AppData/Local/Arm/Packs/ARM/CMSIS-FreeRTOS/10.4.6/Source/include/portable.h(53): warning: In file included from...
C:/Users/youss/AppData/Local/Arm/Packs/ARM/CMSIS-FreeRTOS/10.4.6/Source/portable/GCC/ARM_CM4F\portmacro.h(221): warning: shift count >= width of type [-Wshift-count-overflow]
            : "=r" ( ulOriginalBASEPRI ), "=r" ( ulNewBASEPRI ) : "i" ( configMAX_SYSCALL_INTERRUPT_PRIORITY ) : "memory"
                                                                        ^~~~~~~~~~~~~~~~~~~~~~~~~~~~~~~~~~~~
./RTE/RTOS\FreeRTOSConfig.h(126): note: expanded from macro 'configMAX_SYSCALL_INTERRUPT_PRIORITY'
#define configMAX_SYSCALL_INTERRUPT_PRIORITY          (configLIBRARY_MAX_SYSCALL_INTERRUPT_PRIORITY << (50 - configPRIO_BITS))
                                                                                                    ^  ~~~~~~~~~~~~~~~~~~~~~~
main.c(62): warning: implicit declaration of function '__enable_irq' is invalid in C99 [-Wimplicit-function-declaration]
        __enable_irq();
        ^
main.c(66): warning: unused parameter 'str' [-Wunused-parameter]
void Print(const char * str){
                        ^
main.c(79): warning: implicit conversion loses integer precision: 'int' to 'uint8_t' (aka 'unsigned char') [-Wimplicit-int-conversion]
                 (~val));
                  ^~~~
main.c(82): warning: unused parameter 'pvParameters' [-Wunused-parameter]
void LedTogglerTask(void * pvParameters){
                           ^
main.c(82): warning: function 'LedTogglerTask' could be declared with attribute 'noreturn' [-Wmissing-noreturn]
void LedTogglerTask(void * pvParameters){
                                        ^
main.c(92): warning: unused parameter 'pvParameters' [-Wunused-parameter]
void CounterTask(void * pvParameters){
                        ^
main.c(92): warning: function 'CounterTask' could be declared with attribute 'noreturn' [-Wmissing-noreturn]
void CounterTask(void * pvParameters){
                                     ^
main.c(122): warning: no newline at end of file [-Wnewline-eof]
        }
         ^
main.c(27): warning: no previous extern declaration for non-static variable 'xBinarySemaphore' [-Wmissing-variable-declarations]
xSemaphoreHandle xBinarySemaphore;
                 ^
main.c(27): note: declare 'static' if the variable is not intended to be used outside of this translation unit
xSemaphoreHandle xBinarySemaphore;
^
C:/Users/youss/AppData/Local/Arm/Packs/ARM/CMSIS-FreeRTOS/10.4.6/Source/include\FreeRTOS.h(1004): note: expanded from macro 'xSemaphoreHandle'
    #define xSemaphoreHandle              SemaphoreHandle_t
                                          ^
main.c(28): warning: no previous extern declaration for non-static variable 'xMutexSemaphore' [-Wmissing-variable-declarations]
xSemaphoreHandle xMutexSemaphore;
                 ^
main.c(28): note: declare 'static' if the variable is not intended to be used outside of this translation unit
xSemaphoreHandle xMutexSemaphore;
^
C:/Users/youss/AppData/Local/Arm/Packs/ARM/CMSIS-FreeRTOS/10.4.6/Source/include\FreeRTOS.h(1004): note: expanded from macro 'xSemaphoreHandle'
    #define xSemaphoreHandle              SemaphoreHandle_t
                                          ^
12 warnings generated.
compiling main.c...
linking...
Program Size: Code=10980 RO-data=1476 RW-data=1644 ZI-data=5056  
".\Objects\FreeRTOS_Lab3.axf" - 0 Error(s), 12 Warning(s).

<h2>Software Packages used:</h2>

Package Vendor: ARM
                http://www.keil.com/pack/ARM.CMSIS.5.8.0.pack
                ARM.CMSIS.5.8.0
                CMSIS (Common Microcontroller Software Interface Standard)
   * Component: CORE Version: 5.5.0

Package Vendor: ARM
                http://www.keil.com/pack/ARM.CMSIS-FreeRTOS.10.4.6.pack
                ARM.CMSIS-FreeRTOS.10.4.6
                Bundle of FreeRTOS for Cortex-M and Cortex-A
   * Component: Config Variant: FreeRTOS Version: 10.4.6
   * Component: Core Variant: Cortex-M Version: 10.4.6
   * Component: Heap Variant: Heap_1 Version: 10.4.6
   * Component: Timers Version: 10.4.6

Package Vendor: Keil
                http://www.keil.com/pack/Keil.TM4C_DFP.1.1.0.pack
                Keil.TM4C_DFP.1.1.0
                Texas Instruments Tiva C Series Device Support and Examples
   * Component: Startup Version: 1.0.1

<h2>Collection of Component include folders:</h2>
  .\RTE\RTOS
  .\RTE\_Target_1
  C:\Users\youss\AppData\Local\Arm\Packs\ARM\CMSIS-FreeRTOS\10.4.6\CMSIS\RTOS2\FreeRTOS\Include
  C:\Users\youss\AppData\Local\Arm\Packs\ARM\CMSIS-FreeRTOS\10.4.6\Source\include
  C:\Users\youss\AppData\Local\Arm\Packs\ARM\CMSIS-FreeRTOS\10.4.6\Source\portable\GCC\ARM_CM4F
  C:\Users\youss\AppData\Local\Arm\Packs\ARM\CMSIS\5.8.0\CMSIS\Core\Include
  C:\Users\youss\AppData\Local\Arm\Packs\Keil\TM4C_DFP\1.1.0\Device\Include\TM4C123

<h2>Collection of Component Files used:</h2>

   * Component: ARM.FreeRTOS::RTOS:Config:FreeRTOS:10.4.6
      Include file:  Config\ARMCM\FreeRTOSConfig.h

   * Component: ARM.FreeRTOS::RTOS:Core:Cortex-M:10.4.6
      Include file:  Source\include\FreeRTOS.h
      Include file:  Source\include\queue.h
      Include file:  Source\include\semphr.h
      Source file:   Source\list.c
      Include file:  Source\include\task.h
      Source file:   Source\queue.c
      Source file:   Source\tasks.c
      Source file:   Source\portable\GCC\ARM_CM4F\port.c
      Source file:   CMSIS\RTOS2\FreeRTOS\Source\freertos_evr.c

   * Component: ARM.FreeRTOS::RTOS:Heap:Heap_1:10.4.6
      Source file:   Source\portable\MemMang\heap_1.c

   * Component: ARM.FreeRTOS::RTOS:Timers:10.4.6
      Include file:  Source\include\timers.h
      Source file:   Source\timers.c

   * Component: ARM::CMSIS:CORE:5.5.0

   * Component: Keil::Device:Startup:1.0.1
      Source file:   Device\Source\system_TM4C123.c
      Source file:   Device\Source\ARM\startup_TM4C123.s
      Include file:  Device\Include\TM4C123\TM4C123.h
Build Time Elapsed:  00:00:01
</pre>
</body>
</html>
